******************************************************************************
                  MSP430 Linker PC v18.12.1                    
******************************************************************************
>> Linked Wed Mar 27 21:00:42 2019

OUTPUT FILE NAME:   <Q07_18B20_SPIOLED_MSP430F14x_CCS74.out>
ENTRY POINT SYMBOL: "_c_int00_noargs"  address: 00001dc0


MEMORY CONFIGURATION

         name            origin    length      used     unused   attr    fill
----------------------  --------  ---------  --------  --------  ----  --------
  SFR                   00000000   00000010  00000000  00000010  RWIX
  PERIPHERALS_8BIT      00000010   000000f0  00000000  000000f0  RWIX
  PERIPHERALS_16BIT     00000100   00000100  00000000  00000100  RWIX
  RAM                   00000200   00000800  000000a6  0000075a  RWIX
  INFOB                 00001000   00000080  00000000  00000080  RWIX
  INFOA                 00001080   00000080  00000000  00000080  RWIX
  FLASH                 00001100   0000eee0  000014c8  0000da18  RWIX
  INT00                 0000ffe0   00000002  00000000  00000002  RWIX
  INT01                 0000ffe2   00000002  00000002  00000000  RWIX
  INT02                 0000ffe4   00000002  00000002  00000000  RWIX
  INT03                 0000ffe6   00000002  00000002  00000000  RWIX
  INT04                 0000ffe8   00000002  00000002  00000000  RWIX
  INT05                 0000ffea   00000002  00000002  00000000  RWIX
  INT06                 0000ffec   00000002  00000002  00000000  RWIX
  INT07                 0000ffee   00000002  00000002  00000000  RWIX
  INT08                 0000fff0   00000002  00000002  00000000  RWIX
  INT09                 0000fff2   00000002  00000002  00000000  RWIX
  INT10                 0000fff4   00000002  00000002  00000000  RWIX
  INT11                 0000fff6   00000002  00000002  00000000  RWIX
  INT12                 0000fff8   00000002  00000002  00000000  RWIX
  INT13                 0000fffa   00000002  00000002  00000000  RWIX
  INT14                 0000fffc   00000002  00000002  00000000  RWIX
  RESET                 0000fffe   00000002  00000002  00000000  RWIX


SECTION ALLOCATION MAP

 output                                  attributes/
section   page    origin      length       input sections
--------  ----  ----------  ----------   ----------------
.bss       0    00000200    00000056     UNINITIALIZED
                  00000200    00000048     (.common:dev)
                  00000248    0000000c     (.common:temp)
                  00000254    00000002     (.common:p_dev)

.stack     0    000009b0    00000050     UNINITIALIZED
                  000009b0    00000002     rts430_eabi.lib : boot.c.obj (.stack)
                  000009b2    0000004e     --HOLE--

.text      0    00001100    00000db2     
                  00001100    0000025c     ds18b20.obj (.text:ds18b20_float_2_ascii)
                  0000135c    00000136     oled.obj (.text:OLED_Init)
                  00001492    000000c4     rts430_eabi.lib : fs_mpy.asm.obj (.text)
                  00001556    000000a0     ds18b20.obj (.text:ds18b20_get_temp)
                  000015f6    0000009e     main.obj (.text:DS18B20_INIT)
                  00001694    0000007e     rts430_eabi.lib : fs_tol.asm.obj (.text)
                  00001712    00000072     ds18b20.obj (.text:ds18b20_config)
                  00001784    0000006e     oled.obj (.text:OLED_ShowChar)
                  000017f2    0000006e     main.obj (.text:do_tast)
                  00001860    00000064     main.obj (.text:uart_0_send_temp)
                  000018c4    0000005e     ds18b20.obj (.text:ds18b20_read_byte)
                  00001922    0000005c     main.obj (.text:GPIO_INIT)
                  0000197e    00000058     rts430_eabi.lib : div32u.asm.obj (.text)
                  000019d6    00000056     main.obj (.text:UART_INIT)
                  00001a2c    00000056     ds18b20.obj (.text:ds18b20_write_byte)
                  00001a82    0000004e     ds18b20.obj (.text:ds18b20_init)
                  00001ad0    0000004c     oled.obj (.text:OLED_WR_Byte)
                  00001b1c    0000004a     rts430_eabi.lib : fs_cmp.asm.obj (.text)
                  00001b66    00000042                     : autoinit.c.obj (.text:__TI_auto_init_nobinit_nopinit:__TI_auto_init_nobinit_nopinit)
                  00001ba8    00000040     oled.obj (.text:OLED_Clear)
                  00001be8    00000040     rts430_eabi.lib : div32s.asm.obj (.text)
                  00001c28    0000003c     oled.obj (.text:OLED_ShowString)
                  00001c64    00000036     rts430_eabi.lib : fs_itof.asm.obj (.text)
                  00001c9a    0000002e     ds18b20.obj (.text:ds18b20_save_temp_string)
                  00001cc8    0000002c     oled.obj (.text:OLED_Set_Pos)
                  00001cf4    0000002c     main.obj (.text:main)
                  00001d20    0000002c     rts430_eabi.lib : asr16.asm.obj (.text)
                  00001d4c    0000002c                     : lsl16.asm.obj (.text)
                  00001d78    0000002a     ds18b20.obj (.text:ds18b20_read_bytes)
                  00001da2    0000001e     ds18b20.obj (.text:ds18b20_read_id)
                  00001dc0    0000001c     rts430_eabi.lib : boot.c.obj (.text:_c_int00_noargs)
                  00001ddc    0000001c     ds18b20.obj (.text:ds18b20_check_crc)
                  00001df8    00000016     main.obj (.text:uart_0_send_str)
                  00001e0e    00000014     main.obj (.text:SYSTEM_INIT)
                  00001e22    00000014     rts430_eabi.lib : copy_zero_init.c.obj (.text:decompress:ZI:__TI_zero_init_nomemset:__TI_zero_init_nomemset)
                  00001e36    00000012                     : memcpy.c.obj (.text:memcpy)
                  00001e48    00000010                     : epilog.asm.obj (.text)
                  00001e58    0000000e     main.obj (.text:uart_0_put_char)
                  00001e66    0000000c     ds18b20.obj (.text:ds18b20_hw_read_line)
                  00001e72    0000000a     ds18b20.obj (.text:ds18b20_hw_set_high)
                  00001e7c    0000000a     ds18b20.obj (.text:ds18b20_hw_set_low)
                  00001e86    0000000a     rts430_eabi.lib : fs_neg.asm.obj (.text)
                  00001e90    00000008                     : isr_trap.asm.obj (.text:_isr:__TI_ISR_TRAP)
                  00001e98    00000006                     : exit.c.obj (.text:abort)
                  00001e9e    00000006     main.obj (.text:alarm)
                  00001ea4    00000006     main.obj (.text:no_alarm)
                  00001eaa    00000004     rts430_eabi.lib : pre_init.c.obj (.text:_system_pre_init)
                  00001eae    00000002                     : startup.c.obj (.text:_system_post_cinit)
                  00001eb0    00000002     ds18b20.obj (.text:ds18b20_reset)

.const     0    00001eb2    0000070c     
                  00001eb2    000005f0     oled.obj (.const:.string:F8X16)
                  000024a2    00000100     ds18b20.obj (.const:.string:crc_table)
                  000025a2    0000000e     main.obj (.const:.string)
                  000025b0    00000008     main.obj (.const:.string:temp_str)
                  000025b8    00000006     main.obj (.const:.string:oled_welcome_str)

.cinit     0    000025be    0000000a     
                  000025be    00000004     (.cinit..bss.load) [load image, compression = zero_init]
                  000025c2    00000002     (__TI_handler_table)
                  000025c4    00000004     (__TI_cinit_table)

.binit     0    00001100    00000000     

.init_array 
*          0    00001100    00000000     UNINITIALIZED

PORT2      0    0000ffe2    00000002     
                  0000ffe2    00000002     rts430_eabi.lib : int01.asm.obj (.int01)

USART1TX   0    0000ffe4    00000002     
                  0000ffe4    00000002     rts430_eabi.lib : int02.asm.obj (.int02)

USART1RX   0    0000ffe6    00000002     
                  0000ffe6    00000002     rts430_eabi.lib : int03.asm.obj (.int03)

PORT1      0    0000ffe8    00000002     
                  0000ffe8    00000002     rts430_eabi.lib : int04.asm.obj (.int04)

TIMERA1    0    0000ffea    00000002     
                  0000ffea    00000002     rts430_eabi.lib : int05.asm.obj (.int05)

TIMERA0    0    0000ffec    00000002     
                  0000ffec    00000002     rts430_eabi.lib : int06.asm.obj (.int06)

ADC12      0    0000ffee    00000002     
                  0000ffee    00000002     rts430_eabi.lib : int07.asm.obj (.int07)

USART0TX   0    0000fff0    00000002     
                  0000fff0    00000002     rts430_eabi.lib : int08.asm.obj (.int08)

USART0RX   0    0000fff2    00000002     
                  0000fff2    00000002     rts430_eabi.lib : int09.asm.obj (.int09)

WDT        0    0000fff4    00000002     
                  0000fff4    00000002     rts430_eabi.lib : int10.asm.obj (.int10)

COMPARATORA 
*          0    0000fff6    00000002     
                  0000fff6    00000002     rts430_eabi.lib : int11.asm.obj (.int11)

TIMERB1    0    0000fff8    00000002     
                  0000fff8    00000002     rts430_eabi.lib : int12.asm.obj (.int12)

TIMERB0    0    0000fffa    00000002     
                  0000fffa    00000002     rts430_eabi.lib : int13.asm.obj (.int13)

NMI        0    0000fffc    00000002     
                  0000fffc    00000002     rts430_eabi.lib : int14.asm.obj (.int14)

.reset     0    0000fffe    00000002     
                  0000fffe    00000002     rts430_eabi.lib : boot.c.obj (.reset)

MODULE SUMMARY

       Module                 code   ro data   rw data
       ------                 ----   -------   -------
    .\
       oled.obj               664    1520      0      
       ds18b20.obj            1316   256       0      
       main.obj               658    28        86     
    +--+----------------------+------+---------+---------+
       Total:                 2638   1804      86     
                                                      
    C:\opt\ti\ccs9\ccs\tools\compiler\ti-cgt-msp430_18.12.1.LTS\lib\rts430_eabi.lib
       fs_mpy.asm.obj         196    0         0      
       fs_tol.asm.obj         126    0         0      
       div32u.asm.obj         88     0         0      
       fs_cmp.asm.obj         74     0         0      
       autoinit.c.obj         66     0         0      
       div32s.asm.obj         64     0         0      
       fs_itof.asm.obj        54     0         0      
       asr16.asm.obj          44     0         0      
       lsl16.asm.obj          44     0         0      
       boot.c.obj             28     2         0      
       copy_zero_init.c.obj   20     0         0      
       memcpy.c.obj           18     0         0      
       epilog.asm.obj         16     0         0      
       fs_neg.asm.obj         10     0         0      
       isr_trap.asm.obj       8      0         0      
       exit.c.obj             6      0         0      
       pre_init.c.obj         4      0         0      
       int01.asm.obj          0      2         0      
       int02.asm.obj          0      2         0      
       int03.asm.obj          0      2         0      
       int04.asm.obj          0      2         0      
       int05.asm.obj          0      2         0      
       int06.asm.obj          0      2         0      
       int07.asm.obj          0      2         0      
       int08.asm.obj          0      2         0      
       int09.asm.obj          0      2         0      
       int10.asm.obj          0      2         0      
       int11.asm.obj          0      2         0      
       int12.asm.obj          0      2         0      
       int13.asm.obj          0      2         0      
       int14.asm.obj          0      2         0      
       startup.c.obj          2      0         0      
    +--+----------------------+------+---------+---------+
       Total:                 868    30        0      
                                                      
       Stack:                 0      0         80     
       Linker Generated:      0      10        0      
    +--+----------------------+------+---------+---------+
       Grand Total:           3506   1844      166    


LINKER GENERATED COPY TABLES

__TI_cinit_table @ 000025c4 records: 1, size/record: 4, table size: 4
	.bss: load addr=000025be, load size=00000004 bytes, run addr=00000200, run size=00000056 bytes, compression=zero_init


LINKER GENERATED HANDLER TABLE

__TI_handler_table @ 000025c2 records: 1, size/record: 2, table size: 2
	index: 0, handler: __TI_zero_init


GLOBAL SYMBOLS: SORTED ALPHABETICALLY BY Name 

address   name                          
-------   ----                          
000001a0  ADC12CTL0                     
000001a2  ADC12CTL1                     
000001a6  ADC12IE                       
000001a4  ADC12IFG                      
000001a8  ADC12IV                       
00000080  ADC12MCTL0                    
00000081  ADC12MCTL1                    
0000008a  ADC12MCTL10                   
0000008b  ADC12MCTL11                   
0000008c  ADC12MCTL12                   
0000008d  ADC12MCTL13                   
0000008e  ADC12MCTL14                   
0000008f  ADC12MCTL15                   
00000082  ADC12MCTL2                    
00000083  ADC12MCTL3                    
00000084  ADC12MCTL4                    
00000085  ADC12MCTL5                    
00000086  ADC12MCTL6                    
00000087  ADC12MCTL7                    
00000088  ADC12MCTL8                    
00000089  ADC12MCTL9                    
00000140  ADC12MEM0                     
00000142  ADC12MEM1                     
00000154  ADC12MEM10                    
00000156  ADC12MEM11                    
00000158  ADC12MEM12                    
0000015a  ADC12MEM13                    
0000015c  ADC12MEM14                    
0000015e  ADC12MEM15                    
00000144  ADC12MEM2                     
00000146  ADC12MEM3                     
00000148  ADC12MEM4                     
0000014a  ADC12MEM5                     
0000014c  ADC12MEM6                     
0000014e  ADC12MEM7                     
00000150  ADC12MEM8                     
00000152  ADC12MEM9                     
00000057  BCSCTL1                       
00000058  BCSCTL2                       
00001e98  C$$EXIT                       
00000059  CACTL1                        
0000005a  CACTL2                        
0000005b  CAPD                          
00000056  DCOCTL                        
000015f6  DS18B20_INIT                  
00001eb2  F8X16                         
00000128  FCTL1                         
0000012a  FCTL2                         
0000012c  FCTL3                         
00001922  GPIO_INIT                     
00000000  IE1                           
00000001  IE2                           
00000002  IFG1                          
00000003  IFG2                          
00000134  MAC                           
00000136  MACS                          
00000004  ME1                           
00000005  ME2                           
00000130  MPY                           
00000132  MPYS                          
00001ba8  OLED_Clear                    
0000135c  OLED_Init                     
00001cc8  OLED_Set_Pos                  
00001784  OLED_ShowChar                 
00001c28  OLED_ShowString               
00001ad0  OLED_WR_Byte                  
00000138  OP2                           
00000022  P1DIR                         
00000025  P1IE                          
00000024  P1IES                         
00000023  P1IFG                         
00000020  P1IN                          
00000021  P1OUT                         
00000026  P1SEL                         
0000002a  P2DIR                         
0000002d  P2IE                          
0000002c  P2IES                         
0000002b  P2IFG                         
00000028  P2IN                          
00000029  P2OUT                         
0000002e  P2SEL                         
0000001a  P3DIR                         
00000018  P3IN                          
00000019  P3OUT                         
0000001b  P3SEL                         
0000001e  P4DIR                         
0000001c  P4IN                          
0000001d  P4OUT                         
0000001f  P4SEL                         
00000032  P5DIR                         
00000030  P5IN                          
00000031  P5OUT                         
00000033  P5SEL                         
00000036  P6DIR                         
00000034  P6IN                          
00000035  P6OUT                         
00000037  P6SEL                         
0000013c  RESHI                         
0000013a  RESLO                         
0000013e  SUMEXT                        
00001e0e  SYSTEM_INIT                   
00000172  TACCR0                        
00000174  TACCR1                        
00000176  TACCR2                        
00000162  TACCTL0                       
00000164  TACCTL1                       
00000166  TACCTL2                       
00000160  TACTL                         
0000012e  TAIV                          
00000170  TAR                           
00000192  TBCCR0                        
00000194  TBCCR1                        
00000196  TBCCR2                        
00000198  TBCCR3                        
0000019a  TBCCR4                        
0000019c  TBCCR5                        
0000019e  TBCCR6                        
00000182  TBCCTL0                       
00000184  TBCCTL1                       
00000186  TBCCTL2                       
00000188  TBCCTL3                       
0000018a  TBCCTL4                       
0000018c  TBCCTL5                       
0000018e  TBCCTL6                       
00000180  TBCTL                         
0000011e  TBIV                          
00000190  TBR                           
00000074  U0BR0                         
00000075  U0BR1                         
00000070  U0CTL                         
00000073  U0MCTL                        
00000072  U0RCTL                        
00000076  U0RXBUF                       
00000071  U0TCTL                        
00000077  U0TXBUF                       
0000007c  U1BR0                         
0000007d  U1BR1                         
00000078  U1CTL                         
0000007b  U1MCTL                        
0000007a  U1RCTL                        
0000007e  U1RXBUF                       
00000079  U1TCTL                        
0000007f  U1TXBUF                       
000019d6  UART_INIT                     
00000120  WDTCTL                        
00000a00  __STACK_END                   
00000050  __STACK_SIZE                  
000025c4  __TI_CINIT_Base               
000025c8  __TI_CINIT_Limit              
000025c2  __TI_Handler_Table_Base       
000025c4  __TI_Handler_Table_Limit      
00001e90  __TI_ISR_TRAP                 
00001b66  __TI_auto_init_nobinit_nopinit
0000ffe2  __TI_int01                    
0000ffe4  __TI_int02                    
0000ffe6  __TI_int03                    
0000ffe8  __TI_int04                    
0000ffea  __TI_int05                    
0000ffec  __TI_int06                    
0000ffee  __TI_int07                    
0000fff0  __TI_int08                    
0000fff2  __TI_int09                    
0000fff4  __TI_int10                    
0000fff6  __TI_int11                    
0000fff8  __TI_int12                    
0000fffa  __TI_int13                    
0000fffc  __TI_int14                    
ffffffff  __TI_pprof_out_hndl           
ffffffff  __TI_prof_data_size           
ffffffff  __TI_prof_data_start          
00001e22  __TI_zero_init_nomemset       
ffffffff  __c_args__                    
00001b1c  __mspabi_cmpf                 
00001be8  __mspabi_divli                
0000197e  __mspabi_divul                
00001694  __mspabi_fixfli               
00001c64  __mspabi_fltif                
00001e54  __mspabi_func_epilog_1        
00001e52  __mspabi_func_epilog_2        
00001e50  __mspabi_func_epilog_3        
00001e4e  __mspabi_func_epilog_4        
00001e4c  __mspabi_func_epilog_5        
00001e4a  __mspabi_func_epilog_6        
00001e48  __mspabi_func_epilog_7        
00001492  __mspabi_mpyf                 
00001e86  __mspabi_negf                 
00001be8  __mspabi_remli                
0000197e  __mspabi_remul                
00001d4c  __mspabi_slli                 
00001d74  __mspabi_slli_1               
00001d62  __mspabi_slli_10              
00001d60  __mspabi_slli_11              
00001d5e  __mspabi_slli_12              
00001d5c  __mspabi_slli_13              
00001d5a  __mspabi_slli_14              
00001d58  __mspabi_slli_15              
00001d72  __mspabi_slli_2               
00001d70  __mspabi_slli_3               
00001d6e  __mspabi_slli_4               
00001d6c  __mspabi_slli_5               
00001d6a  __mspabi_slli_6               
00001d68  __mspabi_slli_7               
00001d66  __mspabi_slli_8               
00001d64  __mspabi_slli_9               
00001d20  __mspabi_srai                 
00001d48  __mspabi_srai_1               
00001d36  __mspabi_srai_10              
00001d34  __mspabi_srai_11              
00001d32  __mspabi_srai_12              
00001d30  __mspabi_srai_13              
00001d2e  __mspabi_srai_14              
00001d2c  __mspabi_srai_15              
00001d46  __mspabi_srai_2               
00001d44  __mspabi_srai_3               
00001d42  __mspabi_srai_4               
00001d40  __mspabi_srai_5               
00001d3e  __mspabi_srai_6               
00001d3c  __mspabi_srai_7               
00001d3a  __mspabi_srai_8               
00001d38  __mspabi_srai_9               
00001dc0  _c_int00_noargs               
0000fffe  _reset_vector                 
000009b0  _stack                        
00001eae  _system_post_cinit            
00001eaa  _system_pre_init              
00001e98  abort                         
00001e9e  alarm                         
000024a2  crc_table                     
00000200  dev                           
000017f2  do_tast                       
00001ddc  ds18b20_check_crc             
00001712  ds18b20_config                
00001100  ds18b20_float_2_ascii         
00001556  ds18b20_get_temp              
00001e66  ds18b20_hw_read_line          
00001e72  ds18b20_hw_set_high           
00001e7c  ds18b20_hw_set_low            
00001a82  ds18b20_init                  
000018c4  ds18b20_read_byte             
00001d78  ds18b20_read_bytes            
00001da2  ds18b20_read_id               
00001eb0  ds18b20_reset                 
00001c9a  ds18b20_save_temp_string      
00001a2c  ds18b20_write_byte            
00001cf4  main                          
00001e36  memcpy                        
00001ea4  no_alarm                      
000025b8  oled_welcome_str              
00000254  p_dev                         
00000248  temp                          
000025b0  temp_str                      
00001e58  uart_0_put_char               
00001df8  uart_0_send_str               
00001860  uart_0_send_temp              


GLOBAL SYMBOLS: SORTED BY Symbol Address 

address   name                          
-------   ----                          
00000000  IE1                           
00000001  IE2                           
00000002  IFG1                          
00000003  IFG2                          
00000004  ME1                           
00000005  ME2                           
00000018  P3IN                          
00000019  P3OUT                         
0000001a  P3DIR                         
0000001b  P3SEL                         
0000001c  P4IN                          
0000001d  P4OUT                         
0000001e  P4DIR                         
0000001f  P4SEL                         
00000020  P1IN                          
00000021  P1OUT                         
00000022  P1DIR                         
00000023  P1IFG                         
00000024  P1IES                         
00000025  P1IE                          
00000026  P1SEL                         
00000028  P2IN                          
00000029  P2OUT                         
0000002a  P2DIR                         
0000002b  P2IFG                         
0000002c  P2IES                         
0000002d  P2IE                          
0000002e  P2SEL                         
00000030  P5IN                          
00000031  P5OUT                         
00000032  P5DIR                         
00000033  P5SEL                         
00000034  P6IN                          
00000035  P6OUT                         
00000036  P6DIR                         
00000037  P6SEL                         
00000050  __STACK_SIZE                  
00000056  DCOCTL                        
00000057  BCSCTL1                       
00000058  BCSCTL2                       
00000059  CACTL1                        
0000005a  CACTL2                        
0000005b  CAPD                          
00000070  U0CTL                         
00000071  U0TCTL                        
00000072  U0RCTL                        
00000073  U0MCTL                        
00000074  U0BR0                         
00000075  U0BR1                         
00000076  U0RXBUF                       
00000077  U0TXBUF                       
00000078  U1CTL                         
00000079  U1TCTL                        
0000007a  U1RCTL                        
0000007b  U1MCTL                        
0000007c  U1BR0                         
0000007d  U1BR1                         
0000007e  U1RXBUF                       
0000007f  U1TXBUF                       
00000080  ADC12MCTL0                    
00000081  ADC12MCTL1                    
00000082  ADC12MCTL2                    
00000083  ADC12MCTL3                    
00000084  ADC12MCTL4                    
00000085  ADC12MCTL5                    
00000086  ADC12MCTL6                    
00000087  ADC12MCTL7                    
00000088  ADC12MCTL8                    
00000089  ADC12MCTL9                    
0000008a  ADC12MCTL10                   
0000008b  ADC12MCTL11                   
0000008c  ADC12MCTL12                   
0000008d  ADC12MCTL13                   
0000008e  ADC12MCTL14                   
0000008f  ADC12MCTL15                   
0000011e  TBIV                          
00000120  WDTCTL                        
00000128  FCTL1                         
0000012a  FCTL2                         
0000012c  FCTL3                         
0000012e  TAIV                          
00000130  MPY                           
00000132  MPYS                          
00000134  MAC                           
00000136  MACS                          
00000138  OP2                           
0000013a  RESLO                         
0000013c  RESHI                         
0000013e  SUMEXT                        
00000140  ADC12MEM0                     
00000142  ADC12MEM1                     
00000144  ADC12MEM2                     
00000146  ADC12MEM3                     
00000148  ADC12MEM4                     
0000014a  ADC12MEM5                     
0000014c  ADC12MEM6                     
0000014e  ADC12MEM7                     
00000150  ADC12MEM8                     
00000152  ADC12MEM9                     
00000154  ADC12MEM10                    
00000156  ADC12MEM11                    
00000158  ADC12MEM12                    
0000015a  ADC12MEM13                    
0000015c  ADC12MEM14                    
0000015e  ADC12MEM15                    
00000160  TACTL                         
00000162  TACCTL0                       
00000164  TACCTL1                       
00000166  TACCTL2                       
00000170  TAR                           
00000172  TACCR0                        
00000174  TACCR1                        
00000176  TACCR2                        
00000180  TBCTL                         
00000182  TBCCTL0                       
00000184  TBCCTL1                       
00000186  TBCCTL2                       
00000188  TBCCTL3                       
0000018a  TBCCTL4                       
0000018c  TBCCTL5                       
0000018e  TBCCTL6                       
00000190  TBR                           
00000192  TBCCR0                        
00000194  TBCCR1                        
00000196  TBCCR2                        
00000198  TBCCR3                        
0000019a  TBCCR4                        
0000019c  TBCCR5                        
0000019e  TBCCR6                        
000001a0  ADC12CTL0                     
000001a2  ADC12CTL1                     
000001a4  ADC12IFG                      
000001a6  ADC12IE                       
000001a8  ADC12IV                       
00000200  dev                           
00000248  temp                          
00000254  p_dev                         
000009b0  _stack                        
00000a00  __STACK_END                   
00001100  ds18b20_float_2_ascii         
0000135c  OLED_Init                     
00001492  __mspabi_mpyf                 
00001556  ds18b20_get_temp              
000015f6  DS18B20_INIT                  
00001694  __mspabi_fixfli               
00001712  ds18b20_config                
00001784  OLED_ShowChar                 
000017f2  do_tast                       
00001860  uart_0_send_temp              
000018c4  ds18b20_read_byte             
00001922  GPIO_INIT                     
0000197e  __mspabi_divul                
0000197e  __mspabi_remul                
000019d6  UART_INIT                     
00001a2c  ds18b20_write_byte            
00001a82  ds18b20_init                  
00001ad0  OLED_WR_Byte                  
00001b1c  __mspabi_cmpf                 
00001b66  __TI_auto_init_nobinit_nopinit
00001ba8  OLED_Clear                    
00001be8  __mspabi_divli                
00001be8  __mspabi_remli                
00001c28  OLED_ShowString               
00001c64  __mspabi_fltif                
00001c9a  ds18b20_save_temp_string      
00001cc8  OLED_Set_Pos                  
00001cf4  main                          
00001d20  __mspabi_srai                 
00001d2c  __mspabi_srai_15              
00001d2e  __mspabi_srai_14              
00001d30  __mspabi_srai_13              
00001d32  __mspabi_srai_12              
00001d34  __mspabi_srai_11              
00001d36  __mspabi_srai_10              
00001d38  __mspabi_srai_9               
00001d3a  __mspabi_srai_8               
00001d3c  __mspabi_srai_7               
00001d3e  __mspabi_srai_6               
00001d40  __mspabi_srai_5               
00001d42  __mspabi_srai_4               
00001d44  __mspabi_srai_3               
00001d46  __mspabi_srai_2               
00001d48  __mspabi_srai_1               
00001d4c  __mspabi_slli                 
00001d58  __mspabi_slli_15              
00001d5a  __mspabi_slli_14              
00001d5c  __mspabi_slli_13              
00001d5e  __mspabi_slli_12              
00001d60  __mspabi_slli_11              
00001d62  __mspabi_slli_10              
00001d64  __mspabi_slli_9               
00001d66  __mspabi_slli_8               
00001d68  __mspabi_slli_7               
00001d6a  __mspabi_slli_6               
00001d6c  __mspabi_slli_5               
00001d6e  __mspabi_slli_4               
00001d70  __mspabi_slli_3               
00001d72  __mspabi_slli_2               
00001d74  __mspabi_slli_1               
00001d78  ds18b20_read_bytes            
00001da2  ds18b20_read_id               
00001dc0  _c_int00_noargs               
00001ddc  ds18b20_check_crc             
00001df8  uart_0_send_str               
00001e0e  SYSTEM_INIT                   
00001e22  __TI_zero_init_nomemset       
00001e36  memcpy                        
00001e48  __mspabi_func_epilog_7        
00001e4a  __mspabi_func_epilog_6        
00001e4c  __mspabi_func_epilog_5        
00001e4e  __mspabi_func_epilog_4        
00001e50  __mspabi_func_epilog_3        
00001e52  __mspabi_func_epilog_2        
00001e54  __mspabi_func_epilog_1        
00001e58  uart_0_put_char               
00001e66  ds18b20_hw_read_line          
00001e72  ds18b20_hw_set_high           
00001e7c  ds18b20_hw_set_low            
00001e86  __mspabi_negf                 
00001e90  __TI_ISR_TRAP                 
00001e98  C$$EXIT                       
00001e98  abort                         
00001e9e  alarm                         
00001ea4  no_alarm                      
00001eaa  _system_pre_init              
00001eae  _system_post_cinit            
00001eb0  ds18b20_reset                 
00001eb2  F8X16                         
000024a2  crc_table                     
000025b0  temp_str                      
000025b8  oled_welcome_str              
000025c2  __TI_Handler_Table_Base       
000025c4  __TI_CINIT_Base               
000025c4  __TI_Handler_Table_Limit      
000025c8  __TI_CINIT_Limit              
0000ffe2  __TI_int01                    
0000ffe4  __TI_int02                    
0000ffe6  __TI_int03                    
0000ffe8  __TI_int04                    
0000ffea  __TI_int05                    
0000ffec  __TI_int06                    
0000ffee  __TI_int07                    
0000fff0  __TI_int08                    
0000fff2  __TI_int09                    
0000fff4  __TI_int10                    
0000fff6  __TI_int11                    
0000fff8  __TI_int12                    
0000fffa  __TI_int13                    
0000fffc  __TI_int14                    
0000fffe  _reset_vector                 
ffffffff  __TI_pprof_out_hndl           
ffffffff  __TI_prof_data_size           
ffffffff  __TI_prof_data_start          
ffffffff  __c_args__                    

[254 symbols]
