<?xml version="1.0" encoding="ISO-8859-1" ?>
<link_info>
   <banner>MSP430 Linker PC v18.12.1.LTS</banner>
   <copyright>Copyright (c) 2003-2018 Texas Instruments Incorporated</copyright>
   <link_time>0x5c9b73fa</link_time>
   <link_errors>0x0</link_errors>
   <output_file>Q07_18B20_SPIOLED_MSP430F14x_CCS74.out</output_file>
   <entry_point>
      <name>_c_int00_noargs</name>
      <address>0x1dc0</address>
   </entry_point>
   <input_file_list>
      <input_file id="fl-2">
         <path>.\</path>
         <kind>object</kind>
         <file>ds18b20.obj</file>
         <name>ds18b20.obj</name>
      </input_file>
      <input_file id="fl-3">
         <path>.\</path>
         <kind>object</kind>
         <file>main.obj</file>
         <name>main.obj</name>
      </input_file>
      <input_file id="fl-4">
         <path>.\</path>
         <kind>object</kind>
         <file>oled.obj</file>
         <name>oled.obj</name>
      </input_file>
      <input_file id="fl-9">
         <kind>object</kind>
         <file>&lt;internal&gt;</file>
         <name>&lt;internal&gt;</name>
      </input_file>
      <input_file id="fl-1f">
         <path>C:\opt\ti\ccs9\ccs\tools\compiler\ti-cgt-msp430_18.12.1.LTS\lib\</path>
         <kind>archive</kind>
         <file>rts430_eabi.lib</file>
         <name>asr16.asm.obj</name>
      </input_file>
      <input_file id="fl-20">
         <path>C:\opt\ti\ccs9\ccs\tools\compiler\ti-cgt-msp430_18.12.1.LTS\lib\</path>
         <kind>archive</kind>
         <file>rts430_eabi.lib</file>
         <name>div16u.asm.obj</name>
      </input_file>
      <input_file id="fl-21">
         <path>C:\opt\ti\ccs9\ccs\tools\compiler\ti-cgt-msp430_18.12.1.LTS\lib\</path>
         <kind>archive</kind>
         <file>rts430_eabi.lib</file>
         <name>div32s.asm.obj</name>
      </input_file>
      <input_file id="fl-22">
         <path>C:\opt\ti\ccs9\ccs\tools\compiler\ti-cgt-msp430_18.12.1.LTS\lib\</path>
         <kind>archive</kind>
         <file>rts430_eabi.lib</file>
         <name>div32u.asm.obj</name>
      </input_file>
      <input_file id="fl-23">
         <path>C:\opt\ti\ccs9\ccs\tools\compiler\ti-cgt-msp430_18.12.1.LTS\lib\</path>
         <kind>archive</kind>
         <file>rts430_eabi.lib</file>
         <name>epilog.asm.obj</name>
      </input_file>
      <input_file id="fl-24">
         <path>C:\opt\ti\ccs9\ccs\tools\compiler\ti-cgt-msp430_18.12.1.LTS\lib\</path>
         <kind>archive</kind>
         <file>rts430_eabi.lib</file>
         <name>fs_cmp.asm.obj</name>
      </input_file>
      <input_file id="fl-25">
         <path>C:\opt\ti\ccs9\ccs\tools\compiler\ti-cgt-msp430_18.12.1.LTS\lib\</path>
         <kind>archive</kind>
         <file>rts430_eabi.lib</file>
         <name>fs_itof.asm.obj</name>
      </input_file>
      <input_file id="fl-26">
         <path>C:\opt\ti\ccs9\ccs\tools\compiler\ti-cgt-msp430_18.12.1.LTS\lib\</path>
         <kind>archive</kind>
         <file>rts430_eabi.lib</file>
         <name>fs_mpy.asm.obj</name>
      </input_file>
      <input_file id="fl-27">
         <path>C:\opt\ti\ccs9\ccs\tools\compiler\ti-cgt-msp430_18.12.1.LTS\lib\</path>
         <kind>archive</kind>
         <file>rts430_eabi.lib</file>
         <name>fs_neg.asm.obj</name>
      </input_file>
      <input_file id="fl-28">
         <path>C:\opt\ti\ccs9\ccs\tools\compiler\ti-cgt-msp430_18.12.1.LTS\lib\</path>
         <kind>archive</kind>
         <file>rts430_eabi.lib</file>
         <name>fs_tol.asm.obj</name>
      </input_file>
      <input_file id="fl-29">
         <path>C:\opt\ti\ccs9\ccs\tools\compiler\ti-cgt-msp430_18.12.1.LTS\lib\</path>
         <kind>archive</kind>
         <file>rts430_eabi.lib</file>
         <name>int01.asm.obj</name>
      </input_file>
      <input_file id="fl-2a">
         <path>C:\opt\ti\ccs9\ccs\tools\compiler\ti-cgt-msp430_18.12.1.LTS\lib\</path>
         <kind>archive</kind>
         <file>rts430_eabi.lib</file>
         <name>int02.asm.obj</name>
      </input_file>
      <input_file id="fl-2b">
         <path>C:\opt\ti\ccs9\ccs\tools\compiler\ti-cgt-msp430_18.12.1.LTS\lib\</path>
         <kind>archive</kind>
         <file>rts430_eabi.lib</file>
         <name>int03.asm.obj</name>
      </input_file>
      <input_file id="fl-2c">
         <path>C:\opt\ti\ccs9\ccs\tools\compiler\ti-cgt-msp430_18.12.1.LTS\lib\</path>
         <kind>archive</kind>
         <file>rts430_eabi.lib</file>
         <name>int04.asm.obj</name>
      </input_file>
      <input_file id="fl-2d">
         <path>C:\opt\ti\ccs9\ccs\tools\compiler\ti-cgt-msp430_18.12.1.LTS\lib\</path>
         <kind>archive</kind>
         <file>rts430_eabi.lib</file>
         <name>int05.asm.obj</name>
      </input_file>
      <input_file id="fl-2e">
         <path>C:\opt\ti\ccs9\ccs\tools\compiler\ti-cgt-msp430_18.12.1.LTS\lib\</path>
         <kind>archive</kind>
         <file>rts430_eabi.lib</file>
         <name>int06.asm.obj</name>
      </input_file>
      <input_file id="fl-2f">
         <path>C:\opt\ti\ccs9\ccs\tools\compiler\ti-cgt-msp430_18.12.1.LTS\lib\</path>
         <kind>archive</kind>
         <file>rts430_eabi.lib</file>
         <name>int07.asm.obj</name>
      </input_file>
      <input_file id="fl-30">
         <path>C:\opt\ti\ccs9\ccs\tools\compiler\ti-cgt-msp430_18.12.1.LTS\lib\</path>
         <kind>archive</kind>
         <file>rts430_eabi.lib</file>
         <name>int08.asm.obj</name>
      </input_file>
      <input_file id="fl-31">
         <path>C:\opt\ti\ccs9\ccs\tools\compiler\ti-cgt-msp430_18.12.1.LTS\lib\</path>
         <kind>archive</kind>
         <file>rts430_eabi.lib</file>
         <name>int09.asm.obj</name>
      </input_file>
      <input_file id="fl-32">
         <path>C:\opt\ti\ccs9\ccs\tools\compiler\ti-cgt-msp430_18.12.1.LTS\lib\</path>
         <kind>archive</kind>
         <file>rts430_eabi.lib</file>
         <name>int10.asm.obj</name>
      </input_file>
      <input_file id="fl-33">
         <path>C:\opt\ti\ccs9\ccs\tools\compiler\ti-cgt-msp430_18.12.1.LTS\lib\</path>
         <kind>archive</kind>
         <file>rts430_eabi.lib</file>
         <name>int11.asm.obj</name>
      </input_file>
      <input_file id="fl-34">
         <path>C:\opt\ti\ccs9\ccs\tools\compiler\ti-cgt-msp430_18.12.1.LTS\lib\</path>
         <kind>archive</kind>
         <file>rts430_eabi.lib</file>
         <name>int12.asm.obj</name>
      </input_file>
      <input_file id="fl-35">
         <path>C:\opt\ti\ccs9\ccs\tools\compiler\ti-cgt-msp430_18.12.1.LTS\lib\</path>
         <kind>archive</kind>
         <file>rts430_eabi.lib</file>
         <name>int13.asm.obj</name>
      </input_file>
      <input_file id="fl-36">
         <path>C:\opt\ti\ccs9\ccs\tools\compiler\ti-cgt-msp430_18.12.1.LTS\lib\</path>
         <kind>archive</kind>
         <file>rts430_eabi.lib</file>
         <name>int14.asm.obj</name>
      </input_file>
      <input_file id="fl-37">
         <path>C:\opt\ti\ccs9\ccs\tools\compiler\ti-cgt-msp430_18.12.1.LTS\lib\</path>
         <kind>archive</kind>
         <file>rts430_eabi.lib</file>
         <name>isr_trap.asm.obj</name>
      </input_file>
      <input_file id="fl-38">
         <path>C:\opt\ti\ccs9\ccs\tools\compiler\ti-cgt-msp430_18.12.1.LTS\lib\</path>
         <kind>archive</kind>
         <file>rts430_eabi.lib</file>
         <name>lsl16.asm.obj</name>
      </input_file>
      <input_file id="fl-39">
         <path>C:\opt\ti\ccs9\ccs\tools\compiler\ti-cgt-msp430_18.12.1.LTS\lib\</path>
         <kind>archive</kind>
         <file>rts430_eabi.lib</file>
         <name>mult16.asm.obj</name>
      </input_file>
      <input_file id="fl-3a">
         <path>C:\opt\ti\ccs9\ccs\tools\compiler\ti-cgt-msp430_18.12.1.LTS\lib\</path>
         <kind>archive</kind>
         <file>rts430_eabi.lib</file>
         <name>mult16_hw.asm.obj</name>
      </input_file>
      <input_file id="fl-3b">
         <path>C:\opt\ti\ccs9\ccs\tools\compiler\ti-cgt-msp430_18.12.1.LTS\lib\</path>
         <kind>archive</kind>
         <file>rts430_eabi.lib</file>
         <name>mult1632_hw.asm.obj</name>
      </input_file>
      <input_file id="fl-3c">
         <path>C:\opt\ti\ccs9\ccs\tools\compiler\ti-cgt-msp430_18.12.1.LTS\lib\</path>
         <kind>archive</kind>
         <file>rts430_eabi.lib</file>
         <name>mult32_hw.asm.obj</name>
      </input_file>
      <input_file id="fl-3d">
         <path>C:\opt\ti\ccs9\ccs\tools\compiler\ti-cgt-msp430_18.12.1.LTS\lib\</path>
         <kind>archive</kind>
         <file>rts430_eabi.lib</file>
         <name>mult3264_hw.asm.obj</name>
      </input_file>
      <input_file id="fl-3e">
         <path>C:\opt\ti\ccs9\ccs\tools\compiler\ti-cgt-msp430_18.12.1.LTS\lib\</path>
         <kind>archive</kind>
         <file>rts430_eabi.lib</file>
         <name>mult64_hw.asm.obj</name>
      </input_file>
      <input_file id="fl-3f">
         <path>C:\opt\ti\ccs9\ccs\tools\compiler\ti-cgt-msp430_18.12.1.LTS\lib\</path>
         <kind>archive</kind>
         <file>rts430_eabi.lib</file>
         <name>boot.c.obj</name>
      </input_file>
      <input_file id="fl-40">
         <path>C:\opt\ti\ccs9\ccs\tools\compiler\ti-cgt-msp430_18.12.1.LTS\lib\</path>
         <kind>archive</kind>
         <file>rts430_eabi.lib</file>
         <name>autoinit.c.obj</name>
      </input_file>
      <input_file id="fl-41">
         <path>C:\opt\ti\ccs9\ccs\tools\compiler\ti-cgt-msp430_18.12.1.LTS\lib\</path>
         <kind>archive</kind>
         <file>rts430_eabi.lib</file>
         <name>copy_zero_init.c.obj</name>
      </input_file>
      <input_file id="fl-42">
         <path>C:\opt\ti\ccs9\ccs\tools\compiler\ti-cgt-msp430_18.12.1.LTS\lib\</path>
         <kind>archive</kind>
         <file>rts430_eabi.lib</file>
         <name>cpy_tbl.c.obj</name>
      </input_file>
      <input_file id="fl-43">
         <path>C:\opt\ti\ccs9\ccs\tools\compiler\ti-cgt-msp430_18.12.1.LTS\lib\</path>
         <kind>archive</kind>
         <file>rts430_eabi.lib</file>
         <name>mpu_init.c.obj</name>
      </input_file>
      <input_file id="fl-44">
         <path>C:\opt\ti\ccs9\ccs\tools\compiler\ti-cgt-msp430_18.12.1.LTS\lib\</path>
         <kind>archive</kind>
         <file>rts430_eabi.lib</file>
         <name>pre_init.c.obj</name>
      </input_file>
      <input_file id="fl-45">
         <path>C:\opt\ti\ccs9\ccs\tools\compiler\ti-cgt-msp430_18.12.1.LTS\lib\</path>
         <kind>archive</kind>
         <file>rts430_eabi.lib</file>
         <name>startup.c.obj</name>
      </input_file>
      <input_file id="fl-46">
         <path>C:\opt\ti\ccs9\ccs\tools\compiler\ti-cgt-msp430_18.12.1.LTS\lib\</path>
         <kind>archive</kind>
         <file>rts430_eabi.lib</file>
         <name>copy_decompress_none.c.obj</name>
      </input_file>
      <input_file id="fl-47">
         <path>C:\opt\ti\ccs9\ccs\tools\compiler\ti-cgt-msp430_18.12.1.LTS\lib\</path>
         <kind>archive</kind>
         <file>rts430_eabi.lib</file>
         <name>copy_decompress_lzss.c.obj</name>
      </input_file>
      <input_file id="fl-48">
         <path>C:\opt\ti\ccs9\ccs\tools\compiler\ti-cgt-msp430_18.12.1.LTS\lib\</path>
         <kind>archive</kind>
         <file>rts430_eabi.lib</file>
         <name>exit.c.obj</name>
      </input_file>
      <input_file id="fl-49">
         <path>C:\opt\ti\ccs9\ccs\tools\compiler\ti-cgt-msp430_18.12.1.LTS\lib\</path>
         <kind>archive</kind>
         <file>rts430_eabi.lib</file>
         <name>_lock.c.obj</name>
      </input_file>
      <input_file id="fl-4a">
         <path>C:\opt\ti\ccs9\ccs\tools\compiler\ti-cgt-msp430_18.12.1.LTS\lib\</path>
         <kind>archive</kind>
         <file>rts430_eabi.lib</file>
         <name>args_main.c.obj</name>
      </input_file>
      <input_file id="fl-4b">
         <path>C:\opt\ti\ccs9\ccs\tools\compiler\ti-cgt-msp430_18.12.1.LTS\lib\</path>
         <kind>archive</kind>
         <file>rts430_eabi.lib</file>
         <name>memcpy.c.obj</name>
      </input_file>
      <input_file id="fl-4c">
         <path>C:\opt\ti\ccs9\ccs\tools\compiler\ti-cgt-msp430_18.12.1.LTS\lib\</path>
         <kind>archive</kind>
         <file>rts430_eabi.lib</file>
         <name>lsr16.asm.obj</name>
      </input_file>
      <input_file id="fl-4d">
         <path>C:\opt\ti\ccs9\ccs\tools\compiler\ti-cgt-msp430_18.12.1.LTS\lib\</path>
         <kind>archive</kind>
         <file>rts430_eabi.lib</file>
         <name>exit_gvars.c.obj</name>
      </input_file>
   </input_file_list>
   <object_component_list>
      <object_component id="oc-213">
         <name>.common:dev</name>
         <uninitialized>true</uninitialized>
         <run_address>0x200</run_address>
         <size>0x48</size>
      </object_component>
      <object_component id="oc-216">
         <name>.common:p_dev</name>
         <uninitialized>true</uninitialized>
         <run_address>0x254</run_address>
         <size>0x2</size>
      </object_component>
      <object_component id="oc-30d">
         <name>.common:temp</name>
         <uninitialized>true</uninitialized>
         <run_address>0x248</run_address>
         <size>0xc</size>
      </object_component>
      <object_component id="oc-d3">
         <name>.stack</name>
         <uninitialized>true</uninitialized>
         <run_address>0x9b0</run_address>
         <size>0x2</size>
         <input_file_ref idref="fl-3f"/>
      </object_component>
      <object_component id="oc-3b8">
         <name>.stack</name>
         <uninitialized>true</uninitialized>
         <run_address>0x9b0</run_address>
         <size>0x0</size>
      </object_component>
      <object_component id="oc-229">
         <name>.text:ds18b20_float_2_ascii</name>
         <load_address>0x1100</load_address>
         <run_address>0x1100</run_address>
         <size>0x25c</size>
         <input_file_ref idref="fl-2"/>
      </object_component>
      <object_component id="oc-1a1">
         <name>.text:OLED_Init</name>
         <load_address>0x135c</load_address>
         <run_address>0x135c</run_address>
         <size>0x136</size>
         <input_file_ref idref="fl-4"/>
      </object_component>
      <object_component id="oc-2ef">
         <name>.text</name>
         <load_address>0x1492</load_address>
         <run_address>0x1492</run_address>
         <size>0xc4</size>
         <input_file_ref idref="fl-26"/>
      </object_component>
      <object_component id="oc-22f">
         <name>.text:ds18b20_get_temp</name>
         <load_address>0x1556</load_address>
         <run_address>0x1556</run_address>
         <size>0xa0</size>
         <input_file_ref idref="fl-2"/>
      </object_component>
      <object_component id="oc-1ad">
         <name>.text:DS18B20_INIT</name>
         <load_address>0x15f6</load_address>
         <run_address>0x15f6</run_address>
         <size>0x9e</size>
         <input_file_ref idref="fl-3"/>
      </object_component>
      <object_component id="oc-2e5">
         <name>.text</name>
         <load_address>0x1694</load_address>
         <run_address>0x1694</run_address>
         <size>0x7e</size>
         <input_file_ref idref="fl-28"/>
      </object_component>
      <object_component id="oc-223">
         <name>.text:ds18b20_config</name>
         <load_address>0x1712</load_address>
         <run_address>0x1712</run_address>
         <size>0x72</size>
         <input_file_ref idref="fl-2"/>
      </object_component>
      <object_component id="oc-26e">
         <name>.text:OLED_ShowChar</name>
         <load_address>0x1784</load_address>
         <run_address>0x1784</run_address>
         <size>0x6e</size>
         <input_file_ref idref="fl-4"/>
      </object_component>
      <object_component id="oc-1bc">
         <name>.text:do_tast</name>
         <load_address>0x17f2</load_address>
         <run_address>0x17f2</run_address>
         <size>0x6e</size>
         <input_file_ref idref="fl-3"/>
      </object_component>
      <object_component id="oc-287">
         <name>.text:uart_0_send_temp</name>
         <load_address>0x1860</load_address>
         <run_address>0x1860</run_address>
         <size>0x64</size>
         <input_file_ref idref="fl-3"/>
      </object_component>
      <object_component id="oc-247">
         <name>.text:ds18b20_read_byte</name>
         <load_address>0x18c4</load_address>
         <run_address>0x18c4</run_address>
         <size>0x5e</size>
         <input_file_ref idref="fl-2"/>
      </object_component>
      <object_component id="oc-195">
         <name>.text:GPIO_INIT</name>
         <load_address>0x1922</load_address>
         <run_address>0x1922</run_address>
         <size>0x5c</size>
         <input_file_ref idref="fl-3"/>
      </object_component>
      <object_component id="oc-35d">
         <name>.text</name>
         <load_address>0x197e</load_address>
         <run_address>0x197e</run_address>
         <size>0x58</size>
         <input_file_ref idref="fl-22"/>
      </object_component>
      <object_component id="oc-19b">
         <name>.text:UART_INIT</name>
         <load_address>0x19d6</load_address>
         <run_address>0x19d6</run_address>
         <size>0x56</size>
         <input_file_ref idref="fl-3"/>
      </object_component>
      <object_component id="oc-265">
         <name>.text:ds18b20_write_byte</name>
         <load_address>0x1a2c</load_address>
         <run_address>0x1a2c</run_address>
         <size>0x56</size>
         <input_file_ref idref="fl-2"/>
      </object_component>
      <object_component id="oc-217">
         <name>.text:ds18b20_init</name>
         <load_address>0x1a82</load_address>
         <run_address>0x1a82</run_address>
         <size>0x4e</size>
         <input_file_ref idref="fl-2"/>
      </object_component>
      <object_component id="oc-205">
         <name>.text:OLED_WR_Byte</name>
         <load_address>0x1ad0</load_address>
         <run_address>0x1ad0</run_address>
         <size>0x4c</size>
         <input_file_ref idref="fl-4"/>
      </object_component>
      <object_component id="oc-276">
         <name>.text</name>
         <load_address>0x1b1c</load_address>
         <run_address>0x1b1c</run_address>
         <size>0x4a</size>
         <input_file_ref idref="fl-24"/>
      </object_component>
      <object_component id="oc-1cf">
         <name>.text:__TI_auto_init_nobinit_nopinit:__TI_auto_init_nobinit_nopinit</name>
         <load_address>0x1b66</load_address>
         <run_address>0x1b66</run_address>
         <size>0x42</size>
         <input_file_ref idref="fl-40"/>
      </object_component>
      <object_component id="oc-1a7">
         <name>.text:OLED_Clear</name>
         <load_address>0x1ba8</load_address>
         <run_address>0x1ba8</run_address>
         <size>0x40</size>
         <input_file_ref idref="fl-4"/>
      </object_component>
      <object_component id="oc-2ea">
         <name>.text</name>
         <load_address>0x1be8</load_address>
         <run_address>0x1be8</run_address>
         <size>0x40</size>
         <input_file_ref idref="fl-21"/>
      </object_component>
      <object_component id="oc-1b6">
         <name>.text:OLED_ShowString</name>
         <load_address>0x1c28</load_address>
         <run_address>0x1c28</run_address>
         <size>0x3c</size>
         <input_file_ref idref="fl-4"/>
      </object_component>
      <object_component id="oc-2f5">
         <name>.text</name>
         <load_address>0x1c64</load_address>
         <run_address>0x1c64</run_address>
         <size>0x36</size>
         <input_file_ref idref="fl-25"/>
      </object_component>
      <object_component id="oc-25f">
         <name>.text:ds18b20_save_temp_string</name>
         <load_address>0x1c9a</load_address>
         <run_address>0x1c9a</run_address>
         <size>0x2e</size>
         <input_file_ref idref="fl-2"/>
      </object_component>
      <object_component id="oc-20b">
         <name>.text:OLED_Set_Pos</name>
         <load_address>0x1cc8</load_address>
         <run_address>0x1cc8</run_address>
         <size>0x2c</size>
         <input_file_ref idref="fl-4"/>
      </object_component>
      <object_component id="oc-167">
         <name>.text:main</name>
         <load_address>0x1cf4</load_address>
         <run_address>0x1cf4</run_address>
         <size>0x2c</size>
         <input_file_ref idref="fl-3"/>
      </object_component>
      <object_component id="oc-2c2">
         <name>.text</name>
         <load_address>0x1d20</load_address>
         <run_address>0x1d20</run_address>
         <size>0x2c</size>
         <input_file_ref idref="fl-1f"/>
      </object_component>
      <object_component id="oc-d7">
         <name>.text</name>
         <load_address>0x1d4c</load_address>
         <run_address>0x1d4c</run_address>
         <size>0x2c</size>
         <input_file_ref idref="fl-38"/>
      </object_component>
      <object_component id="oc-24d">
         <name>.text:ds18b20_read_bytes</name>
         <load_address>0x1d78</load_address>
         <run_address>0x1d78</run_address>
         <size>0x2a</size>
         <input_file_ref idref="fl-2"/>
      </object_component>
      <object_component id="oc-253">
         <name>.text:ds18b20_read_id</name>
         <load_address>0x1da2</load_address>
         <run_address>0x1da2</run_address>
         <size>0x1e</size>
         <input_file_ref idref="fl-2"/>
      </object_component>
      <object_component id="oc-115">
         <name>.text:_c_int00_noargs</name>
         <load_address>0x1dc0</load_address>
         <run_address>0x1dc0</run_address>
         <size>0x1c</size>
         <input_file_ref idref="fl-3f"/>
      </object_component>
      <object_component id="oc-21d">
         <name>.text:ds18b20_check_crc</name>
         <load_address>0x1ddc</load_address>
         <run_address>0x1ddc</run_address>
         <size>0x1c</size>
         <input_file_ref idref="fl-2"/>
      </object_component>
      <object_component id="oc-312">
         <name>.text:uart_0_send_str</name>
         <load_address>0x1df8</load_address>
         <run_address>0x1df8</run_address>
         <size>0x16</size>
         <input_file_ref idref="fl-3"/>
      </object_component>
      <object_component id="oc-18f">
         <name>.text:SYSTEM_INIT</name>
         <load_address>0x1e0e</load_address>
         <run_address>0x1e0e</run_address>
         <size>0x14</size>
         <input_file_ref idref="fl-3"/>
      </object_component>
      <object_component id="oc-103">
         <name>.text:decompress:ZI:__TI_zero_init_nomemset:__TI_zero_init_nomemset</name>
         <load_address>0x1e22</load_address>
         <run_address>0x1e22</run_address>
         <size>0x14</size>
         <input_file_ref idref="fl-41"/>
      </object_component>
      <object_component id="oc-f1">
         <name>.text:memcpy</name>
         <load_address>0x1e36</load_address>
         <run_address>0x1e36</run_address>
         <size>0x12</size>
         <input_file_ref idref="fl-4b"/>
      </object_component>
      <object_component id="oc-e1">
         <name>.text</name>
         <load_address>0x1e48</load_address>
         <run_address>0x1e48</run_address>
         <size>0x10</size>
         <input_file_ref idref="fl-23"/>
      </object_component>
      <object_component id="oc-318">
         <name>.text:uart_0_put_char</name>
         <load_address>0x1e58</load_address>
         <run_address>0x1e58</run_address>
         <size>0xe</size>
         <input_file_ref idref="fl-3"/>
      </object_component>
      <object_component id="oc-241">
         <name>.text:ds18b20_hw_read_line</name>
         <load_address>0x1e66</load_address>
         <run_address>0x1e66</run_address>
         <size>0xc</size>
         <input_file_ref idref="fl-2"/>
      </object_component>
      <object_component id="oc-235">
         <name>.text:ds18b20_hw_set_high</name>
         <load_address>0x1e72</load_address>
         <run_address>0x1e72</run_address>
         <size>0xa</size>
         <input_file_ref idref="fl-2"/>
      </object_component>
      <object_component id="oc-23b">
         <name>.text:ds18b20_hw_set_low</name>
         <load_address>0x1e7c</load_address>
         <run_address>0x1e7c</run_address>
         <size>0xa</size>
         <input_file_ref idref="fl-2"/>
      </object_component>
      <object_component id="oc-2e0">
         <name>.text</name>
         <load_address>0x1e86</load_address>
         <run_address>0x1e86</run_address>
         <size>0xa</size>
         <input_file_ref idref="fl-27"/>
      </object_component>
      <object_component id="oc-fe">
         <name>.text:_isr:__TI_ISR_TRAP</name>
         <load_address>0x1e90</load_address>
         <run_address>0x1e90</run_address>
         <size>0x8</size>
         <input_file_ref idref="fl-37"/>
      </object_component>
      <object_component id="oc-1c3">
         <name>.text:abort</name>
         <load_address>0x1e98</load_address>
         <run_address>0x1e98</run_address>
         <size>0x6</size>
         <input_file_ref idref="fl-48"/>
      </object_component>
      <object_component id="oc-281">
         <name>.text:alarm</name>
         <load_address>0x1e9e</load_address>
         <run_address>0x1e9e</run_address>
         <size>0x6</size>
         <input_file_ref idref="fl-3"/>
      </object_component>
      <object_component id="oc-27b">
         <name>.text:no_alarm</name>
         <load_address>0x1ea4</load_address>
         <run_address>0x1ea4</run_address>
         <size>0x6</size>
         <input_file_ref idref="fl-3"/>
      </object_component>
      <object_component id="oc-161">
         <name>.text:_system_pre_init</name>
         <load_address>0x1eaa</load_address>
         <run_address>0x1eaa</run_address>
         <size>0x4</size>
         <input_file_ref idref="fl-44"/>
      </object_component>
      <object_component id="oc-2a0">
         <name>.text:_system_post_cinit</name>
         <load_address>0x1eae</load_address>
         <run_address>0x1eae</run_address>
         <size>0x2</size>
         <input_file_ref idref="fl-45"/>
      </object_component>
      <object_component id="oc-259">
         <name>.text:ds18b20_reset</name>
         <load_address>0x1eb0</load_address>
         <run_address>0x1eb0</run_address>
         <size>0x2</size>
         <input_file_ref idref="fl-2"/>
      </object_component>
      <object_component id="oc-3b7">
         <name>.cinit..bss.load</name>
         <load_address>0x25be</load_address>
         <run_address>0x25be</run_address>
         <size>0x4</size>
      </object_component>
      <object_component id="oc-3b5">
         <name>__TI_handler_table</name>
         <load_address>0x25c2</load_address>
         <run_address>0x25c2</run_address>
         <size>0x2</size>
      </object_component>
      <object_component id="oc-3b6">
         <name>__TI_cinit_table</name>
         <load_address>0x25c4</load_address>
         <run_address>0x25c4</run_address>
         <size>0x4</size>
      </object_component>
      <object_component id="oc-304">
         <name>.const:.string:F8X16</name>
         <load_address>0x1eb2</load_address>
         <run_address>0x1eb2</run_address>
         <size>0x5f0</size>
         <input_file_ref idref="fl-4"/>
      </object_component>
      <object_component id="oc-2db">
         <name>.const:.string:crc_table</name>
         <load_address>0x24a2</load_address>
         <run_address>0x24a2</run_address>
         <size>0x100</size>
         <input_file_ref idref="fl-2"/>
      </object_component>
      <object_component id="oc-30e">
         <name>.const:.string</name>
         <load_address>0x25a2</load_address>
         <run_address>0x25a2</run_address>
         <size>0xe</size>
         <input_file_ref idref="fl-3"/>
      </object_component>
      <object_component id="oc-30f">
         <name>.const:.string:temp_str</name>
         <load_address>0x25b0</load_address>
         <run_address>0x25b0</run_address>
         <size>0x8</size>
         <input_file_ref idref="fl-3"/>
      </object_component>
      <object_component id="oc-1b3">
         <name>.const:.string:oled_welcome_str</name>
         <load_address>0x25b8</load_address>
         <run_address>0x25b8</run_address>
         <size>0x6</size>
         <input_file_ref idref="fl-3"/>
      </object_component>
      <object_component id="oc-37a">
         <name>.binit</name>
         <load_address>0x1100</load_address>
         <run_address>0x1100</run_address>
         <size>0x0</size>
      </object_component>
      <object_component id="oc-3e">
         <name>.int01</name>
         <load_address>0xffe2</load_address>
         <run_address>0xffe2</run_address>
         <size>0x2</size>
         <input_file_ref idref="fl-29"/>
      </object_component>
      <object_component id="oc-3f">
         <name>.int02</name>
         <load_address>0xffe4</load_address>
         <run_address>0xffe4</run_address>
         <size>0x2</size>
         <input_file_ref idref="fl-2a"/>
      </object_component>
      <object_component id="oc-40">
         <name>.int03</name>
         <load_address>0xffe6</load_address>
         <run_address>0xffe6</run_address>
         <size>0x2</size>
         <input_file_ref idref="fl-2b"/>
      </object_component>
      <object_component id="oc-41">
         <name>.int04</name>
         <load_address>0xffe8</load_address>
         <run_address>0xffe8</run_address>
         <size>0x2</size>
         <input_file_ref idref="fl-2c"/>
      </object_component>
      <object_component id="oc-42">
         <name>.int05</name>
         <load_address>0xffea</load_address>
         <run_address>0xffea</run_address>
         <size>0x2</size>
         <input_file_ref idref="fl-2d"/>
      </object_component>
      <object_component id="oc-43">
         <name>.int06</name>
         <load_address>0xffec</load_address>
         <run_address>0xffec</run_address>
         <size>0x2</size>
         <input_file_ref idref="fl-2e"/>
      </object_component>
      <object_component id="oc-44">
         <name>.int07</name>
         <load_address>0xffee</load_address>
         <run_address>0xffee</run_address>
         <size>0x2</size>
         <input_file_ref idref="fl-2f"/>
      </object_component>
      <object_component id="oc-45">
         <name>.int08</name>
         <load_address>0xfff0</load_address>
         <run_address>0xfff0</run_address>
         <size>0x2</size>
         <input_file_ref idref="fl-30"/>
      </object_component>
      <object_component id="oc-46">
         <name>.int09</name>
         <load_address>0xfff2</load_address>
         <run_address>0xfff2</run_address>
         <size>0x2</size>
         <input_file_ref idref="fl-31"/>
      </object_component>
      <object_component id="oc-47">
         <name>.int10</name>
         <load_address>0xfff4</load_address>
         <run_address>0xfff4</run_address>
         <size>0x2</size>
         <input_file_ref idref="fl-32"/>
      </object_component>
      <object_component id="oc-48">
         <name>.int11</name>
         <load_address>0xfff6</load_address>
         <run_address>0xfff6</run_address>
         <size>0x2</size>
         <input_file_ref idref="fl-33"/>
      </object_component>
      <object_component id="oc-49">
         <name>.int12</name>
         <load_address>0xfff8</load_address>
         <run_address>0xfff8</run_address>
         <size>0x2</size>
         <input_file_ref idref="fl-34"/>
      </object_component>
      <object_component id="oc-4a">
         <name>.int13</name>
         <load_address>0xfffa</load_address>
         <run_address>0xfffa</run_address>
         <size>0x2</size>
         <input_file_ref idref="fl-35"/>
      </object_component>
      <object_component id="oc-4b">
         <name>.int14</name>
         <load_address>0xfffc</load_address>
         <run_address>0xfffc</run_address>
         <size>0x2</size>
         <input_file_ref idref="fl-36"/>
      </object_component>
      <object_component id="oc-d6">
         <name>.reset</name>
         <load_address>0xfffe</load_address>
         <run_address>0xfffe</run_address>
         <size>0x2</size>
         <input_file_ref idref="fl-3f"/>
      </object_component>
      <object_component id="oc-2da">
         <name>.debug_info</name>
         <load_address>0x0</load_address>
         <run_address>0x0</run_address>
         <size>0x2ff</size>
         <input_file_ref idref="fl-2"/>
      </object_component>
      <object_component id="oc-2dc">
         <name>.debug_info</name>
         <load_address>0x2ff</load_address>
         <run_address>0x2ff</run_address>
         <size>0xe2</size>
         <input_file_ref idref="fl-2"/>
      </object_component>
      <object_component id="oc-266">
         <name>.debug_info</name>
         <load_address>0x3e1</load_address>
         <run_address>0x3e1</run_address>
         <size>0x18b</size>
         <input_file_ref idref="fl-2"/>
      </object_component>
      <object_component id="oc-260">
         <name>.debug_info</name>
         <load_address>0x56c</load_address>
         <run_address>0x56c</run_address>
         <size>0x1ac</size>
         <input_file_ref idref="fl-2"/>
      </object_component>
      <object_component id="oc-25a">
         <name>.debug_info</name>
         <load_address>0x718</load_address>
         <run_address>0x718</run_address>
         <size>0x12b</size>
         <input_file_ref idref="fl-2"/>
      </object_component>
      <object_component id="oc-254">
         <name>.debug_info</name>
         <load_address>0x843</load_address>
         <run_address>0x843</run_address>
         <size>0x16a</size>
         <input_file_ref idref="fl-2"/>
      </object_component>
      <object_component id="oc-24e">
         <name>.debug_info</name>
         <load_address>0x9ad</load_address>
         <run_address>0x9ad</run_address>
         <size>0x182</size>
         <input_file_ref idref="fl-2"/>
      </object_component>
      <object_component id="oc-248">
         <name>.debug_info</name>
         <load_address>0xb2f</load_address>
         <run_address>0xb2f</run_address>
         <size>0x173</size>
         <input_file_ref idref="fl-2"/>
      </object_component>
      <object_component id="oc-218">
         <name>.debug_info</name>
         <load_address>0xca2</load_address>
         <run_address>0xca2</run_address>
         <size>0x14f</size>
         <input_file_ref idref="fl-2"/>
      </object_component>
      <object_component id="oc-23c">
         <name>.debug_info</name>
         <load_address>0xdf1</load_address>
         <run_address>0xdf1</run_address>
         <size>0x135</size>
         <input_file_ref idref="fl-2"/>
      </object_component>
      <object_component id="oc-236">
         <name>.debug_info</name>
         <load_address>0xf26</load_address>
         <run_address>0xf26</run_address>
         <size>0x137</size>
         <input_file_ref idref="fl-2"/>
      </object_component>
      <object_component id="oc-242">
         <name>.debug_info</name>
         <load_address>0x105d</load_address>
         <run_address>0x105d</run_address>
         <size>0x13d</size>
         <input_file_ref idref="fl-2"/>
      </object_component>
      <object_component id="oc-230">
         <name>.debug_info</name>
         <load_address>0x119a</load_address>
         <run_address>0x119a</run_address>
         <size>0x1b5</size>
         <input_file_ref idref="fl-2"/>
      </object_component>
      <object_component id="oc-22a">
         <name>.debug_info</name>
         <load_address>0x134f</load_address>
         <run_address>0x134f</run_address>
         <size>0x4e2</size>
         <input_file_ref idref="fl-2"/>
      </object_component>
      <object_component id="oc-224">
         <name>.debug_info</name>
         <load_address>0x1831</load_address>
         <run_address>0x1831</run_address>
         <size>0x192</size>
         <input_file_ref idref="fl-2"/>
      </object_component>
      <object_component id="oc-21e">
         <name>.debug_info</name>
         <load_address>0x19c3</load_address>
         <run_address>0x19c3</run_address>
         <size>0x19e</size>
         <input_file_ref idref="fl-2"/>
      </object_component>
      <object_component id="oc-2cf">
         <name>.debug_info</name>
         <load_address>0x1b61</load_address>
         <run_address>0x1b61</run_address>
         <size>0x26b</size>
         <input_file_ref idref="fl-2"/>
      </object_component>
      <object_component id="oc-ec">
         <name>.debug_info</name>
         <load_address>0x1dcc</load_address>
         <run_address>0x1dcc</run_address>
         <size>0x84</size>
         <input_file_ref idref="fl-2"/>
      </object_component>
      <object_component id="oc-2ca">
         <name>.debug_info</name>
         <load_address>0x1e50</load_address>
         <run_address>0x1e50</run_address>
         <size>0x209</size>
         <input_file_ref idref="fl-2"/>
      </object_component>
      <object_component id="oc-352">
         <name>.debug_info</name>
         <load_address>0x2059</load_address>
         <run_address>0x2059</run_address>
         <size>0x275</size>
         <input_file_ref idref="fl-2"/>
      </object_component>
      <object_component id="oc-34d">
         <name>.debug_info</name>
         <load_address>0x22ce</load_address>
         <run_address>0x22ce</run_address>
         <size>0xbb</size>
         <input_file_ref idref="fl-2"/>
      </object_component>
      <object_component id="oc-2d4">
         <name>.debug_info</name>
         <load_address>0x2389</load_address>
         <run_address>0x2389</run_address>
         <size>0x207</size>
         <input_file_ref idref="fl-2"/>
      </object_component>
      <object_component id="oc-214">
         <name>.debug_info</name>
         <load_address>0x2590</load_address>
         <run_address>0x2590</run_address>
         <size>0x9b6</size>
         <input_file_ref idref="fl-3"/>
      </object_component>
      <object_component id="oc-310">
         <name>.debug_info</name>
         <load_address>0x2f46</load_address>
         <run_address>0x2f46</run_address>
         <size>0xdd</size>
         <input_file_ref idref="fl-3"/>
      </object_component>
      <object_component id="oc-1b4">
         <name>.debug_info</name>
         <load_address>0x3023</load_address>
         <run_address>0x3023</run_address>
         <size>0xed</size>
         <input_file_ref idref="fl-3"/>
      </object_component>
      <object_component id="oc-315">
         <name>.debug_info</name>
         <load_address>0x3110</load_address>
         <run_address>0x3110</run_address>
         <size>0x133</size>
         <input_file_ref idref="fl-3"/>
      </object_component>
      <object_component id="oc-319">
         <name>.debug_info</name>
         <load_address>0x3243</load_address>
         <run_address>0x3243</run_address>
         <size>0x12f</size>
         <input_file_ref idref="fl-3"/>
      </object_component>
      <object_component id="oc-288">
         <name>.debug_info</name>
         <load_address>0x3372</load_address>
         <run_address>0x3372</run_address>
         <size>0x1e4</size>
         <input_file_ref idref="fl-3"/>
      </object_component>
      <object_component id="oc-27d">
         <name>.debug_info</name>
         <load_address>0x3556</load_address>
         <run_address>0x3556</run_address>
         <size>0x107</size>
         <input_file_ref idref="fl-3"/>
      </object_component>
      <object_component id="oc-191">
         <name>.debug_info</name>
         <load_address>0x365d</load_address>
         <run_address>0x365d</run_address>
         <size>0x10d</size>
         <input_file_ref idref="fl-3"/>
      </object_component>
      <object_component id="oc-197">
         <name>.debug_info</name>
         <load_address>0x376a</load_address>
         <run_address>0x376a</run_address>
         <size>0x109</size>
         <input_file_ref idref="fl-3"/>
      </object_component>
      <object_component id="oc-19c">
         <name>.debug_info</name>
         <load_address>0x3873</load_address>
         <run_address>0x3873</run_address>
         <size>0x109</size>
         <input_file_ref idref="fl-3"/>
      </object_component>
      <object_component id="oc-1af">
         <name>.debug_info</name>
         <load_address>0x397c</load_address>
         <run_address>0x397c</run_address>
         <size>0x116</size>
         <input_file_ref idref="fl-3"/>
      </object_component>
      <object_component id="oc-283">
         <name>.debug_info</name>
         <load_address>0x3a92</load_address>
         <run_address>0x3a92</run_address>
         <size>0x101</size>
         <input_file_ref idref="fl-3"/>
      </object_component>
      <object_component id="oc-1be">
         <name>.debug_info</name>
         <load_address>0x3b93</load_address>
         <run_address>0x3b93</run_address>
         <size>0x181</size>
         <input_file_ref idref="fl-3"/>
      </object_component>
      <object_component id="oc-169">
         <name>.debug_info</name>
         <load_address>0x3d14</load_address>
         <run_address>0x3d14</run_address>
         <size>0x18d</size>
         <input_file_ref idref="fl-3"/>
      </object_component>
      <object_component id="oc-275">
         <name>.debug_info</name>
         <load_address>0x3ea1</load_address>
         <run_address>0x3ea1</run_address>
         <size>0x30f</size>
         <input_file_ref idref="fl-4"/>
      </object_component>
      <object_component id="oc-305">
         <name>.debug_info</name>
         <load_address>0x41b0</load_address>
         <run_address>0x41b0</run_address>
         <size>0xd7</size>
         <input_file_ref idref="fl-4"/>
      </object_component>
      <object_component id="oc-208">
         <name>.debug_info</name>
         <load_address>0x4287</load_address>
         <run_address>0x4287</run_address>
         <size>0x156</size>
         <input_file_ref idref="fl-4"/>
      </object_component>
      <object_component id="oc-20e">
         <name>.debug_info</name>
         <load_address>0x43dd</load_address>
         <run_address>0x43dd</run_address>
         <size>0x18a</size>
         <input_file_ref idref="fl-4"/>
      </object_component>
      <object_component id="oc-271">
         <name>.debug_info</name>
         <load_address>0x4567</load_address>
         <run_address>0x4567</run_address>
         <size>0x1da</size>
         <input_file_ref idref="fl-4"/>
      </object_component>
      <object_component id="oc-1b9">
         <name>.debug_info</name>
         <load_address>0x4741</load_address>
         <run_address>0x4741</run_address>
         <size>0x17e</size>
         <input_file_ref idref="fl-4"/>
      </object_component>
      <object_component id="oc-1aa">
         <name>.debug_info</name>
         <load_address>0x48bf</load_address>
         <run_address>0x48bf</run_address>
         <size>0x16d</size>
         <input_file_ref idref="fl-4"/>
      </object_component>
      <object_component id="oc-1a4">
         <name>.debug_info</name>
         <load_address>0x4a2c</load_address>
         <run_address>0x4a2c</run_address>
         <size>0x355</size>
         <input_file_ref idref="fl-4"/>
      </object_component>
      <object_component id="oc-2c4">
         <name>.debug_info</name>
         <load_address>0x4d81</load_address>
         <run_address>0x4d81</run_address>
         <size>0x124</size>
         <input_file_ref idref="fl-1f"/>
      </object_component>
      <object_component id="oc-2ec">
         <name>.debug_info</name>
         <load_address>0x4ea5</load_address>
         <run_address>0x4ea5</run_address>
         <size>0x13c</size>
         <input_file_ref idref="fl-21"/>
      </object_component>
      <object_component id="oc-35f">
         <name>.debug_info</name>
         <load_address>0x4fe1</load_address>
         <run_address>0x4fe1</run_address>
         <size>0x127</size>
         <input_file_ref idref="fl-22"/>
      </object_component>
      <object_component id="oc-e2">
         <name>.debug_info</name>
         <load_address>0x5108</load_address>
         <run_address>0x5108</run_address>
         <size>0x132</size>
         <input_file_ref idref="fl-23"/>
      </object_component>
      <object_component id="oc-278">
         <name>.debug_info</name>
         <load_address>0x523a</load_address>
         <run_address>0x523a</run_address>
         <size>0x131</size>
         <input_file_ref idref="fl-24"/>
      </object_component>
      <object_component id="oc-2f7">
         <name>.debug_info</name>
         <load_address>0x536b</load_address>
         <run_address>0x536b</run_address>
         <size>0x12e</size>
         <input_file_ref idref="fl-25"/>
      </object_component>
      <object_component id="oc-2f0">
         <name>.debug_info</name>
         <load_address>0x5499</load_address>
         <run_address>0x5499</run_address>
         <size>0x125</size>
         <input_file_ref idref="fl-26"/>
      </object_component>
      <object_component id="oc-2e2">
         <name>.debug_info</name>
         <load_address>0x55be</load_address>
         <run_address>0x55be</run_address>
         <size>0x125</size>
         <input_file_ref idref="fl-27"/>
      </object_component>
      <object_component id="oc-2e7">
         <name>.debug_info</name>
         <load_address>0x56e3</load_address>
         <run_address>0x56e3</run_address>
         <size>0x13b</size>
         <input_file_ref idref="fl-28"/>
      </object_component>
      <object_component id="oc-ff">
         <name>.debug_info</name>
         <load_address>0x581e</load_address>
         <run_address>0x581e</run_address>
         <size>0x113</size>
         <input_file_ref idref="fl-37"/>
      </object_component>
      <object_component id="oc-d9">
         <name>.debug_info</name>
         <load_address>0x5931</load_address>
         <run_address>0x5931</run_address>
         <size>0x124</size>
         <input_file_ref idref="fl-38"/>
      </object_component>
      <object_component id="oc-d4">
         <name>.debug_info</name>
         <load_address>0x5a55</load_address>
         <run_address>0x5a55</run_address>
         <size>0x104</size>
         <input_file_ref idref="fl-3f"/>
      </object_component>
      <object_component id="oc-116">
         <name>.debug_info</name>
         <load_address>0x5b59</load_address>
         <run_address>0x5b59</run_address>
         <size>0x17e</size>
         <input_file_ref idref="fl-3f"/>
      </object_component>
      <object_component id="oc-2a7">
         <name>.debug_info</name>
         <load_address>0x5cd7</load_address>
         <run_address>0x5cd7</run_address>
         <size>0x3e2</size>
         <input_file_ref idref="fl-40"/>
      </object_component>
      <object_component id="oc-1d1">
         <name>.debug_info</name>
         <load_address>0x60b9</load_address>
         <run_address>0x60b9</run_address>
         <size>0x1e4</size>
         <input_file_ref idref="fl-40"/>
      </object_component>
      <object_component id="oc-336">
         <name>.debug_info</name>
         <load_address>0x629d</load_address>
         <run_address>0x629d</run_address>
         <size>0x39</size>
         <input_file_ref idref="fl-40"/>
      </object_component>
      <object_component id="oc-347">
         <name>.debug_info</name>
         <load_address>0x62d6</load_address>
         <run_address>0x62d6</run_address>
         <size>0x2c</size>
         <input_file_ref idref="fl-40"/>
      </object_component>
      <object_component id="oc-2b2">
         <name>.debug_info</name>
         <load_address>0x6302</load_address>
         <run_address>0x6302</run_address>
         <size>0x2c</size>
         <input_file_ref idref="fl-40"/>
      </object_component>
      <object_component id="oc-33b">
         <name>.debug_info</name>
         <load_address>0x632e</load_address>
         <run_address>0x632e</run_address>
         <size>0xcd</size>
         <input_file_ref idref="fl-40"/>
      </object_component>
      <object_component id="oc-15f">
         <name>.debug_info</name>
         <load_address>0x63fb</load_address>
         <run_address>0x63fb</run_address>
         <size>0x179</size>
         <input_file_ref idref="fl-41"/>
      </object_component>
      <object_component id="oc-107">
         <name>.debug_info</name>
         <load_address>0x6574</load_address>
         <run_address>0x6574</run_address>
         <size>0x1d6</size>
         <input_file_ref idref="fl-41"/>
      </object_component>
      <object_component id="oc-15a">
         <name>.debug_info</name>
         <load_address>0x674a</load_address>
         <run_address>0x674a</run_address>
         <size>0x46</size>
         <input_file_ref idref="fl-41"/>
      </object_component>
      <object_component id="oc-14c">
         <name>.debug_info</name>
         <load_address>0x6790</load_address>
         <run_address>0x6790</run_address>
         <size>0x2c</size>
         <input_file_ref idref="fl-41"/>
      </object_component>
      <object_component id="oc-165">
         <name>.debug_info</name>
         <load_address>0x67bc</load_address>
         <run_address>0x67bc</run_address>
         <size>0x157</size>
         <input_file_ref idref="fl-44"/>
      </object_component>
      <object_component id="oc-2a4">
         <name>.debug_info</name>
         <load_address>0x6913</load_address>
         <run_address>0x6913</run_address>
         <size>0x154</size>
         <input_file_ref idref="fl-45"/>
      </object_component>
      <object_component id="oc-1c5">
         <name>.debug_info</name>
         <load_address>0x6a67</load_address>
         <run_address>0x6a67</run_address>
         <size>0x126</size>
         <input_file_ref idref="fl-48"/>
      </object_component>
      <object_component id="oc-14b">
         <name>.debug_info</name>
         <load_address>0x6b8d</load_address>
         <run_address>0x6b8d</run_address>
         <size>0x185</size>
         <input_file_ref idref="fl-4b"/>
      </object_component>
      <object_component id="oc-f3">
         <name>.debug_info</name>
         <load_address>0x6d12</load_address>
         <run_address>0x6d12</run_address>
         <size>0x17e</size>
         <input_file_ref idref="fl-4b"/>
      </object_component>
      <object_component id="oc-3b9">
         <name>.debug_info</name>
         <load_address>0x6e90</load_address>
         <run_address>0x6e90</run_address>
         <size>0xac</size>
      </object_component>
      <object_component id="oc-358">
         <name>.debug_line</name>
         <load_address>0x0</load_address>
         <run_address>0x0</run_address>
         <size>0x5b</size>
         <input_file_ref idref="fl-2"/>
      </object_component>
      <object_component id="oc-35a">
         <name>.debug_line</name>
         <load_address>0x5b</load_address>
         <run_address>0x5b</run_address>
         <size>0x30</size>
         <input_file_ref idref="fl-2"/>
      </object_component>
      <object_component id="oc-269">
         <name>.debug_line</name>
         <load_address>0x8b</load_address>
         <run_address>0x8b</run_address>
         <size>0x57</size>
         <input_file_ref idref="fl-2"/>
      </object_component>
      <object_component id="oc-264">
         <name>.debug_line</name>
         <load_address>0xe2</load_address>
         <run_address>0xe2</run_address>
         <size>0x48</size>
         <input_file_ref idref="fl-2"/>
      </object_component>
      <object_component id="oc-25e">
         <name>.debug_line</name>
         <load_address>0x12a</load_address>
         <run_address>0x12a</run_address>
         <size>0x3e</size>
         <input_file_ref idref="fl-2"/>
      </object_component>
      <object_component id="oc-258">
         <name>.debug_line</name>
         <load_address>0x168</load_address>
         <run_address>0x168</run_address>
         <size>0x48</size>
         <input_file_ref idref="fl-2"/>
      </object_component>
      <object_component id="oc-251">
         <name>.debug_line</name>
         <load_address>0x1b0</load_address>
         <run_address>0x1b0</run_address>
         <size>0x50</size>
         <input_file_ref idref="fl-2"/>
      </object_component>
      <object_component id="oc-24b">
         <name>.debug_line</name>
         <load_address>0x200</load_address>
         <run_address>0x200</run_address>
         <size>0x5d</size>
         <input_file_ref idref="fl-2"/>
      </object_component>
      <object_component id="oc-21b">
         <name>.debug_line</name>
         <load_address>0x25d</load_address>
         <run_address>0x25d</run_address>
         <size>0x4c</size>
         <input_file_ref idref="fl-2"/>
      </object_component>
      <object_component id="oc-240">
         <name>.debug_line</name>
         <load_address>0x2a9</load_address>
         <run_address>0x2a9</run_address>
         <size>0x44</size>
         <input_file_ref idref="fl-2"/>
      </object_component>
      <object_component id="oc-23a">
         <name>.debug_line</name>
         <load_address>0x2ed</load_address>
         <run_address>0x2ed</run_address>
         <size>0x44</size>
         <input_file_ref idref="fl-2"/>
      </object_component>
      <object_component id="oc-245">
         <name>.debug_line</name>
         <load_address>0x331</load_address>
         <run_address>0x331</run_address>
         <size>0x49</size>
         <input_file_ref idref="fl-2"/>
      </object_component>
      <object_component id="oc-233">
         <name>.debug_line</name>
         <load_address>0x37a</load_address>
         <run_address>0x37a</run_address>
         <size>0x58</size>
         <input_file_ref idref="fl-2"/>
      </object_component>
      <object_component id="oc-22e">
         <name>.debug_line</name>
         <load_address>0x3d2</load_address>
         <run_address>0x3d2</run_address>
         <size>0x90</size>
         <input_file_ref idref="fl-2"/>
      </object_component>
      <object_component id="oc-227">
         <name>.debug_line</name>
         <load_address>0x462</load_address>
         <run_address>0x462</run_address>
         <size>0x51</size>
         <input_file_ref idref="fl-2"/>
      </object_component>
      <object_component id="oc-222">
         <name>.debug_line</name>
         <load_address>0x4b3</load_address>
         <run_address>0x4b3</run_address>
         <size>0x55</size>
         <input_file_ref idref="fl-2"/>
      </object_component>
      <object_component id="oc-2d2">
         <name>.debug_line</name>
         <load_address>0x508</load_address>
         <run_address>0x508</run_address>
         <size>0x74</size>
         <input_file_ref idref="fl-2"/>
      </object_component>
      <object_component id="oc-ef">
         <name>.debug_line</name>
         <load_address>0x57c</load_address>
         <run_address>0x57c</run_address>
         <size>0x20</size>
         <input_file_ref idref="fl-2"/>
      </object_component>
      <object_component id="oc-2cd">
         <name>.debug_line</name>
         <load_address>0x59c</load_address>
         <run_address>0x59c</run_address>
         <size>0x2d</size>
         <input_file_ref idref="fl-2"/>
      </object_component>
      <object_component id="oc-355">
         <name>.debug_line</name>
         <load_address>0x5c9</load_address>
         <run_address>0x5c9</run_address>
         <size>0x78</size>
         <input_file_ref idref="fl-2"/>
      </object_component>
      <object_component id="oc-350">
         <name>.debug_line</name>
         <load_address>0x641</load_address>
         <run_address>0x641</run_address>
         <size>0x75</size>
         <input_file_ref idref="fl-2"/>
      </object_component>
      <object_component id="oc-2d7">
         <name>.debug_line</name>
         <load_address>0x6b6</load_address>
         <run_address>0x6b6</run_address>
         <size>0x30</size>
         <input_file_ref idref="fl-2"/>
      </object_component>
      <object_component id="oc-2c9">
         <name>.debug_line</name>
         <load_address>0x6e6</load_address>
         <run_address>0x6e6</run_address>
         <size>0x85</size>
         <input_file_ref idref="fl-3"/>
      </object_component>
      <object_component id="oc-368">
         <name>.debug_line</name>
         <load_address>0x76b</load_address>
         <run_address>0x76b</run_address>
         <size>0x2d</size>
         <input_file_ref idref="fl-3"/>
      </object_component>
      <object_component id="oc-26d">
         <name>.debug_line</name>
         <load_address>0x798</load_address>
         <run_address>0x798</run_address>
         <size>0x2d</size>
         <input_file_ref idref="fl-3"/>
      </object_component>
      <object_component id="oc-314">
         <name>.debug_line</name>
         <load_address>0x7c5</load_address>
         <run_address>0x7c5</run_address>
         <size>0x4c</size>
         <input_file_ref idref="fl-3"/>
      </object_component>
      <object_component id="oc-31c">
         <name>.debug_line</name>
         <load_address>0x811</load_address>
         <run_address>0x811</run_address>
         <size>0x46</size>
         <input_file_ref idref="fl-3"/>
      </object_component>
      <object_component id="oc-28b">
         <name>.debug_line</name>
         <load_address>0x857</load_address>
         <run_address>0x857</run_address>
         <size>0x4b</size>
         <input_file_ref idref="fl-3"/>
      </object_component>
      <object_component id="oc-27c">
         <name>.debug_line</name>
         <load_address>0x8a2</load_address>
         <run_address>0x8a2</run_address>
         <size>0x43</size>
         <input_file_ref idref="fl-3"/>
      </object_component>
      <object_component id="oc-190">
         <name>.debug_line</name>
         <load_address>0x8e5</load_address>
         <run_address>0x8e5</run_address>
         <size>0x45</size>
         <input_file_ref idref="fl-3"/>
      </object_component>
      <object_component id="oc-196">
         <name>.debug_line</name>
         <load_address>0x92a</load_address>
         <run_address>0x92a</run_address>
         <size>0x6d</size>
         <input_file_ref idref="fl-3"/>
      </object_component>
      <object_component id="oc-19f">
         <name>.debug_line</name>
         <load_address>0x997</load_address>
         <run_address>0x997</run_address>
         <size>0x52</size>
         <input_file_ref idref="fl-3"/>
      </object_component>
      <object_component id="oc-1ae">
         <name>.debug_line</name>
         <load_address>0x9e9</load_address>
         <run_address>0x9e9</run_address>
         <size>0x52</size>
         <input_file_ref idref="fl-3"/>
      </object_component>
      <object_component id="oc-282">
         <name>.debug_line</name>
         <load_address>0xa3b</load_address>
         <run_address>0xa3b</run_address>
         <size>0x43</size>
         <input_file_ref idref="fl-3"/>
      </object_component>
      <object_component id="oc-1bd">
         <name>.debug_line</name>
         <load_address>0xa7e</load_address>
         <run_address>0xa7e</run_address>
         <size>0x51</size>
         <input_file_ref idref="fl-3"/>
      </object_component>
      <object_component id="oc-168">
         <name>.debug_line</name>
         <load_address>0xacf</load_address>
         <run_address>0xacf</run_address>
         <size>0x48</size>
         <input_file_ref idref="fl-3"/>
      </object_component>
      <object_component id="oc-309">
         <name>.debug_line</name>
         <load_address>0xb17</load_address>
         <run_address>0xb17</run_address>
         <size>0x5b</size>
         <input_file_ref idref="fl-4"/>
      </object_component>
      <object_component id="oc-366">
         <name>.debug_line</name>
         <load_address>0xb72</load_address>
         <run_address>0xb72</run_address>
         <size>0x31</size>
         <input_file_ref idref="fl-4"/>
      </object_component>
      <object_component id="oc-207">
         <name>.debug_line</name>
         <load_address>0xba3</load_address>
         <run_address>0xba3</run_address>
         <size>0x5f</size>
         <input_file_ref idref="fl-4"/>
      </object_component>
      <object_component id="oc-20d">
         <name>.debug_line</name>
         <load_address>0xc02</load_address>
         <run_address>0xc02</run_address>
         <size>0x45</size>
         <input_file_ref idref="fl-4"/>
      </object_component>
      <object_component id="oc-26f">
         <name>.debug_line</name>
         <load_address>0xc47</load_address>
         <run_address>0xc47</run_address>
         <size>0x62</size>
         <input_file_ref idref="fl-4"/>
      </object_component>
      <object_component id="oc-1b8">
         <name>.debug_line</name>
         <load_address>0xca9</load_address>
         <run_address>0xca9</run_address>
         <size>0x58</size>
         <input_file_ref idref="fl-4"/>
      </object_component>
      <object_component id="oc-1a8">
         <name>.debug_line</name>
         <load_address>0xd01</load_address>
         <run_address>0xd01</run_address>
         <size>0x54</size>
         <input_file_ref idref="fl-4"/>
      </object_component>
      <object_component id="oc-1a2">
         <name>.debug_line</name>
         <load_address>0xd55</load_address>
         <run_address>0xd55</run_address>
         <size>0x6c</size>
         <input_file_ref idref="fl-4"/>
      </object_component>
      <object_component id="oc-2c3">
         <name>.debug_line</name>
         <load_address>0xdc1</load_address>
         <run_address>0xdc1</run_address>
         <size>0x4e</size>
         <input_file_ref idref="fl-1f"/>
      </object_component>
      <object_component id="oc-2eb">
         <name>.debug_line</name>
         <load_address>0xe0f</load_address>
         <run_address>0xe0f</run_address>
         <size>0x5a</size>
         <input_file_ref idref="fl-21"/>
      </object_component>
      <object_component id="oc-361">
         <name>.debug_line</name>
         <load_address>0xe69</load_address>
         <run_address>0xe69</run_address>
         <size>0x64</size>
         <input_file_ref idref="fl-22"/>
      </object_component>
      <object_component id="oc-e5">
         <name>.debug_line</name>
         <load_address>0xecd</load_address>
         <run_address>0xecd</run_address>
         <size>0x40</size>
         <input_file_ref idref="fl-23"/>
      </object_component>
      <object_component id="oc-277">
         <name>.debug_line</name>
         <load_address>0xf0d</load_address>
         <run_address>0xf0d</run_address>
         <size>0x5e</size>
         <input_file_ref idref="fl-24"/>
      </object_component>
      <object_component id="oc-2f9">
         <name>.debug_line</name>
         <load_address>0xf6b</load_address>
         <run_address>0xf6b</run_address>
         <size>0x55</size>
         <input_file_ref idref="fl-25"/>
      </object_component>
      <object_component id="oc-2f3">
         <name>.debug_line</name>
         <load_address>0xfc0</load_address>
         <run_address>0xfc0</run_address>
         <size>0x94</size>
         <input_file_ref idref="fl-26"/>
      </object_component>
      <object_component id="oc-2e1">
         <name>.debug_line</name>
         <load_address>0x1054</load_address>
         <run_address>0x1054</run_address>
         <size>0x3f</size>
         <input_file_ref idref="fl-27"/>
      </object_component>
      <object_component id="oc-2e9">
         <name>.debug_line</name>
         <load_address>0x1093</load_address>
         <run_address>0x1093</run_address>
         <size>0x71</size>
         <input_file_ref idref="fl-28"/>
      </object_component>
      <object_component id="oc-102">
         <name>.debug_line</name>
         <load_address>0x1104</load_address>
         <run_address>0x1104</run_address>
         <size>0x3d</size>
         <input_file_ref idref="fl-37"/>
      </object_component>
      <object_component id="oc-db">
         <name>.debug_line</name>
         <load_address>0x1141</load_address>
         <run_address>0x1141</run_address>
         <size>0x4e</size>
         <input_file_ref idref="fl-38"/>
      </object_component>
      <object_component id="oc-140">
         <name>.debug_line</name>
         <load_address>0x118f</load_address>
         <run_address>0x118f</run_address>
         <size>0x2a</size>
         <input_file_ref idref="fl-3f"/>
      </object_component>
      <object_component id="oc-11a">
         <name>.debug_line</name>
         <load_address>0x11b9</load_address>
         <run_address>0x11b9</run_address>
         <size>0x46</size>
         <input_file_ref idref="fl-3f"/>
      </object_component>
      <object_component id="oc-335">
         <name>.debug_line</name>
         <load_address>0x11ff</load_address>
         <run_address>0x11ff</run_address>
         <size>0xc2</size>
         <input_file_ref idref="fl-40"/>
      </object_component>
      <object_component id="oc-1d3">
         <name>.debug_line</name>
         <load_address>0x12c1</load_address>
         <run_address>0x12c1</run_address>
         <size>0x75</size>
         <input_file_ref idref="fl-40"/>
      </object_component>
      <object_component id="oc-339">
         <name>.debug_line</name>
         <load_address>0x1336</load_address>
         <run_address>0x1336</run_address>
         <size>0x2e</size>
         <input_file_ref idref="fl-40"/>
      </object_component>
      <object_component id="oc-34a">
         <name>.debug_line</name>
         <load_address>0x1364</load_address>
         <run_address>0x1364</run_address>
         <size>0x9d</size>
         <input_file_ref idref="fl-40"/>
      </object_component>
      <object_component id="oc-2b5">
         <name>.debug_line</name>
         <load_address>0x1401</load_address>
         <run_address>0x1401</run_address>
         <size>0x9a</size>
         <input_file_ref idref="fl-40"/>
      </object_component>
      <object_component id="oc-33e">
         <name>.debug_line</name>
         <load_address>0x149b</load_address>
         <run_address>0x149b</run_address>
         <size>0x96</size>
         <input_file_ref idref="fl-40"/>
      </object_component>
      <object_component id="oc-18d">
         <name>.debug_line</name>
         <load_address>0x1531</load_address>
         <run_address>0x1531</run_address>
         <size>0x20</size>
         <input_file_ref idref="fl-41"/>
      </object_component>
      <object_component id="oc-104">
         <name>.debug_line</name>
         <load_address>0x1551</load_address>
         <run_address>0x1551</run_address>
         <size>0x4d</size>
         <input_file_ref idref="fl-41"/>
      </object_component>
      <object_component id="oc-15d">
         <name>.debug_line</name>
         <load_address>0x159e</load_address>
         <run_address>0x159e</run_address>
         <size>0x34</size>
         <input_file_ref idref="fl-41"/>
      </object_component>
      <object_component id="oc-14f">
         <name>.debug_line</name>
         <load_address>0x15d2</load_address>
         <run_address>0x15d2</run_address>
         <size>0x95</size>
         <input_file_ref idref="fl-41"/>
      </object_component>
      <object_component id="oc-164">
         <name>.debug_line</name>
         <load_address>0x1667</load_address>
         <run_address>0x1667</run_address>
         <size>0x3e</size>
         <input_file_ref idref="fl-44"/>
      </object_component>
      <object_component id="oc-2a1">
         <name>.debug_line</name>
         <load_address>0x16a5</load_address>
         <run_address>0x16a5</run_address>
         <size>0x3a</size>
         <input_file_ref idref="fl-45"/>
      </object_component>
      <object_component id="oc-1c7">
         <name>.debug_line</name>
         <load_address>0x16df</load_address>
         <run_address>0x16df</run_address>
         <size>0x3d</size>
         <input_file_ref idref="fl-48"/>
      </object_component>
      <object_component id="oc-18b">
         <name>.debug_line</name>
         <load_address>0x171c</load_address>
         <run_address>0x171c</run_address>
         <size>0x20</size>
         <input_file_ref idref="fl-4b"/>
      </object_component>
      <object_component id="oc-f6">
         <name>.debug_line</name>
         <load_address>0x173c</load_address>
         <run_address>0x173c</run_address>
         <size>0x42</size>
         <input_file_ref idref="fl-4b"/>
      </object_component>
      <object_component id="oc-26a">
         <name>.debug_frame</name>
         <load_address>0x0</load_address>
         <run_address>0x0</run_address>
         <size>0x48</size>
         <input_file_ref idref="fl-2"/>
      </object_component>
      <object_component id="oc-263">
         <name>.debug_frame</name>
         <load_address>0x48</load_address>
         <run_address>0x48</run_address>
         <size>0x44</size>
         <input_file_ref idref="fl-2"/>
      </object_component>
      <object_component id="oc-25d">
         <name>.debug_frame</name>
         <load_address>0x8c</load_address>
         <run_address>0x8c</run_address>
         <size>0x3c</size>
         <input_file_ref idref="fl-2"/>
      </object_component>
      <object_component id="oc-257">
         <name>.debug_frame</name>
         <load_address>0xc8</load_address>
         <run_address>0xc8</run_address>
         <size>0x44</size>
         <input_file_ref idref="fl-2"/>
      </object_component>
      <object_component id="oc-252">
         <name>.debug_frame</name>
         <load_address>0x10c</load_address>
         <run_address>0x10c</run_address>
         <size>0x48</size>
         <input_file_ref idref="fl-2"/>
      </object_component>
      <object_component id="oc-24c">
         <name>.debug_frame</name>
         <load_address>0x154</load_address>
         <run_address>0x154</run_address>
         <size>0x48</size>
         <input_file_ref idref="fl-2"/>
      </object_component>
      <object_component id="oc-21c">
         <name>.debug_frame</name>
         <load_address>0x19c</load_address>
         <run_address>0x19c</run_address>
         <size>0x44</size>
         <input_file_ref idref="fl-2"/>
      </object_component>
      <object_component id="oc-23f">
         <name>.debug_frame</name>
         <load_address>0x1e0</load_address>
         <run_address>0x1e0</run_address>
         <size>0x3c</size>
         <input_file_ref idref="fl-2"/>
      </object_component>
      <object_component id="oc-239">
         <name>.debug_frame</name>
         <load_address>0x21c</load_address>
         <run_address>0x21c</run_address>
         <size>0x3c</size>
         <input_file_ref idref="fl-2"/>
      </object_component>
      <object_component id="oc-246">
         <name>.debug_frame</name>
         <load_address>0x258</load_address>
         <run_address>0x258</run_address>
         <size>0x3c</size>
         <input_file_ref idref="fl-2"/>
      </object_component>
      <object_component id="oc-234">
         <name>.debug_frame</name>
         <load_address>0x294</load_address>
         <run_address>0x294</run_address>
         <size>0x44</size>
         <input_file_ref idref="fl-2"/>
      </object_component>
      <object_component id="oc-22d">
         <name>.debug_frame</name>
         <load_address>0x2d8</load_address>
         <run_address>0x2d8</run_address>
         <size>0x4c</size>
         <input_file_ref idref="fl-2"/>
      </object_component>
      <object_component id="oc-228">
         <name>.debug_frame</name>
         <load_address>0x324</load_address>
         <run_address>0x324</run_address>
         <size>0x44</size>
         <input_file_ref idref="fl-2"/>
      </object_component>
      <object_component id="oc-221">
         <name>.debug_frame</name>
         <load_address>0x368</load_address>
         <run_address>0x368</run_address>
         <size>0x3c</size>
         <input_file_ref idref="fl-2"/>
      </object_component>
      <object_component id="oc-313">
         <name>.debug_frame</name>
         <load_address>0x3a4</load_address>
         <run_address>0x3a4</run_address>
         <size>0x3c</size>
         <input_file_ref idref="fl-3"/>
      </object_component>
      <object_component id="oc-31d">
         <name>.debug_frame</name>
         <load_address>0x3e0</load_address>
         <run_address>0x3e0</run_address>
         <size>0x3c</size>
         <input_file_ref idref="fl-3"/>
      </object_component>
      <object_component id="oc-28c">
         <name>.debug_frame</name>
         <load_address>0x41c</load_address>
         <run_address>0x41c</run_address>
         <size>0x3c</size>
         <input_file_ref idref="fl-3"/>
      </object_component>
      <object_component id="oc-280">
         <name>.debug_frame</name>
         <load_address>0x458</load_address>
         <run_address>0x458</run_address>
         <size>0x3c</size>
         <input_file_ref idref="fl-3"/>
      </object_component>
      <object_component id="oc-194">
         <name>.debug_frame</name>
         <load_address>0x494</load_address>
         <run_address>0x494</run_address>
         <size>0x3c</size>
         <input_file_ref idref="fl-3"/>
      </object_component>
      <object_component id="oc-19a">
         <name>.debug_frame</name>
         <load_address>0x4d0</load_address>
         <run_address>0x4d0</run_address>
         <size>0x3c</size>
         <input_file_ref idref="fl-3"/>
      </object_component>
      <object_component id="oc-1a0">
         <name>.debug_frame</name>
         <load_address>0x50c</load_address>
         <run_address>0x50c</run_address>
         <size>0x3c</size>
         <input_file_ref idref="fl-3"/>
      </object_component>
      <object_component id="oc-1b2">
         <name>.debug_frame</name>
         <load_address>0x548</load_address>
         <run_address>0x548</run_address>
         <size>0x40</size>
         <input_file_ref idref="fl-3"/>
      </object_component>
      <object_component id="oc-286">
         <name>.debug_frame</name>
         <load_address>0x588</load_address>
         <run_address>0x588</run_address>
         <size>0x3c</size>
         <input_file_ref idref="fl-3"/>
      </object_component>
      <object_component id="oc-1c1">
         <name>.debug_frame</name>
         <load_address>0x5c4</load_address>
         <run_address>0x5c4</run_address>
         <size>0x50</size>
         <input_file_ref idref="fl-3"/>
      </object_component>
      <object_component id="oc-16c">
         <name>.debug_frame</name>
         <load_address>0x614</load_address>
         <run_address>0x614</run_address>
         <size>0x3c</size>
         <input_file_ref idref="fl-3"/>
      </object_component>
      <object_component id="oc-206">
         <name>.debug_frame</name>
         <load_address>0x650</load_address>
         <run_address>0x650</run_address>
         <size>0x3c</size>
         <input_file_ref idref="fl-4"/>
      </object_component>
      <object_component id="oc-20c">
         <name>.debug_frame</name>
         <load_address>0x68c</load_address>
         <run_address>0x68c</run_address>
         <size>0x3c</size>
         <input_file_ref idref="fl-4"/>
      </object_component>
      <object_component id="oc-270">
         <name>.debug_frame</name>
         <load_address>0x6c8</load_address>
         <run_address>0x6c8</run_address>
         <size>0x44</size>
         <input_file_ref idref="fl-4"/>
      </object_component>
      <object_component id="oc-1b7">
         <name>.debug_frame</name>
         <load_address>0x70c</load_address>
         <run_address>0x70c</run_address>
         <size>0x50</size>
         <input_file_ref idref="fl-4"/>
      </object_component>
      <object_component id="oc-1a9">
         <name>.debug_frame</name>
         <load_address>0x75c</load_address>
         <run_address>0x75c</run_address>
         <size>0x3c</size>
         <input_file_ref idref="fl-4"/>
      </object_component>
      <object_component id="oc-1a3">
         <name>.debug_frame</name>
         <load_address>0x798</load_address>
         <run_address>0x798</run_address>
         <size>0x40</size>
         <input_file_ref idref="fl-4"/>
      </object_component>
      <object_component id="oc-119">
         <name>.debug_frame</name>
         <load_address>0x7d8</load_address>
         <run_address>0x7d8</run_address>
         <size>0x34</size>
         <input_file_ref idref="fl-3f"/>
      </object_component>
      <object_component id="oc-1d4">
         <name>.debug_frame</name>
         <load_address>0x80c</load_address>
         <run_address>0x80c</run_address>
         <size>0x44</size>
         <input_file_ref idref="fl-40"/>
      </object_component>
      <object_component id="oc-106">
         <name>.debug_frame</name>
         <load_address>0x850</load_address>
         <run_address>0x850</run_address>
         <size>0x3c</size>
         <input_file_ref idref="fl-41"/>
      </object_component>
      <object_component id="oc-162">
         <name>.debug_frame</name>
         <load_address>0x88c</load_address>
         <run_address>0x88c</run_address>
         <size>0x3c</size>
         <input_file_ref idref="fl-44"/>
      </object_component>
      <object_component id="oc-2a2">
         <name>.debug_frame</name>
         <load_address>0x8c8</load_address>
         <run_address>0x8c8</run_address>
         <size>0x3c</size>
         <input_file_ref idref="fl-45"/>
      </object_component>
      <object_component id="oc-1c8">
         <name>.debug_frame</name>
         <load_address>0x904</load_address>
         <run_address>0x904</run_address>
         <size>0x3c</size>
         <input_file_ref idref="fl-48"/>
      </object_component>
      <object_component id="oc-f2">
         <name>.debug_frame</name>
         <load_address>0x940</load_address>
         <run_address>0x940</run_address>
         <size>0x3c</size>
         <input_file_ref idref="fl-4b"/>
      </object_component>
      <object_component id="oc-357">
         <name>.debug_abbrev</name>
         <load_address>0x0</load_address>
         <run_address>0x0</run_address>
         <size>0x9e</size>
         <input_file_ref idref="fl-2"/>
      </object_component>
      <object_component id="oc-359">
         <name>.debug_abbrev</name>
         <load_address>0x9e</load_address>
         <run_address>0x9e</run_address>
         <size>0x29</size>
         <input_file_ref idref="fl-2"/>
      </object_component>
      <object_component id="oc-303">
         <name>.debug_abbrev</name>
         <load_address>0xc7</load_address>
         <run_address>0xc7</run_address>
         <size>0x7b</size>
         <input_file_ref idref="fl-2"/>
      </object_component>
      <object_component id="oc-302">
         <name>.debug_abbrev</name>
         <load_address>0x142</load_address>
         <run_address>0x142</run_address>
         <size>0x89</size>
         <input_file_ref idref="fl-2"/>
      </object_component>
      <object_component id="oc-301">
         <name>.debug_abbrev</name>
         <load_address>0x1cb</load_address>
         <run_address>0x1cb</run_address>
         <size>0x5e</size>
         <input_file_ref idref="fl-2"/>
      </object_component>
      <object_component id="oc-300">
         <name>.debug_abbrev</name>
         <load_address>0x229</load_address>
         <run_address>0x229</run_address>
         <size>0x7b</size>
         <input_file_ref idref="fl-2"/>
      </object_component>
      <object_component id="oc-2ff">
         <name>.debug_abbrev</name>
         <load_address>0x2a4</load_address>
         <run_address>0x2a4</run_address>
         <size>0x7b</size>
         <input_file_ref idref="fl-2"/>
      </object_component>
[...]
         <name>ADC12MCTL3</name>
         <value>0x83</value>
      </symbol>
      <symbol id="sm-7a">
         <name>ADC12MCTL4</name>
         <value>0x84</value>
      </symbol>
      <symbol id="sm-7b">
         <name>ADC12MCTL5</name>
         <value>0x85</value>
      </symbol>
      <symbol id="sm-7c">
         <name>ADC12MCTL6</name>
         <value>0x86</value>
      </symbol>
      <symbol id="sm-7d">
         <name>ADC12MCTL7</name>
         <value>0x87</value>
      </symbol>
      <symbol id="sm-7e">
         <name>ADC12MCTL8</name>
         <value>0x88</value>
      </symbol>
      <symbol id="sm-7f">
         <name>ADC12MCTL9</name>
         <value>0x89</value>
      </symbol>
      <symbol id="sm-80">
         <name>ADC12MCTL10</name>
         <value>0x8a</value>
      </symbol>
      <symbol id="sm-81">
         <name>ADC12MCTL11</name>
         <value>0x8b</value>
      </symbol>
      <symbol id="sm-82">
         <name>ADC12MCTL12</name>
         <value>0x8c</value>
      </symbol>
      <symbol id="sm-83">
         <name>ADC12MCTL13</name>
         <value>0x8d</value>
      </symbol>
      <symbol id="sm-84">
         <name>ADC12MCTL14</name>
         <value>0x8e</value>
      </symbol>
      <symbol id="sm-85">
         <name>ADC12MCTL15</name>
         <value>0x8f</value>
      </symbol>
      <symbol id="sm-86">
         <name>__TI_CINIT_Base</name>
         <value>0x25c4</value>
      </symbol>
      <symbol id="sm-87">
         <name>__TI_CINIT_Limit</name>
         <value>0x25c8</value>
      </symbol>
      <symbol id="sm-88">
         <name>__TI_Handler_Table_Base</name>
         <value>0x25c2</value>
      </symbol>
      <symbol id="sm-89">
         <name>__TI_Handler_Table_Limit</name>
         <value>0x25c4</value>
      </symbol>
      <symbol id="sm-8a">
         <name>__STACK_SIZE</name>
         <value>0x50</value>
      </symbol>
      <symbol id="sm-8b">
         <name>__STACK_END</name>
         <value>0xa00</value>
      </symbol>
      <symbol id="sm-8c">
         <name>__c_args__</name>
         <value>0xffffffff</value>
      </symbol>
      <symbol id="sm-8d">
         <name>__TI_pprof_out_hndl</name>
         <value>0xffffffff</value>
      </symbol>
      <symbol id="sm-8e">
         <name>__TI_prof_data_start</name>
         <value>0xffffffff</value>
      </symbol>
      <symbol id="sm-8f">
         <name>__TI_prof_data_size</name>
         <value>0xffffffff</value>
      </symbol>
      <symbol id="sm-160">
         <name>ds18b20_hw_read_line</name>
         <value>0x1e66</value>
         <object_component_ref idref="oc-241"/>
      </symbol>
      <symbol id="sm-161">
         <name>ds18b20_read_id</name>
         <value>0x1da2</value>
         <object_component_ref idref="oc-253"/>
      </symbol>
      <symbol id="sm-162">
         <name>crc_table</name>
         <value>0x24a2</value>
         <object_component_ref idref="oc-2db"/>
      </symbol>
      <symbol id="sm-163">
         <name>ds18b20_read_byte</name>
         <value>0x18c4</value>
         <object_component_ref idref="oc-247"/>
      </symbol>
      <symbol id="sm-164">
         <name>ds18b20_read_bytes</name>
         <value>0x1d78</value>
         <object_component_ref idref="oc-24d"/>
      </symbol>
      <symbol id="sm-165">
         <name>ds18b20_write_byte</name>
         <value>0x1a2c</value>
         <object_component_ref idref="oc-265"/>
      </symbol>
      <symbol id="sm-166">
         <name>ds18b20_float_2_ascii</name>
         <value>0x1100</value>
         <object_component_ref idref="oc-229"/>
      </symbol>
      <symbol id="sm-167">
         <name>ds18b20_config</name>
         <value>0x1712</value>
         <object_component_ref idref="oc-223"/>
      </symbol>
      <symbol id="sm-168">
         <name>ds18b20_save_temp_string</name>
         <value>0x1c9a</value>
         <object_component_ref idref="oc-25f"/>
      </symbol>
      <symbol id="sm-169">
         <name>ds18b20_get_temp</name>
         <value>0x1556</value>
         <object_component_ref idref="oc-22f"/>
      </symbol>
      <symbol id="sm-16a">
         <name>ds18b20_check_crc</name>
         <value>0x1ddc</value>
         <object_component_ref idref="oc-21d"/>
      </symbol>
      <symbol id="sm-16b">
         <name>ds18b20_reset</name>
         <value>0x1eb0</value>
         <object_component_ref idref="oc-259"/>
      </symbol>
      <symbol id="sm-16c">
         <name>ds18b20_hw_set_low</name>
         <value>0x1e7c</value>
         <object_component_ref idref="oc-23b"/>
      </symbol>
      <symbol id="sm-16d">
         <name>ds18b20_init</name>
         <value>0x1a82</value>
         <object_component_ref idref="oc-217"/>
      </symbol>
      <symbol id="sm-16e">
         <name>ds18b20_hw_set_high</name>
         <value>0x1e72</value>
         <object_component_ref idref="oc-235"/>
      </symbol>
      <symbol id="sm-1d6">
         <name>dev</name>
         <value>0x200</value>
      </symbol>
      <symbol id="sm-1d7">
         <name>p_dev</name>
         <value>0x254</value>
      </symbol>
      <symbol id="sm-1d8">
         <name>temp</name>
         <value>0x248</value>
      </symbol>
      <symbol id="sm-1d9">
         <name>uart_0_send_temp</name>
         <value>0x1860</value>
         <object_component_ref idref="oc-287"/>
      </symbol>
      <symbol id="sm-1da">
         <name>GPIO_INIT</name>
         <value>0x1922</value>
         <object_component_ref idref="oc-195"/>
      </symbol>
      <symbol id="sm-1db">
         <name>uart_0_put_char</name>
         <value>0x1e58</value>
         <object_component_ref idref="oc-318"/>
      </symbol>
      <symbol id="sm-1dc">
         <name>SYSTEM_INIT</name>
         <value>0x1e0e</value>
         <object_component_ref idref="oc-18f"/>
      </symbol>
      <symbol id="sm-1dd">
         <name>main</name>
         <value>0x1cf4</value>
         <object_component_ref idref="oc-167"/>
      </symbol>
      <symbol id="sm-1de">
         <name>UART_INIT</name>
         <value>0x19d6</value>
         <object_component_ref idref="oc-19b"/>
      </symbol>
      <symbol id="sm-1df">
         <name>alarm</name>
         <value>0x1e9e</value>
         <object_component_ref idref="oc-281"/>
      </symbol>
      <symbol id="sm-1e0">
         <name>DS18B20_INIT</name>
         <value>0x15f6</value>
         <object_component_ref idref="oc-1ad"/>
      </symbol>
      <symbol id="sm-1e1">
         <name>uart_0_send_str</name>
         <value>0x1df8</value>
         <object_component_ref idref="oc-312"/>
      </symbol>
      <symbol id="sm-1e2">
         <name>do_tast</name>
         <value>0x17f2</value>
         <object_component_ref idref="oc-1bc"/>
      </symbol>
      <symbol id="sm-1e3">
         <name>no_alarm</name>
         <value>0x1ea4</value>
         <object_component_ref idref="oc-27b"/>
      </symbol>
      <symbol id="sm-1e4">
         <name>temp_str</name>
         <value>0x25b0</value>
         <object_component_ref idref="oc-30f"/>
      </symbol>
      <symbol id="sm-1e5">
         <name>oled_welcome_str</name>
         <value>0x25b8</value>
         <object_component_ref idref="oc-1b3"/>
      </symbol>
      <symbol id="sm-22d">
         <name>OLED_WR_Byte</name>
         <value>0x1ad0</value>
         <object_component_ref idref="oc-205"/>
      </symbol>
      <symbol id="sm-22e">
         <name>OLED_Init</name>
         <value>0x135c</value>
         <object_component_ref idref="oc-1a1"/>
      </symbol>
      <symbol id="sm-22f">
         <name>F8X16</name>
         <value>0x1eb2</value>
         <object_component_ref idref="oc-304"/>
      </symbol>
      <symbol id="sm-230">
         <name>OLED_ShowString</name>
         <value>0x1c28</value>
         <object_component_ref idref="oc-1b6"/>
      </symbol>
      <symbol id="sm-231">
         <name>OLED_ShowChar</name>
         <value>0x1784</value>
         <object_component_ref idref="oc-26e"/>
      </symbol>
      <symbol id="sm-232">
         <name>OLED_Clear</name>
         <value>0x1ba8</value>
         <object_component_ref idref="oc-1a7"/>
      </symbol>
      <symbol id="sm-233">
         <name>OLED_Set_Pos</name>
         <value>0x1cc8</value>
         <object_component_ref idref="oc-20b"/>
      </symbol>
      <symbol id="sm-23b">
         <name>__mspabi_srai</name>
         <value>0x1d20</value>
         <object_component_ref idref="oc-2c2"/>
      </symbol>
      <symbol id="sm-23c">
         <name>__mspabi_srai_8</name>
         <value>0x1d3a</value>
         <object_component_ref idref="oc-2c2"/>
      </symbol>
      <symbol id="sm-23d">
         <name>__mspabi_srai_9</name>
         <value>0x1d38</value>
         <object_component_ref idref="oc-2c2"/>
      </symbol>
      <symbol id="sm-23e">
         <name>__mspabi_srai_6</name>
         <value>0x1d3e</value>
         <object_component_ref idref="oc-2c2"/>
      </symbol>
      <symbol id="sm-23f">
         <name>__mspabi_srai_7</name>
         <value>0x1d3c</value>
         <object_component_ref idref="oc-2c2"/>
      </symbol>
      <symbol id="sm-240">
         <name>__mspabi_srai_4</name>
         <value>0x1d42</value>
         <object_component_ref idref="oc-2c2"/>
      </symbol>
      <symbol id="sm-241">
         <name>__mspabi_srai_5</name>
         <value>0x1d40</value>
         <object_component_ref idref="oc-2c2"/>
      </symbol>
      <symbol id="sm-242">
         <name>__mspabi_srai_2</name>
         <value>0x1d46</value>
         <object_component_ref idref="oc-2c2"/>
      </symbol>
      <symbol id="sm-243">
         <name>__mspabi_srai_3</name>
         <value>0x1d44</value>
         <object_component_ref idref="oc-2c2"/>
      </symbol>
      <symbol id="sm-244">
         <name>__mspabi_srai_1</name>
         <value>0x1d48</value>
         <object_component_ref idref="oc-2c2"/>
      </symbol>
      <symbol id="sm-245">
         <name>__mspabi_srai_15</name>
         <value>0x1d2c</value>
         <object_component_ref idref="oc-2c2"/>
      </symbol>
      <symbol id="sm-246">
         <name>__mspabi_srai_14</name>
         <value>0x1d2e</value>
         <object_component_ref idref="oc-2c2"/>
      </symbol>
      <symbol id="sm-247">
         <name>__mspabi_srai_13</name>
         <value>0x1d30</value>
         <object_component_ref idref="oc-2c2"/>
      </symbol>
      <symbol id="sm-248">
         <name>__mspabi_srai_12</name>
         <value>0x1d32</value>
         <object_component_ref idref="oc-2c2"/>
      </symbol>
      <symbol id="sm-249">
         <name>__mspabi_srai_11</name>
         <value>0x1d34</value>
         <object_component_ref idref="oc-2c2"/>
      </symbol>
      <symbol id="sm-24a">
         <name>__mspabi_srai_10</name>
         <value>0x1d36</value>
         <object_component_ref idref="oc-2c2"/>
      </symbol>
      <symbol id="sm-257">
         <name>__mspabi_remli</name>
         <value>0x1be8</value>
         <object_component_ref idref="oc-2ea"/>
      </symbol>
      <symbol id="sm-258">
         <name>__mspabi_divli</name>
         <value>0x1be8</value>
         <object_component_ref idref="oc-2ea"/>
      </symbol>
      <symbol id="sm-266">
         <name>__mspabi_remul</name>
         <value>0x197e</value>
         <object_component_ref idref="oc-35d"/>
      </symbol>
      <symbol id="sm-267">
         <name>__mspabi_divul</name>
         <value>0x197e</value>
         <object_component_ref idref="oc-35d"/>
      </symbol>
      <symbol id="sm-270">
         <name>__mspabi_func_epilog_2</name>
         <value>0x1e52</value>
         <object_component_ref idref="oc-e1"/>
      </symbol>
      <symbol id="sm-271">
         <name>__mspabi_func_epilog_3</name>
         <value>0x1e50</value>
         <object_component_ref idref="oc-e1"/>
      </symbol>
      <symbol id="sm-272">
         <name>__mspabi_func_epilog_1</name>
         <value>0x1e54</value>
         <object_component_ref idref="oc-e1"/>
      </symbol>
      <symbol id="sm-273">
         <name>__mspabi_func_epilog_6</name>
         <value>0x1e4a</value>
         <object_component_ref idref="oc-e1"/>
      </symbol>
      <symbol id="sm-274">
         <name>__mspabi_func_epilog_7</name>
         <value>0x1e48</value>
         <object_component_ref idref="oc-e1"/>
      </symbol>
      <symbol id="sm-275">
         <name>__mspabi_func_epilog_4</name>
         <value>0x1e4e</value>
         <object_component_ref idref="oc-e1"/>
      </symbol>
      <symbol id="sm-276">
         <name>__mspabi_func_epilog_5</name>
         <value>0x1e4c</value>
         <object_component_ref idref="oc-e1"/>
      </symbol>
      <symbol id="sm-286">
         <name>__mspabi_cmpf</name>
         <value>0x1b1c</value>
         <object_component_ref idref="oc-276"/>
      </symbol>
      <symbol id="sm-293">
         <name>__mspabi_fltif</name>
         <value>0x1c64</value>
         <object_component_ref idref="oc-2f5"/>
      </symbol>
      <symbol id="sm-2aa">
         <name>__mspabi_mpyf</name>
         <value>0x1492</value>
         <object_component_ref idref="oc-2ef"/>
      </symbol>
      <symbol id="sm-2b3">
         <name>__mspabi_negf</name>
         <value>0x1e86</value>
         <object_component_ref idref="oc-2e0"/>
      </symbol>
      <symbol id="sm-2c6">
         <name>__mspabi_fixfli</name>
         <value>0x1694</value>
         <object_component_ref idref="oc-2e5"/>
      </symbol>
      <symbol id="sm-2c9">
         <name>__TI_int01</name>
         <value>0xffe2</value>
         <object_component_ref idref="oc-3e"/>
      </symbol>
      <symbol id="sm-2cc">
         <name>__TI_int02</name>
         <value>0xffe4</value>
         <object_component_ref idref="oc-3f"/>
      </symbol>
      <symbol id="sm-2cf">
         <name>__TI_int03</name>
         <value>0xffe6</value>
         <object_component_ref idref="oc-40"/>
      </symbol>
      <symbol id="sm-2d2">
         <name>__TI_int04</name>
         <value>0xffe8</value>
         <object_component_ref idref="oc-41"/>
      </symbol>
      <symbol id="sm-2d5">
         <name>__TI_int05</name>
         <value>0xffea</value>
         <object_component_ref idref="oc-42"/>
      </symbol>
      <symbol id="sm-2d8">
         <name>__TI_int06</name>
         <value>0xffec</value>
         <object_component_ref idref="oc-43"/>
      </symbol>
      <symbol id="sm-2db">
         <name>__TI_int07</name>
         <value>0xffee</value>
         <object_component_ref idref="oc-44"/>
      </symbol>
      <symbol id="sm-2de">
         <name>__TI_int08</name>
         <value>0xfff0</value>
         <object_component_ref idref="oc-45"/>
      </symbol>
      <symbol id="sm-2e1">
         <name>__TI_int09</name>
         <value>0xfff2</value>
         <object_component_ref idref="oc-46"/>
      </symbol>
      <symbol id="sm-2e4">
         <name>__TI_int10</name>
         <value>0xfff4</value>
         <object_component_ref idref="oc-47"/>
      </symbol>
      <symbol id="sm-2e7">
         <name>__TI_int11</name>
         <value>0xfff6</value>
         <object_component_ref idref="oc-48"/>
      </symbol>
      <symbol id="sm-2ea">
         <name>__TI_int12</name>
         <value>0xfff8</value>
         <object_component_ref idref="oc-49"/>
      </symbol>
      <symbol id="sm-2ed">
         <name>__TI_int13</name>
         <value>0xfffa</value>
         <object_component_ref idref="oc-4a"/>
      </symbol>
      <symbol id="sm-2f0">
         <name>__TI_int14</name>
         <value>0xfffc</value>
         <object_component_ref idref="oc-4b"/>
      </symbol>
      <symbol id="sm-2f8">
         <name>__TI_ISR_TRAP</name>
         <value>0x1e90</value>
         <object_component_ref idref="oc-fe"/>
      </symbol>
      <symbol id="sm-300">
         <name>__mspabi_slli</name>
         <value>0x1d4c</value>
         <object_component_ref idref="oc-d7"/>
      </symbol>
      <symbol id="sm-301">
         <name>__mspabi_slli_9</name>
         <value>0x1d64</value>
         <object_component_ref idref="oc-d7"/>
      </symbol>
      <symbol id="sm-302">
         <name>__mspabi_slli_8</name>
         <value>0x1d66</value>
         <object_component_ref idref="oc-d7"/>
      </symbol>
      <symbol id="sm-303">
         <name>__mspabi_slli_7</name>
         <value>0x1d68</value>
         <object_component_ref idref="oc-d7"/>
      </symbol>
      <symbol id="sm-304">
         <name>__mspabi_slli_6</name>
         <value>0x1d6a</value>
         <object_component_ref idref="oc-d7"/>
      </symbol>
      <symbol id="sm-305">
         <name>__mspabi_slli_5</name>
         <value>0x1d6c</value>
         <object_component_ref idref="oc-d7"/>
      </symbol>
      <symbol id="sm-306">
         <name>__mspabi_slli_4</name>
         <value>0x1d6e</value>
         <object_component_ref idref="oc-d7"/>
      </symbol>
      <symbol id="sm-307">
         <name>__mspabi_slli_3</name>
         <value>0x1d70</value>
         <object_component_ref idref="oc-d7"/>
      </symbol>
      <symbol id="sm-308">
         <name>__mspabi_slli_2</name>
         <value>0x1d72</value>
         <object_component_ref idref="oc-d7"/>
      </symbol>
      <symbol id="sm-309">
         <name>__mspabi_slli_1</name>
         <value>0x1d74</value>
         <object_component_ref idref="oc-d7"/>
      </symbol>
      <symbol id="sm-30a">
         <name>__mspabi_slli_15</name>
         <value>0x1d58</value>
         <object_component_ref idref="oc-d7"/>
      </symbol>
      <symbol id="sm-30b">
         <name>__mspabi_slli_14</name>
         <value>0x1d5a</value>
         <object_component_ref idref="oc-d7"/>
      </symbol>
      <symbol id="sm-30c">
         <name>__mspabi_slli_13</name>
         <value>0x1d5c</value>
         <object_component_ref idref="oc-d7"/>
      </symbol>
      <symbol id="sm-30d">
         <name>__mspabi_slli_12</name>
         <value>0x1d5e</value>
         <object_component_ref idref="oc-d7"/>
      </symbol>
      <symbol id="sm-30e">
         <name>__mspabi_slli_11</name>
         <value>0x1d60</value>
         <object_component_ref idref="oc-d7"/>
      </symbol>
      <symbol id="sm-30f">
         <name>__mspabi_slli_10</name>
         <value>0x1d62</value>
         <object_component_ref idref="oc-d7"/>
      </symbol>
      <symbol id="sm-325">
         <name>_stack</name>
         <value>0x9b0</value>
         <object_component_ref idref="oc-d3"/>
      </symbol>
      <symbol id="sm-326">
         <name>_c_int00_noargs</name>
         <value>0x1dc0</value>
         <object_component_ref idref="oc-115"/>
      </symbol>
      <symbol id="sm-327">
         <name>_reset_vector</name>
         <value>0xfffe</value>
         <object_component_ref idref="oc-d6"/>
      </symbol>
      <symbol id="sm-349">
         <name>__TI_auto_init_nobinit_nopinit</name>
         <value>0x1b66</value>
         <object_component_ref idref="oc-1cf"/>
      </symbol>
      <symbol id="sm-361">
         <name>__TI_zero_init_nomemset</name>
         <value>0x1e22</value>
         <object_component_ref idref="oc-103"/>
      </symbol>
      <symbol id="sm-36c">
         <name>_system_pre_init</name>
         <value>0x1eaa</value>
         <object_component_ref idref="oc-161"/>
      </symbol>
      <symbol id="sm-375">
         <name>_system_post_cinit</name>
         <value>0x1eae</value>
         <object_component_ref idref="oc-2a0"/>
      </symbol>
      <symbol id="sm-381">
         <name>C$$EXIT</name>
         <value>0x1e98</value>
         <object_component_ref idref="oc-1c3"/>
      </symbol>
      <symbol id="sm-382">
         <name>abort</name>
         <value>0x1e98</value>
         <object_component_ref idref="oc-1c3"/>
      </symbol>
      <symbol id="sm-392">
         <name>memcpy</name>
         <value>0x1e36</value>
         <object_component_ref idref="oc-f1"/>
      </symbol>
   </symbol_table>
   <title>Link successful</title>
</link_info>
