<?xml version="1.0"?>
<link_info>
   <banner>MSP430 Linker PC v16.9.6.LTS</banner>
   <copyright>Copyright (c) 2003-2017 Texas Instruments Incorporated</copyright>
   <link_time>0x5ae4100e</link_time>
   <link_errors>0x0</link_errors>
   <output_file>Q07_18B20_SPIOLED_MSP430F14x_CCS74.out</output_file>
   <entry_point>
      <name>_c_int00_noargs_noexit</name>
      <address>0x1cea</address>
   </entry_point>
   <input_file_list>
      <input_file id="fl-2">
         <path>.\</path>
         <kind>object</kind>
         <file>ds18b20.obj</file>
         <name>ds18b20.obj</name>
      </input_file>
      <input_file id="fl-3">
         <path>.\</path>
         <kind>object</kind>
         <file>main.obj</file>
         <name>main.obj</name>
      </input_file>
      <input_file id="fl-4">
         <path>.\</path>
         <kind>object</kind>
         <file>oled.obj</file>
         <name>oled.obj</name>
      </input_file>
      <input_file id="fl-9">
         <kind>object</kind>
         <file>&lt;internal&gt;</file>
         <name>&lt;internal&gt;</name>
      </input_file>
      <input_file id="fl-1f">
         <path>D:\opt\ti\ccsv7\tools\compiler\ti-cgt-msp430_16.9.6.LTS\lib\</path>
         <kind>archive</kind>
         <file>rts430_eabi.lib</file>
         <name>asr16.obj</name>
      </input_file>
      <input_file id="fl-20">
         <path>D:\opt\ti\ccsv7\tools\compiler\ti-cgt-msp430_16.9.6.LTS\lib\</path>
         <kind>archive</kind>
         <file>rts430_eabi.lib</file>
         <name>boot.obj</name>
      </input_file>
      <input_file id="fl-21">
         <path>D:\opt\ti\ccsv7\tools\compiler\ti-cgt-msp430_16.9.6.LTS\lib\</path>
         <kind>archive</kind>
         <file>rts430_eabi.lib</file>
         <name>boot_special.obj</name>
      </input_file>
      <input_file id="fl-22">
         <path>D:\opt\ti\ccsv7\tools\compiler\ti-cgt-msp430_16.9.6.LTS\lib\</path>
         <kind>archive</kind>
         <file>rts430_eabi.lib</file>
         <name>copy_decompress_lzss.obj</name>
      </input_file>
      <input_file id="fl-23">
         <path>D:\opt\ti\ccsv7\tools\compiler\ti-cgt-msp430_16.9.6.LTS\lib\</path>
         <kind>archive</kind>
         <file>rts430_eabi.lib</file>
         <name>copy_decompress_none.obj</name>
      </input_file>
      <input_file id="fl-24">
         <path>D:\opt\ti\ccsv7\tools\compiler\ti-cgt-msp430_16.9.6.LTS\lib\</path>
         <kind>archive</kind>
         <file>rts430_eabi.lib</file>
         <name>copy_zero_init.obj</name>
      </input_file>
      <input_file id="fl-25">
         <path>D:\opt\ti\ccsv7\tools\compiler\ti-cgt-msp430_16.9.6.LTS\lib\</path>
         <kind>archive</kind>
         <file>rts430_eabi.lib</file>
         <name>div16u.obj</name>
      </input_file>
      <input_file id="fl-26">
         <path>D:\opt\ti\ccsv7\tools\compiler\ti-cgt-msp430_16.9.6.LTS\lib\</path>
         <kind>archive</kind>
         <file>rts430_eabi.lib</file>
         <name>div32s.obj</name>
      </input_file>
      <input_file id="fl-27">
         <path>D:\opt\ti\ccsv7\tools\compiler\ti-cgt-msp430_16.9.6.LTS\lib\</path>
         <kind>archive</kind>
         <file>rts430_eabi.lib</file>
         <name>div32u.obj</name>
      </input_file>
      <input_file id="fl-28">
         <path>D:\opt\ti\ccsv7\tools\compiler\ti-cgt-msp430_16.9.6.LTS\lib\</path>
         <kind>archive</kind>
         <file>rts430_eabi.lib</file>
         <name>epilog.obj</name>
      </input_file>
      <input_file id="fl-29">
         <path>D:\opt\ti\ccsv7\tools\compiler\ti-cgt-msp430_16.9.6.LTS\lib\</path>
         <kind>archive</kind>
         <file>rts430_eabi.lib</file>
         <name>exit.obj</name>
      </input_file>
      <input_file id="fl-2a">
         <path>D:\opt\ti\ccsv7\tools\compiler\ti-cgt-msp430_16.9.6.LTS\lib\</path>
         <kind>archive</kind>
         <file>rts430_eabi.lib</file>
         <name>exit_gvars.obj</name>
      </input_file>
      <input_file id="fl-2b">
         <path>D:\opt\ti\ccsv7\tools\compiler\ti-cgt-msp430_16.9.6.LTS\lib\</path>
         <kind>archive</kind>
         <file>rts430_eabi.lib</file>
         <name>fs_cmp.obj</name>
      </input_file>
      <input_file id="fl-2c">
         <path>D:\opt\ti\ccsv7\tools\compiler\ti-cgt-msp430_16.9.6.LTS\lib\</path>
         <kind>archive</kind>
         <file>rts430_eabi.lib</file>
         <name>fs_itof.obj</name>
      </input_file>
      <input_file id="fl-2d">
         <path>D:\opt\ti\ccsv7\tools\compiler\ti-cgt-msp430_16.9.6.LTS\lib\</path>
         <kind>archive</kind>
         <file>rts430_eabi.lib</file>
         <name>fs_mpy.obj</name>
      </input_file>
      <input_file id="fl-2e">
         <path>D:\opt\ti\ccsv7\tools\compiler\ti-cgt-msp430_16.9.6.LTS\lib\</path>
         <kind>archive</kind>
         <file>rts430_eabi.lib</file>
         <name>fs_neg.obj</name>
      </input_file>
      <input_file id="fl-2f">
         <path>D:\opt\ti\ccsv7\tools\compiler\ti-cgt-msp430_16.9.6.LTS\lib\</path>
         <kind>archive</kind>
         <file>rts430_eabi.lib</file>
         <name>fs_tol.obj</name>
      </input_file>
      <input_file id="fl-30">
         <path>D:\opt\ti\ccsv7\tools\compiler\ti-cgt-msp430_16.9.6.LTS\lib\</path>
         <kind>archive</kind>
         <file>rts430_eabi.lib</file>
         <name>int01.obj</name>
      </input_file>
      <input_file id="fl-31">
         <path>D:\opt\ti\ccsv7\tools\compiler\ti-cgt-msp430_16.9.6.LTS\lib\</path>
         <kind>archive</kind>
         <file>rts430_eabi.lib</file>
         <name>int02.obj</name>
      </input_file>
      <input_file id="fl-32">
         <path>D:\opt\ti\ccsv7\tools\compiler\ti-cgt-msp430_16.9.6.LTS\lib\</path>
         <kind>archive</kind>
         <file>rts430_eabi.lib</file>
         <name>int03.obj</name>
      </input_file>
      <input_file id="fl-33">
         <path>D:\opt\ti\ccsv7\tools\compiler\ti-cgt-msp430_16.9.6.LTS\lib\</path>
         <kind>archive</kind>
         <file>rts430_eabi.lib</file>
         <name>int04.obj</name>
      </input_file>
      <input_file id="fl-34">
         <path>D:\opt\ti\ccsv7\tools\compiler\ti-cgt-msp430_16.9.6.LTS\lib\</path>
         <kind>archive</kind>
         <file>rts430_eabi.lib</file>
         <name>int05.obj</name>
      </input_file>
      <input_file id="fl-35">
         <path>D:\opt\ti\ccsv7\tools\compiler\ti-cgt-msp430_16.9.6.LTS\lib\</path>
         <kind>archive</kind>
         <file>rts430_eabi.lib</file>
         <name>int06.obj</name>
      </input_file>
      <input_file id="fl-36">
         <path>D:\opt\ti\ccsv7\tools\compiler\ti-cgt-msp430_16.9.6.LTS\lib\</path>
         <kind>archive</kind>
         <file>rts430_eabi.lib</file>
         <name>int07.obj</name>
      </input_file>
      <input_file id="fl-37">
         <path>D:\opt\ti\ccsv7\tools\compiler\ti-cgt-msp430_16.9.6.LTS\lib\</path>
         <kind>archive</kind>
         <file>rts430_eabi.lib</file>
         <name>int08.obj</name>
      </input_file>
      <input_file id="fl-38">
         <path>D:\opt\ti\ccsv7\tools\compiler\ti-cgt-msp430_16.9.6.LTS\lib\</path>
         <kind>archive</kind>
         <file>rts430_eabi.lib</file>
         <name>int09.obj</name>
      </input_file>
      <input_file id="fl-39">
         <path>D:\opt\ti\ccsv7\tools\compiler\ti-cgt-msp430_16.9.6.LTS\lib\</path>
         <kind>archive</kind>
         <file>rts430_eabi.lib</file>
         <name>int10.obj</name>
      </input_file>
      <input_file id="fl-3a">
         <path>D:\opt\ti\ccsv7\tools\compiler\ti-cgt-msp430_16.9.6.LTS\lib\</path>
         <kind>archive</kind>
         <file>rts430_eabi.lib</file>
         <name>int11.obj</name>
      </input_file>
      <input_file id="fl-3b">
         <path>D:\opt\ti\ccsv7\tools\compiler\ti-cgt-msp430_16.9.6.LTS\lib\</path>
         <kind>archive</kind>
         <file>rts430_eabi.lib</file>
         <name>int12.obj</name>
      </input_file>
      <input_file id="fl-3c">
         <path>D:\opt\ti\ccsv7\tools\compiler\ti-cgt-msp430_16.9.6.LTS\lib\</path>
         <kind>archive</kind>
         <file>rts430_eabi.lib</file>
         <name>int13.obj</name>
      </input_file>
      <input_file id="fl-3d">
         <path>D:\opt\ti\ccsv7\tools\compiler\ti-cgt-msp430_16.9.6.LTS\lib\</path>
         <kind>archive</kind>
         <file>rts430_eabi.lib</file>
         <name>int14.obj</name>
      </input_file>
      <input_file id="fl-3e">
         <path>D:\opt\ti\ccsv7\tools\compiler\ti-cgt-msp430_16.9.6.LTS\lib\</path>
         <kind>archive</kind>
         <file>rts430_eabi.lib</file>
         <name>isr_trap.obj</name>
      </input_file>
      <input_file id="fl-3f">
         <path>D:\opt\ti\ccsv7\tools\compiler\ti-cgt-msp430_16.9.6.LTS\lib\</path>
         <kind>archive</kind>
         <file>rts430_eabi.lib</file>
         <name>lsl16.obj</name>
      </input_file>
      <input_file id="fl-40">
         <path>D:\opt\ti\ccsv7\tools\compiler\ti-cgt-msp430_16.9.6.LTS\lib\</path>
         <kind>archive</kind>
         <file>rts430_eabi.lib</file>
         <name>lsr16.obj</name>
      </input_file>
      <input_file id="fl-41">
         <path>D:\opt\ti\ccsv7\tools\compiler\ti-cgt-msp430_16.9.6.LTS\lib\</path>
         <kind>archive</kind>
         <file>rts430_eabi.lib</file>
         <name>memcpy.obj</name>
      </input_file>
      <input_file id="fl-42">
         <path>D:\opt\ti\ccsv7\tools\compiler\ti-cgt-msp430_16.9.6.LTS\lib\</path>
         <kind>archive</kind>
         <file>rts430_eabi.lib</file>
         <name>mpu_init.obj</name>
      </input_file>
      <input_file id="fl-43">
         <path>D:\opt\ti\ccsv7\tools\compiler\ti-cgt-msp430_16.9.6.LTS\lib\</path>
         <kind>archive</kind>
         <file>rts430_eabi.lib</file>
         <name>mult16.obj</name>
      </input_file>
      <input_file id="fl-44">
         <path>D:\opt\ti\ccsv7\tools\compiler\ti-cgt-msp430_16.9.6.LTS\lib\</path>
         <kind>archive</kind>
         <file>rts430_eabi.lib</file>
         <name>mult1632_hw.obj</name>
      </input_file>
      <input_file id="fl-45">
         <path>D:\opt\ti\ccsv7\tools\compiler\ti-cgt-msp430_16.9.6.LTS\lib\</path>
         <kind>archive</kind>
         <file>rts430_eabi.lib</file>
         <name>mult16_hw.obj</name>
      </input_file>
      <input_file id="fl-46">
         <path>D:\opt\ti\ccsv7\tools\compiler\ti-cgt-msp430_16.9.6.LTS\lib\</path>
         <kind>archive</kind>
         <file>rts430_eabi.lib</file>
         <name>mult3264_hw.obj</name>
      </input_file>
      <input_file id="fl-47">
         <path>D:\opt\ti\ccsv7\tools\compiler\ti-cgt-msp430_16.9.6.LTS\lib\</path>
         <kind>archive</kind>
         <file>rts430_eabi.lib</file>
         <name>mult32_hw.obj</name>
      </input_file>
      <input_file id="fl-48">
         <path>D:\opt\ti\ccsv7\tools\compiler\ti-cgt-msp430_16.9.6.LTS\lib\</path>
         <kind>archive</kind>
         <file>rts430_eabi.lib</file>
         <name>mult64_hw.obj</name>
      </input_file>
      <input_file id="fl-49">
         <path>D:\opt\ti\ccsv7\tools\compiler\ti-cgt-msp430_16.9.6.LTS\lib\</path>
         <kind>archive</kind>
         <file>rts430_eabi.lib</file>
         <name>pre_init.obj</name>
      </input_file>
      <input_file id="fl-4a">
         <path>D:\opt\ti\ccsv7\tools\compiler\ti-cgt-msp430_16.9.6.LTS\lib\</path>
         <kind>archive</kind>
         <file>rts430_eabi.lib</file>
         <name>_lock.obj</name>
      </input_file>
      <input_file id="fl-4b">
         <path>D:\opt\ti\ccsv7\tools\compiler\ti-cgt-msp430_16.9.6.LTS\lib\</path>
         <kind>archive</kind>
         <file>rts430_eabi.lib</file>
         <name>args_main.obj</name>
      </input_file>
      <input_file id="fl-4c">
         <path>D:\opt\ti\ccsv7\tools\compiler\ti-cgt-msp430_16.9.6.LTS\lib\</path>
         <kind>archive</kind>
         <file>rts430_eabi.lib</file>
         <name>autoinit.obj</name>
      </input_file>
      <input_file id="fl-4d">
         <path>D:\opt\ti\ccsv7\tools\compiler\ti-cgt-msp430_16.9.6.LTS\lib\</path>
         <kind>archive</kind>
         <file>rts430_eabi.lib</file>
         <name>cpy_tbl.obj</name>
      </input_file>
      <input_file id="fl-4e">
         <path>D:\opt\ti\ccsv7\tools\compiler\ti-cgt-msp430_16.9.6.LTS\lib\</path>
         <kind>archive</kind>
         <file>rts430_eabi.lib</file>
         <name>startup.obj</name>
      </input_file>
   </input_file_list>
   <object_component_list>
      <object_component id="oc-236">
         <name>.common:dev</name>
         <uninitialized>true</uninitialized>
         <run_address>0x200</run_address>
         <size>0x48</size>
      </object_component>
      <object_component id="oc-239">
         <name>.common:p_dev</name>
         <uninitialized>true</uninitialized>
         <run_address>0x254</run_address>
         <size>0x2</size>
      </object_component>
      <object_component id="oc-305">
         <name>.common:temp</name>
         <uninitialized>true</uninitialized>
         <run_address>0x248</run_address>
         <size>0xc</size>
      </object_component>
      <object_component id="oc-113">
         <name>.stack</name>
         <uninitialized>true</uninitialized>
         <run_address>0x9b0</run_address>
         <size>0x2</size>
         <input_file_ref idref="fl-20"/>
      </object_component>
      <object_component id="oc-36e">
         <name>.stack</name>
         <uninitialized>true</uninitialized>
         <run_address>0x9b0</run_address>
         <size>0x0</size>
      </object_component>
      <object_component id="oc-24c">
         <name>.text:ds18b20_float_2_ascii</name>
         <load_address>0x1100</load_address>
         <run_address>0x1100</run_address>
         <size>0x15e</size>
         <input_file_ref idref="fl-2"/>
      </object_component>
      <object_component id="oc-1cf">
         <name>.text:OLED_Init</name>
         <load_address>0x125e</load_address>
         <run_address>0x125e</run_address>
         <size>0x134</size>
         <input_file_ref idref="fl-4"/>
      </object_component>
      <object_component id="oc-2e7">
         <name>.text</name>
         <load_address>0x1392</load_address>
         <run_address>0x1392</run_address>
         <size>0xc4</size>
         <input_file_ref idref="fl-2d"/>
      </object_component>
      <object_component id="oc-252">
         <name>.text:ds18b20_get_temp</name>
         <load_address>0x1456</load_address>
         <run_address>0x1456</run_address>
         <size>0xa0</size>
         <input_file_ref idref="fl-2"/>
      </object_component>
      <object_component id="oc-2dd">
         <name>.text</name>
         <load_address>0x14f6</load_address>
         <run_address>0x14f6</run_address>
         <size>0x7e</size>
         <input_file_ref idref="fl-2f"/>
      </object_component>
      <object_component id="oc-246">
         <name>.text:ds18b20_config</name>
         <load_address>0x1574</load_address>
         <run_address>0x1574</run_address>
         <size>0x72</size>
         <input_file_ref idref="fl-2"/>
      </object_component>
      <object_component id="oc-150">
         <name>.text:_auto_init</name>
         <load_address>0x15e6</load_address>
         <run_address>0x15e6</run_address>
         <size>0x6e</size>
         <input_file_ref idref="fl-4c"/>
      </object_component>
      <object_component id="oc-1ea">
         <name>.text:do_tast</name>
         <load_address>0x1654</load_address>
         <run_address>0x1654</run_address>
         <size>0x6e</size>
         <input_file_ref idref="fl-3"/>
      </object_component>
      <object_component id="oc-1db">
         <name>.text:DS18B20_INIT</name>
         <load_address>0x16c2</load_address>
         <run_address>0x16c2</run_address>
         <size>0x62</size>
         <input_file_ref idref="fl-3"/>
      </object_component>
      <object_component id="oc-2aa">
         <name>.text:uart_0_send_temp</name>
         <load_address>0x1724</load_address>
         <run_address>0x1724</run_address>
         <size>0x62</size>
         <input_file_ref idref="fl-3"/>
      </object_component>
      <object_component id="oc-1c3">
         <name>.text:GPIO_INIT</name>
         <load_address>0x1786</load_address>
         <run_address>0x1786</run_address>
         <size>0x5c</size>
         <input_file_ref idref="fl-3"/>
      </object_component>
      <object_component id="oc-291">
         <name>.text:OLED_ShowChar</name>
         <load_address>0x17e2</load_address>
         <run_address>0x17e2</run_address>
         <size>0x5c</size>
         <input_file_ref idref="fl-4"/>
      </object_component>
      <object_component id="oc-19b">
         <name>.text:copy_in</name>
         <load_address>0x183e</load_address>
         <run_address>0x183e</run_address>
         <size>0x5a</size>
         <input_file_ref idref="fl-4d"/>
      </object_component>
      <object_component id="oc-328">
         <name>.text</name>
         <load_address>0x1898</load_address>
         <run_address>0x1898</run_address>
         <size>0x58</size>
         <input_file_ref idref="fl-27"/>
      </object_component>
      <object_component id="oc-1c9">
         <name>.text:UART_INIT</name>
         <load_address>0x18f0</load_address>
         <run_address>0x18f0</run_address>
         <size>0x56</size>
         <input_file_ref idref="fl-3"/>
      </object_component>
      <object_component id="oc-26a">
         <name>.text:ds18b20_read_byte</name>
         <load_address>0x1946</load_address>
         <run_address>0x1946</run_address>
         <size>0x56</size>
         <input_file_ref idref="fl-2"/>
      </object_component>
      <object_component id="oc-23a">
         <name>.text:ds18b20_init</name>
         <load_address>0x199c</load_address>
         <run_address>0x199c</run_address>
         <size>0x4e</size>
         <input_file_ref idref="fl-2"/>
      </object_component>
      <object_component id="oc-288">
         <name>.text:ds18b20_write_byte</name>
         <load_address>0x19ea</load_address>
         <run_address>0x19ea</run_address>
         <size>0x4e</size>
         <input_file_ref idref="fl-2"/>
      </object_component>
      <object_component id="oc-228">
         <name>.text:OLED_WR_Byte</name>
         <load_address>0x1a38</load_address>
         <run_address>0x1a38</run_address>
         <size>0x4a</size>
         <input_file_ref idref="fl-4"/>
      </object_component>
      <object_component id="oc-299">
         <name>.text</name>
         <load_address>0x1a82</load_address>
         <run_address>0x1a82</run_address>
         <size>0x4a</size>
         <input_file_ref idref="fl-2b"/>
      </object_component>
      <object_component id="oc-2e2">
         <name>.text</name>
         <load_address>0x1acc</load_address>
         <run_address>0x1acc</run_address>
         <size>0x40</size>
         <input_file_ref idref="fl-26"/>
      </object_component>
      <object_component id="oc-1e4">
         <name>.text:OLED_ShowString</name>
         <load_address>0x1b0c</load_address>
         <run_address>0x1b0c</run_address>
         <size>0x36</size>
         <input_file_ref idref="fl-4"/>
      </object_component>
      <object_component id="oc-2ed">
         <name>.text</name>
         <load_address>0x1b42</load_address>
         <run_address>0x1b42</run_address>
         <size>0x36</size>
         <input_file_ref idref="fl-2c"/>
      </object_component>
      <object_component id="oc-1d5">
         <name>.text:OLED_Clear</name>
         <load_address>0x1b78</load_address>
         <run_address>0x1b78</run_address>
         <size>0x34</size>
         <input_file_ref idref="fl-4"/>
      </object_component>
      <object_component id="oc-282">
         <name>.text:ds18b20_save_temp_string</name>
         <load_address>0x1bac</load_address>
         <run_address>0x1bac</run_address>
         <size>0x2e</size>
         <input_file_ref idref="fl-2"/>
      </object_component>
      <object_component id="oc-16a">
         <name>.text:main</name>
         <load_address>0x1bda</load_address>
         <run_address>0x1bda</run_address>
         <size>0x2c</size>
         <input_file_ref idref="fl-3"/>
      </object_component>
      <object_component id="oc-2bf">
         <name>.text</name>
         <load_address>0x1c06</load_address>
         <run_address>0x1c06</run_address>
         <size>0x2c</size>
         <input_file_ref idref="fl-1f"/>
      </object_component>
      <object_component id="oc-117">
         <name>.text</name>
         <load_address>0x1c32</load_address>
         <run_address>0x1c32</run_address>
         <size>0x2c</size>
         <input_file_ref idref="fl-3f"/>
      </object_component>
      <object_component id="oc-22e">
         <name>.text:OLED_Set_Pos</name>
         <load_address>0x1c5e</load_address>
         <run_address>0x1c5e</run_address>
         <size>0x2a</size>
         <input_file_ref idref="fl-4"/>
      </object_component>
      <object_component id="oc-270">
         <name>.text:ds18b20_read_bytes</name>
         <load_address>0x1c88</load_address>
         <run_address>0x1c88</run_address>
         <size>0x26</size>
         <input_file_ref idref="fl-2"/>
      </object_component>
      <object_component id="oc-240">
         <name>.text:ds18b20_check_crc</name>
         <load_address>0x1cae</load_address>
         <run_address>0x1cae</run_address>
         <size>0x1e</size>
         <input_file_ref idref="fl-2"/>
      </object_component>
      <object_component id="oc-276">
         <name>.text:ds18b20_read_id</name>
         <load_address>0x1ccc</load_address>
         <run_address>0x1ccc</run_address>
         <size>0x1e</size>
         <input_file_ref idref="fl-2"/>
      </object_component>
      <object_component id="oc-6a">
         <name>.text:_c_int00_noargs_noexit</name>
         <load_address>0x1cea</load_address>
         <run_address>0x1cea</run_address>
         <size>0x1a</size>
         <input_file_ref idref="fl-21"/>
      </object_component>
      <object_component id="oc-30a">
         <name>.text:uart_0_send_str</name>
         <load_address>0x1d04</load_address>
         <run_address>0x1d04</run_address>
         <size>0x16</size>
         <input_file_ref idref="fl-3"/>
      </object_component>
      <object_component id="oc-1bd">
         <name>.text:SYSTEM_INIT</name>
         <load_address>0x1d1a</load_address>
         <run_address>0x1d1a</run_address>
         <size>0x14</size>
         <input_file_ref idref="fl-3"/>
      </object_component>
      <object_component id="oc-4c">
         <name>.text:decompress:ZI:__TI_zero_init</name>
         <load_address>0x1d2e</load_address>
         <run_address>0x1d2e</run_address>
         <size>0x14</size>
         <input_file_ref idref="fl-24"/>
      </object_component>
      <object_component id="oc-1f6">
         <name>.text</name>
         <load_address>0x1d42</load_address>
         <run_address>0x1d42</run_address>
         <size>0x14</size>
         <input_file_ref idref="fl-45"/>
      </object_component>
      <object_component id="oc-131">
         <name>.text:memcpy</name>
         <load_address>0x1d56</load_address>
         <run_address>0x1d56</run_address>
         <size>0x12</size>
         <input_file_ref idref="fl-41"/>
      </object_component>
      <object_component id="oc-121">
         <name>.text</name>
         <load_address>0x1d68</load_address>
         <run_address>0x1d68</run_address>
         <size>0x10</size>
         <input_file_ref idref="fl-28"/>
      </object_component>
      <object_component id="oc-310">
         <name>.text:uart_0_put_char</name>
         <load_address>0x1d78</load_address>
         <run_address>0x1d78</run_address>
         <size>0xe</size>
         <input_file_ref idref="fl-3"/>
      </object_component>
      <object_component id="oc-264">
         <name>.text:ds18b20_hw_read_line</name>
         <load_address>0x1d86</load_address>
         <run_address>0x1d86</run_address>
         <size>0xc</size>
         <input_file_ref idref="fl-2"/>
      </object_component>
      <object_component id="oc-258">
         <name>.text:ds18b20_hw_set_high</name>
         <load_address>0x1d92</load_address>
         <run_address>0x1d92</run_address>
         <size>0xa</size>
         <input_file_ref idref="fl-2"/>
      </object_component>
      <object_component id="oc-25e">
         <name>.text:ds18b20_hw_set_low</name>
         <load_address>0x1d9c</load_address>
         <run_address>0x1d9c</run_address>
         <size>0xa</size>
         <input_file_ref idref="fl-2"/>
      </object_component>
      <object_component id="oc-2d8">
         <name>.text</name>
         <load_address>0x1da6</load_address>
         <run_address>0x1da6</run_address>
         <size>0xa</size>
         <input_file_ref idref="fl-2e"/>
      </object_component>
      <object_component id="oc-13e">
         <name>.text:_isr:__TI_ISR_TRAP</name>
         <load_address>0x1db0</load_address>
         <run_address>0x1db0</run_address>
         <size>0x8</size>
         <input_file_ref idref="fl-3e"/>
      </object_component>
      <object_component id="oc-172">
         <name>.text:abort</name>
         <load_address>0x1db8</load_address>
         <run_address>0x1db8</run_address>
         <size>0x6</size>
         <input_file_ref idref="fl-29"/>
      </object_component>
      <object_component id="oc-2a4">
         <name>.text:alarm</name>
         <load_address>0x1dbe</load_address>
         <run_address>0x1dbe</run_address>
         <size>0x6</size>
         <input_file_ref idref="fl-3"/>
      </object_component>
      <object_component id="oc-29e">
         <name>.text:no_alarm</name>
         <load_address>0x1dc4</load_address>
         <run_address>0x1dc4</run_address>
         <size>0x6</size>
         <input_file_ref idref="fl-3"/>
      </object_component>
      <object_component id="oc-14a">
         <name>.text:_system_pre_init</name>
         <load_address>0x1dca</load_address>
         <run_address>0x1dca</run_address>
         <size>0x4</size>
         <input_file_ref idref="fl-49"/>
      </object_component>
      <object_component id="oc-1a1">
         <name>.text:_system_post_cinit</name>
         <load_address>0x1dce</load_address>
         <run_address>0x1dce</run_address>
         <size>0x2</size>
         <input_file_ref idref="fl-4e"/>
      </object_component>
      <object_component id="oc-27c">
         <name>.text:ds18b20_reset</name>
         <load_address>0x1dd0</load_address>
         <run_address>0x1dd0</run_address>
         <size>0x2</size>
         <input_file_ref idref="fl-2"/>
      </object_component>
      <object_component id="oc-36d">
         <name>.cinit..bss.load</name>
         <load_address>0x24de</load_address>
         <run_address>0x24de</run_address>
         <size>0x4</size>
      </object_component>
      <object_component id="oc-36b">
         <name>__TI_handler_table</name>
         <load_address>0x24e2</load_address>
         <run_address>0x24e2</run_address>
         <size>0x2</size>
      </object_component>
      <object_component id="oc-36c">
         <name>__TI_cinit_table</name>
         <load_address>0x24e4</load_address>
         <run_address>0x24e4</run_address>
         <size>0x4</size>
      </object_component>
      <object_component id="oc-2fc">
         <name>.const:.string:F8X16</name>
         <load_address>0x1dd2</load_address>
         <run_address>0x1dd2</run_address>
         <size>0x5f0</size>
         <input_file_ref idref="fl-4"/>
      </object_component>
      <object_component id="oc-2d3">
         <name>.const:.string:crc_table</name>
         <load_address>0x23c2</load_address>
         <run_address>0x23c2</run_address>
         <size>0x100</size>
         <input_file_ref idref="fl-2"/>
      </object_component>
      <object_component id="oc-306">
         <name>.const:.string</name>
         <load_address>0x24c2</load_address>
         <run_address>0x24c2</run_address>
         <size>0xe</size>
         <input_file_ref idref="fl-3"/>
      </object_component>
      <object_component id="oc-307">
         <name>.const:.string:temp_str</name>
         <load_address>0x24d0</load_address>
         <run_address>0x24d0</run_address>
         <size>0x8</size>
         <input_file_ref idref="fl-3"/>
      </object_component>
      <object_component id="oc-1e1">
         <name>.const:.string:oled_welcome_str</name>
         <load_address>0x24d8</load_address>
         <run_address>0x24d8</run_address>
         <size>0x6</size>
         <input_file_ref idref="fl-3"/>
      </object_component>
      <object_component id="oc-338">
         <name>.binit</name>
         <load_address>0x1100</load_address>
         <run_address>0x1100</run_address>
         <size>0x0</size>
      </object_component>
      <object_component id="oc-3e">
         <name>.int01</name>
         <load_address>0xffe2</load_address>
         <run_address>0xffe2</run_address>
         <size>0x2</size>
         <input_file_ref idref="fl-30"/>
      </object_component>
      <object_component id="oc-3f">
         <name>.int02</name>
         <load_address>0xffe4</load_address>
         <run_address>0xffe4</run_address>
         <size>0x2</size>
         <input_file_ref idref="fl-31"/>
      </object_component>
      <object_component id="oc-40">
         <name>.int03</name>
         <load_address>0xffe6</load_address>
         <run_address>0xffe6</run_address>
         <size>0x2</size>
         <input_file_ref idref="fl-32"/>
      </object_component>
      <object_component id="oc-41">
         <name>.int04</name>
         <load_address>0xffe8</load_address>
         <run_address>0xffe8</run_address>
         <size>0x2</size>
         <input_file_ref idref="fl-33"/>
      </object_component>
      <object_component id="oc-42">
         <name>.int05</name>
         <load_address>0xffea</load_address>
         <run_address>0xffea</run_address>
         <size>0x2</size>
         <input_file_ref idref="fl-34"/>
      </object_component>
      <object_component id="oc-43">
         <name>.int06</name>
         <load_address>0xffec</load_address>
         <run_address>0xffec</run_address>
         <size>0x2</size>
         <input_file_ref idref="fl-35"/>
      </object_component>
      <object_component id="oc-44">
         <name>.int07</name>
         <load_address>0xffee</load_address>
         <run_address>0xffee</run_address>
         <size>0x2</size>
         <input_file_ref idref="fl-36"/>
      </object_component>
      <object_component id="oc-45">
         <name>.int08</name>
         <load_address>0xfff0</load_address>
         <run_address>0xfff0</run_address>
         <size>0x2</size>
         <input_file_ref idref="fl-37"/>
      </object_component>
      <object_component id="oc-46">
         <name>.int09</name>
         <load_address>0xfff2</load_address>
         <run_address>0xfff2</run_address>
         <size>0x2</size>
         <input_file_ref idref="fl-38"/>
      </object_component>
      <object_component id="oc-47">
         <name>.int10</name>
         <load_address>0xfff4</load_address>
         <run_address>0xfff4</run_address>
         <size>0x2</size>
         <input_file_ref idref="fl-39"/>
      </object_component>
      <object_component id="oc-48">
         <name>.int11</name>
         <load_address>0xfff6</load_address>
         <run_address>0xfff6</run_address>
         <size>0x2</size>
         <input_file_ref idref="fl-3a"/>
      </object_component>
      <object_component id="oc-49">
         <name>.int12</name>
         <load_address>0xfff8</load_address>
         <run_address>0xfff8</run_address>
         <size>0x2</size>
         <input_file_ref idref="fl-3b"/>
      </object_component>
      <object_component id="oc-4a">
         <name>.int13</name>
         <load_address>0xfffa</load_address>
         <run_address>0xfffa</run_address>
         <size>0x2</size>
         <input_file_ref idref="fl-3c"/>
      </object_component>
      <object_component id="oc-4b">
         <name>.int14</name>
         <load_address>0xfffc</load_address>
         <run_address>0xfffc</run_address>
         <size>0x2</size>
         <input_file_ref idref="fl-3d"/>
      </object_component>
      <object_component id="oc-116">
         <name>.reset</name>
         <load_address>0xfffe</load_address>
         <run_address>0xfffe</run_address>
         <size>0x2</size>
         <input_file_ref idref="fl-20"/>
      </object_component>
      <object_component id="oc-2d2">
         <name>.debug_info</name>
         <load_address>0x0</load_address>
         <run_address>0x0</run_address>
         <size>0x360</size>
         <input_file_ref idref="fl-2"/>
      </object_component>
      <object_component id="oc-2d4">
         <name>.debug_info</name>
         <load_address>0x360</load_address>
         <run_address>0x360</run_address>
         <size>0xe0</size>
         <input_file_ref idref="fl-2"/>
      </object_component>
      <object_component id="oc-289">
         <name>.debug_info</name>
         <load_address>0x440</load_address>
         <run_address>0x440</run_address>
         <size>0x17e</size>
         <input_file_ref idref="fl-2"/>
      </object_component>
      <object_component id="oc-283">
         <name>.debug_info</name>
         <load_address>0x5be</load_address>
         <run_address>0x5be</run_address>
         <size>0x1aa</size>
         <input_file_ref idref="fl-2"/>
      </object_component>
      <object_component id="oc-27d">
         <name>.debug_info</name>
         <load_address>0x768</load_address>
         <run_address>0x768</run_address>
         <size>0x129</size>
         <input_file_ref idref="fl-2"/>
      </object_component>
      <object_component id="oc-277">
         <name>.debug_info</name>
         <load_address>0x891</load_address>
         <run_address>0x891</run_address>
         <size>0x168</size>
         <input_file_ref idref="fl-2"/>
      </object_component>
      <object_component id="oc-271">
         <name>.debug_info</name>
         <load_address>0x9f9</load_address>
         <run_address>0x9f9</run_address>
         <size>0x175</size>
         <input_file_ref idref="fl-2"/>
      </object_component>
      <object_component id="oc-26b">
         <name>.debug_info</name>
         <load_address>0xb6e</load_address>
         <run_address>0xb6e</run_address>
         <size>0x166</size>
         <input_file_ref idref="fl-2"/>
      </object_component>
      <object_component id="oc-23b">
         <name>.debug_info</name>
         <load_address>0xcd4</load_address>
         <run_address>0xcd4</run_address>
         <size>0x14d</size>
         <input_file_ref idref="fl-2"/>
      </object_component>
      <object_component id="oc-25f">
         <name>.debug_info</name>
         <load_address>0xe21</load_address>
         <run_address>0xe21</run_address>
         <size>0x133</size>
         <input_file_ref idref="fl-2"/>
      </object_component>
      <object_component id="oc-259">
         <name>.debug_info</name>
         <load_address>0xf54</load_address>
         <run_address>0xf54</run_address>
         <size>0x135</size>
         <input_file_ref idref="fl-2"/>
      </object_component>
      <object_component id="oc-265">
         <name>.debug_info</name>
         <load_address>0x1089</load_address>
         <run_address>0x1089</run_address>
         <size>0x13b</size>
         <input_file_ref idref="fl-2"/>
      </object_component>
      <object_component id="oc-253">
         <name>.debug_info</name>
         <load_address>0x11c4</load_address>
         <run_address>0x11c4</run_address>
         <size>0x1b3</size>
         <input_file_ref idref="fl-2"/>
      </object_component>
      <object_component id="oc-24d">
         <name>.debug_info</name>
         <load_address>0x1377</load_address>
         <run_address>0x1377</run_address>
         <size>0x308</size>
         <input_file_ref idref="fl-2"/>
      </object_component>
      <object_component id="oc-247">
         <name>.debug_info</name>
         <load_address>0x167f</load_address>
         <run_address>0x167f</run_address>
         <size>0x190</size>
         <input_file_ref idref="fl-2"/>
      </object_component>
      <object_component id="oc-241">
         <name>.debug_info</name>
         <load_address>0x180f</load_address>
         <run_address>0x180f</run_address>
         <size>0x191</size>
         <input_file_ref idref="fl-2"/>
      </object_component>
      <object_component id="oc-31f">
         <name>.debug_info</name>
         <load_address>0x19a0</load_address>
         <run_address>0x19a0</run_address>
         <size>0xc8</size>
         <input_file_ref idref="fl-2"/>
      </object_component>
      <object_component id="oc-12c">
         <name>.debug_info</name>
         <load_address>0x1a68</load_address>
         <run_address>0x1a68</run_address>
         <size>0x84</size>
         <input_file_ref idref="fl-2"/>
      </object_component>
      <object_component id="oc-2c7">
         <name>.debug_info</name>
         <load_address>0x1aec</load_address>
         <run_address>0x1aec</run_address>
         <size>0x209</size>
         <input_file_ref idref="fl-2"/>
      </object_component>
      <object_component id="oc-318">
         <name>.debug_info</name>
         <load_address>0x1cf5</load_address>
         <run_address>0x1cf5</run_address>
         <size>0x18b</size>
         <input_file_ref idref="fl-2"/>
      </object_component>
      <object_component id="oc-2cc">
         <name>.debug_info</name>
         <load_address>0x1e80</load_address>
         <run_address>0x1e80</run_address>
         <size>0x207</size>
         <input_file_ref idref="fl-2"/>
      </object_component>
      <object_component id="oc-237">
         <name>.debug_info</name>
         <load_address>0x2087</load_address>
         <run_address>0x2087</run_address>
         <size>0x9d9</size>
         <input_file_ref idref="fl-3"/>
      </object_component>
      <object_component id="oc-308">
         <name>.debug_info</name>
         <load_address>0x2a60</load_address>
         <run_address>0x2a60</run_address>
         <size>0xdb</size>
         <input_file_ref idref="fl-3"/>
      </object_component>
      <object_component id="oc-1e2">
         <name>.debug_info</name>
         <load_address>0x2b3b</load_address>
         <run_address>0x2b3b</run_address>
         <size>0xeb</size>
         <input_file_ref idref="fl-3"/>
      </object_component>
      <object_component id="oc-30d">
         <name>.debug_info</name>
         <load_address>0x2c26</load_address>
         <run_address>0x2c26</run_address>
         <size>0x131</size>
         <input_file_ref idref="fl-3"/>
      </object_component>
      <object_component id="oc-313">
         <name>.debug_info</name>
         <load_address>0x2d57</load_address>
         <run_address>0x2d57</run_address>
         <size>0x12d</size>
         <input_file_ref idref="fl-3"/>
      </object_component>
      <object_component id="oc-2ac">
         <name>.debug_info</name>
         <load_address>0x2e84</load_address>
         <run_address>0x2e84</run_address>
         <size>0x1dd</size>
         <input_file_ref idref="fl-3"/>
      </object_component>
      <object_component id="oc-2a0">
         <name>.debug_info</name>
         <load_address>0x3061</load_address>
         <run_address>0x3061</run_address>
         <size>0x105</size>
         <input_file_ref idref="fl-3"/>
      </object_component>
      <object_component id="oc-1bf">
         <name>.debug_info</name>
         <load_address>0x3166</load_address>
         <run_address>0x3166</run_address>
         <size>0x10b</size>
         <input_file_ref idref="fl-3"/>
      </object_component>
      <object_component id="oc-1c5">
         <name>.debug_info</name>
         <load_address>0x3271</load_address>
         <run_address>0x3271</run_address>
         <size>0x107</size>
         <input_file_ref idref="fl-3"/>
      </object_component>
      <object_component id="oc-1cb">
         <name>.debug_info</name>
         <load_address>0x3378</load_address>
         <run_address>0x3378</run_address>
         <size>0x107</size>
         <input_file_ref idref="fl-3"/>
      </object_component>
      <object_component id="oc-1dd">
         <name>.debug_info</name>
         <load_address>0x347f</load_address>
         <run_address>0x347f</run_address>
         <size>0x10e</size>
         <input_file_ref idref="fl-3"/>
      </object_component>
      <object_component id="oc-2a6">
         <name>.debug_info</name>
         <load_address>0x358d</load_address>
         <run_address>0x358d</run_address>
         <size>0xff</size>
         <input_file_ref idref="fl-3"/>
      </object_component>
      <object_component id="oc-1ec">
         <name>.debug_info</name>
         <load_address>0x368c</load_address>
         <run_address>0x368c</run_address>
         <size>0x17f</size>
         <input_file_ref idref="fl-3"/>
      </object_component>
      <object_component id="oc-16c">
         <name>.debug_info</name>
         <load_address>0x380b</load_address>
         <run_address>0x380b</run_address>
         <size>0x18b</size>
         <input_file_ref idref="fl-3"/>
      </object_component>
      <object_component id="oc-298">
         <name>.debug_info</name>
         <load_address>0x3996</load_address>
         <run_address>0x3996</run_address>
         <size>0x339</size>
         <input_file_ref idref="fl-4"/>
      </object_component>
      <object_component id="oc-2fd">
         <name>.debug_info</name>
         <load_address>0x3ccf</load_address>
         <run_address>0x3ccf</run_address>
         <size>0xd5</size>
         <input_file_ref idref="fl-4"/>
      </object_component>
      <object_component id="oc-22b">
         <name>.debug_info</name>
         <load_address>0x3da4</load_address>
         <run_address>0x3da4</run_address>
         <size>0x149</size>
         <input_file_ref idref="fl-4"/>
      </object_component>
      <object_component id="oc-231">
         <name>.debug_info</name>
         <load_address>0x3eed</load_address>
         <run_address>0x3eed</run_address>
         <size>0x178</size>
         <input_file_ref idref="fl-4"/>
      </object_component>
      <object_component id="oc-294">
         <name>.debug_info</name>
         <load_address>0x4065</load_address>
         <run_address>0x4065</run_address>
         <size>0x1b7</size>
         <input_file_ref idref="fl-4"/>
      </object_component>
      <object_component id="oc-1e7">
         <name>.debug_info</name>
         <load_address>0x421c</load_address>
         <run_address>0x421c</run_address>
         <size>0x17c</size>
         <input_file_ref idref="fl-4"/>
      </object_component>
      <object_component id="oc-1d8">
         <name>.debug_info</name>
         <load_address>0x4398</load_address>
         <run_address>0x4398</run_address>
         <size>0x160</size>
         <input_file_ref idref="fl-4"/>
      </object_component>
      <object_component id="oc-1d2">
         <name>.debug_info</name>
         <load_address>0x44f8</load_address>
         <run_address>0x44f8</run_address>
         <size>0x34e</size>
         <input_file_ref idref="fl-4"/>
      </object_component>
      <object_component id="oc-2c0">
         <name>.debug_info</name>
         <load_address>0x4846</load_address>
         <run_address>0x4846</run_address>
         <size>0x118</size>
         <input_file_ref idref="fl-1f"/>
      </object_component>
      <object_component id="oc-114">
         <name>.debug_info</name>
         <load_address>0x495e</load_address>
         <run_address>0x495e</run_address>
         <size>0xf5</size>
         <input_file_ref idref="fl-20"/>
      </object_component>
      <object_component id="oc-6e">
         <name>.debug_info</name>
         <load_address>0x4a53</load_address>
         <run_address>0x4a53</run_address>
         <size>0x196</size>
         <input_file_ref idref="fl-21"/>
      </object_component>
      <object_component id="oc-149">
         <name>.debug_info</name>
         <load_address>0x4be9</load_address>
         <run_address>0x4be9</run_address>
         <size>0x16a</size>
         <input_file_ref idref="fl-24"/>
      </object_component>
      <object_component id="oc-4e">
         <name>.debug_info</name>
         <load_address>0x4d53</load_address>
         <run_address>0x4d53</run_address>
         <size>0x1b5</size>
         <input_file_ref idref="fl-24"/>
      </object_component>
      <object_component id="oc-144">
         <name>.debug_info</name>
         <load_address>0x4f08</load_address>
         <run_address>0x4f08</run_address>
         <size>0x46</size>
         <input_file_ref idref="fl-24"/>
      </object_component>
      <object_component id="oc-18b">
         <name>.debug_info</name>
         <load_address>0x4f4e</load_address>
         <run_address>0x4f4e</run_address>
         <size>0x2c</size>
         <input_file_ref idref="fl-24"/>
      </object_component>
      <object_component id="oc-2e5">
         <name>.debug_info</name>
         <load_address>0x4f7a</load_address>
         <run_address>0x4f7a</run_address>
         <size>0x130</size>
         <input_file_ref idref="fl-26"/>
      </object_component>
      <object_component id="oc-329">
         <name>.debug_info</name>
         <load_address>0x50aa</load_address>
         <run_address>0x50aa</run_address>
         <size>0x11b</size>
         <input_file_ref idref="fl-27"/>
      </object_component>
      <object_component id="oc-122">
         <name>.debug_info</name>
         <load_address>0x51c5</load_address>
         <run_address>0x51c5</run_address>
         <size>0x126</size>
         <input_file_ref idref="fl-28"/>
      </object_component>
      <object_component id="oc-175">
         <name>.debug_info</name>
         <load_address>0x52eb</load_address>
         <run_address>0x52eb</run_address>
         <size>0x117</size>
         <input_file_ref idref="fl-29"/>
      </object_component>
      <object_component id="oc-29a">
         <name>.debug_info</name>
         <load_address>0x5402</load_address>
         <run_address>0x5402</run_address>
         <size>0x125</size>
         <input_file_ref idref="fl-2b"/>
      </object_component>
      <object_component id="oc-2f0">
         <name>.debug_info</name>
         <load_address>0x5527</load_address>
         <run_address>0x5527</run_address>
         <size>0x122</size>
         <input_file_ref idref="fl-2c"/>
      </object_component>
      <object_component id="oc-2e8">
         <name>.debug_info</name>
         <load_address>0x5649</load_address>
         <run_address>0x5649</run_address>
         <size>0x119</size>
         <input_file_ref idref="fl-2d"/>
      </object_component>
      <object_component id="oc-2db">
         <name>.debug_info</name>
         <load_address>0x5762</load_address>
         <run_address>0x5762</run_address>
         <size>0x119</size>
         <input_file_ref idref="fl-2e"/>
      </object_component>
      <object_component id="oc-2e0">
         <name>.debug_info</name>
         <load_address>0x587b</load_address>
         <run_address>0x587b</run_address>
         <size>0x12f</size>
         <input_file_ref idref="fl-2f"/>
      </object_component>
      <object_component id="oc-13f">
         <name>.debug_info</name>
         <load_address>0x59aa</load_address>
         <run_address>0x59aa</run_address>
         <size>0x107</size>
         <input_file_ref idref="fl-3e"/>
      </object_component>
      <object_component id="oc-118">
         <name>.debug_info</name>
         <load_address>0x5ab1</load_address>
         <run_address>0x5ab1</run_address>
         <size>0x118</size>
         <input_file_ref idref="fl-3f"/>
      </object_component>
      <object_component id="oc-18a">
         <name>.debug_info</name>
         <load_address>0x5bc9</load_address>
         <run_address>0x5bc9</run_address>
         <size>0x16d</size>
         <input_file_ref idref="fl-41"/>
      </object_component>
      <object_component id="oc-132">
         <name>.debug_info</name>
         <load_address>0x5d36</load_address>
         <run_address>0x5d36</run_address>
         <size>0x191</size>
         <input_file_ref idref="fl-41"/>
      </object_component>
      <object_component id="oc-1f9">
         <name>.debug_info</name>
         <load_address>0x5ec7</load_address>
         <run_address>0x5ec7</run_address>
         <size>0x117</size>
         <input_file_ref idref="fl-45"/>
      </object_component>
      <object_component id="oc-14c">
         <name>.debug_info</name>
         <load_address>0x5fde</load_address>
         <run_address>0x5fde</run_address>
         <size>0x148</size>
         <input_file_ref idref="fl-49"/>
      </object_component>
      <object_component id="oc-1a8">
         <name>.debug_info</name>
         <load_address>0x6126</load_address>
         <run_address>0x6126</run_address>
         <size>0x3b6</size>
         <input_file_ref idref="fl-4c"/>
      </object_component>
      <object_component id="oc-151">
         <name>.debug_info</name>
         <load_address>0x64dc</load_address>
         <run_address>0x64dc</run_address>
         <size>0x1c2</size>
         <input_file_ref idref="fl-4c"/>
      </object_component>
      <object_component id="oc-200">
         <name>.debug_info</name>
         <load_address>0x669e</load_address>
         <run_address>0x669e</run_address>
         <size>0x39</size>
         <input_file_ref idref="fl-4c"/>
      </object_component>
      <object_component id="oc-205">
         <name>.debug_info</name>
         <load_address>0x66d7</load_address>
         <run_address>0x66d7</run_address>
         <size>0xcd</size>
         <input_file_ref idref="fl-4c"/>
      </object_component>
      <object_component id="oc-1fc">
         <name>.debug_info</name>
         <load_address>0x67a4</load_address>
         <run_address>0x67a4</run_address>
         <size>0x252</size>
         <input_file_ref idref="fl-4d"/>
      </object_component>
      <object_component id="oc-19f">
         <name>.debug_info</name>
         <load_address>0x69f6</load_address>
         <run_address>0x69f6</run_address>
         <size>0x1b0</size>
         <input_file_ref idref="fl-4d"/>
      </object_component>
      <object_component id="oc-2b4">
         <name>.debug_info</name>
         <load_address>0x6ba6</load_address>
         <run_address>0x6ba6</run_address>
         <size>0x2c</size>
         <input_file_ref idref="fl-4d"/>
      </object_component>
      <object_component id="oc-1a5">
         <name>.debug_info</name>
         <load_address>0x6bd2</load_address>
         <run_address>0x6bd2</run_address>
         <size>0x145</size>
         <input_file_ref idref="fl-4e"/>
      </object_component>
      <object_component id="oc-36f">
         <name>.debug_info</name>
         <load_address>0x6d17</load_address>
         <run_address>0x6d17</run_address>
         <size>0xad</size>
      </object_component>
      <object_component id="oc-31e">
         <name>.debug_line</name>
         <load_address>0x0</load_address>
         <run_address>0x0</run_address>
         <size>0xf4</size>
         <input_file_ref idref="fl-2"/>
      </object_component>
      <object_component id="oc-325">
         <name>.debug_line</name>
         <load_address>0xf4</load_address>
         <run_address>0xf4</run_address>
         <size>0x30</size>
         <input_file_ref idref="fl-2"/>
      </object_component>
      <object_component id="oc-28d">
         <name>.debug_line</name>
         <load_address>0x124</load_address>
         <run_address>0x124</run_address>
         <size>0x54</size>
         <input_file_ref idref="fl-2"/>
      </object_component>
      <object_component id="oc-287">
         <name>.debug_line</name>
         <load_address>0x178</load_address>
         <run_address>0x178</run_address>
         <size>0x45</size>
         <input_file_ref idref="fl-2"/>
      </object_component>
      <object_component id="oc-281">
         <name>.debug_line</name>
         <load_address>0x1bd</load_address>
         <run_address>0x1bd</run_address>
         <size>0x3d</size>
         <input_file_ref idref="fl-2"/>
      </object_component>
      <object_component id="oc-27b">
         <name>.debug_line</name>
         <load_address>0x1fa</load_address>
         <run_address>0x1fa</run_address>
         <size>0x45</size>
         <input_file_ref idref="fl-2"/>
      </object_component>
      <object_component id="oc-275">
         <name>.debug_line</name>
         <load_address>0x23f</load_address>
         <run_address>0x23f</run_address>
         <size>0x4a</size>
         <input_file_ref idref="fl-2"/>
      </object_component>
      <object_component id="oc-26f">
         <name>.debug_line</name>
         <load_address>0x289</load_address>
         <run_address>0x289</run_address>
         <size>0x5a</size>
         <input_file_ref idref="fl-2"/>
      </object_component>
      <object_component id="oc-23f">
         <name>.debug_line</name>
         <load_address>0x2e3</load_address>
         <run_address>0x2e3</run_address>
         <size>0x49</size>
         <input_file_ref idref="fl-2"/>
      </object_component>
      <object_component id="oc-263">
         <name>.debug_line</name>
         <load_address>0x32c</load_address>
         <run_address>0x32c</run_address>
         <size>0x41</size>
         <input_file_ref idref="fl-2"/>
      </object_component>
      <object_component id="oc-25c">
         <name>.debug_line</name>
         <load_address>0x36d</load_address>
         <run_address>0x36d</run_address>
         <size>0x41</size>
         <input_file_ref idref="fl-2"/>
      </object_component>
      <object_component id="oc-268">
         <name>.debug_line</name>
         <load_address>0x3ae</load_address>
         <run_address>0x3ae</run_address>
         <size>0x43</size>
         <input_file_ref idref="fl-2"/>
      </object_component>
      <object_component id="oc-257">
         <name>.debug_line</name>
         <load_address>0x3f1</load_address>
         <run_address>0x3f1</run_address>
         <size>0x52</size>
         <input_file_ref idref="fl-2"/>
      </object_component>
      <object_component id="oc-251">
         <name>.debug_line</name>
         <load_address>0x443</load_address>
         <run_address>0x443</run_address>
         <size>0x6f</size>
         <input_file_ref idref="fl-2"/>
      </object_component>
      <object_component id="oc-24b">
         <name>.debug_line</name>
         <load_address>0x4b2</load_address>
         <run_address>0x4b2</run_address>
         <size>0x4e</size>
         <input_file_ref idref="fl-2"/>
      </object_component>
      <object_component id="oc-244">
         <name>.debug_line</name>
         <load_address>0x500</load_address>
         <run_address>0x500</run_address>
         <size>0x4f</size>
         <input_file_ref idref="fl-2"/>
      </object_component>
      <object_component id="oc-322">
         <name>.debug_line</name>
         <load_address>0x54f</load_address>
         <run_address>0x54f</run_address>
         <size>0x6b</size>
         <input_file_ref idref="fl-2"/>
      </object_component>
      <object_component id="oc-12f">
         <name>.debug_line</name>
         <load_address>0x5ba</load_address>
         <run_address>0x5ba</run_address>
         <size>0x20</size>
         <input_file_ref idref="fl-2"/>
      </object_component>
      <object_component id="oc-2ca">
         <name>.debug_line</name>
         <load_address>0x5da</load_address>
         <run_address>0x5da</run_address>
         <size>0x2d</size>
         <input_file_ref idref="fl-2"/>
      </object_component>
      <object_component id="oc-31b">
         <name>.debug_line</name>
         <load_address>0x607</load_address>
         <run_address>0x607</run_address>
         <size>0x6c</size>
         <input_file_ref idref="fl-2"/>
      </object_component>
      <object_component id="oc-2cf">
         <name>.debug_line</name>
         <load_address>0x673</load_address>
         <run_address>0x673</run_address>
         <size>0x30</size>
         <input_file_ref idref="fl-2"/>
      </object_component>
      <object_component id="oc-2c6">
         <name>.debug_line</name>
         <load_address>0x6a3</load_address>
         <run_address>0x6a3</run_address>
         <size>0xd2</size>
         <input_file_ref idref="fl-3"/>
      </object_component>
      <object_component id="oc-333">
         <name>.debug_line</name>
         <load_address>0x775</load_address>
         <run_address>0x775</run_address>
         <size>0x2d</size>
         <input_file_ref idref="fl-3"/>
      </object_component>
      <object_component id="oc-290">
         <name>.debug_line</name>
         <load_address>0x7a2</load_address>
         <run_address>0x7a2</run_address>
         <size>0x2d</size>
         <input_file_ref idref="fl-3"/>
      </object_component>
      <object_component id="oc-30c">
         <name>.debug_line</name>
         <load_address>0x7cf</load_address>
         <run_address>0x7cf</run_address>
         <size>0x49</size>
         <input_file_ref idref="fl-3"/>
      </object_component>
      <object_component id="oc-311">
         <name>.debug_line</name>
         <load_address>0x818</load_address>
         <run_address>0x818</run_address>
         <size>0x43</size>
         <input_file_ref idref="fl-3"/>
      </object_component>
      <object_component id="oc-2ab">
         <name>.debug_line</name>
         <load_address>0x85b</load_address>
         <run_address>0x85b</run_address>
         <size>0x48</size>
         <input_file_ref idref="fl-3"/>
      </object_component>
      <object_component id="oc-29f">
         <name>.debug_line</name>
         <load_address>0x8a3</load_address>
         <run_address>0x8a3</run_address>
         <size>0x40</size>
         <input_file_ref idref="fl-3"/>
      </object_component>
      <object_component id="oc-1be">
         <name>.debug_line</name>
         <load_address>0x8e3</load_address>
         <run_address>0x8e3</run_address>
         <size>0x42</size>
         <input_file_ref idref="fl-3"/>
      </object_component>
      <object_component id="oc-1c4">
         <name>.debug_line</name>
         <load_address>0x925</load_address>
         <run_address>0x925</run_address>
         <size>0x6a</size>
         <input_file_ref idref="fl-3"/>
      </object_component>
      <object_component id="oc-1ca">
         <name>.debug_line</name>
         <load_address>0x98f</load_address>
         <run_address>0x98f</run_address>
         <size>0x4f</size>
         <input_file_ref idref="fl-3"/>
      </object_component>
      <object_component id="oc-1dc">
         <name>.debug_line</name>
         <load_address>0x9de</load_address>
         <run_address>0x9de</run_address>
         <size>0x4f</size>
         <input_file_ref idref="fl-3"/>
      </object_component>
      <object_component id="oc-2a5">
         <name>.debug_line</name>
         <load_address>0xa2d</load_address>
         <run_address>0xa2d</run_address>
         <size>0x40</size>
         <input_file_ref idref="fl-3"/>
      </object_component>
      <object_component id="oc-1eb">
         <name>.debug_line</name>
         <load_address>0xa6d</load_address>
         <run_address>0xa6d</run_address>
         <size>0x51</size>
         <input_file_ref idref="fl-3"/>
      </object_component>
      <object_component id="oc-16b">
         <name>.debug_line</name>
         <load_address>0xabe</load_address>
         <run_address>0xabe</run_address>
         <size>0x45</size>
         <input_file_ref idref="fl-3"/>
      </object_component>
      <object_component id="oc-301">
         <name>.debug_line</name>
         <load_address>0xb03</load_address>
         <run_address>0xb03</run_address>
         <size>0xa8</size>
         <input_file_ref idref="fl-4"/>
      </object_component>
      <object_component id="oc-331">
         <name>.debug_line</name>
         <load_address>0xbab</load_address>
         <run_address>0xbab</run_address>
         <size>0x31</size>
         <input_file_ref idref="fl-4"/>
      </object_component>
      <object_component id="oc-229">
         <name>.debug_line</name>
         <load_address>0xbdc</load_address>
         <run_address>0xbdc</run_address>
         <size>0x5c</size>
         <input_file_ref idref="fl-4"/>
      </object_component>
      <object_component id="oc-22f">
         <name>.debug_line</name>
         <load_address>0xc38</load_address>
         <run_address>0xc38</run_address>
         <size>0x42</size>
         <input_file_ref idref="fl-4"/>
      </object_component>
      <object_component id="oc-292">
         <name>.debug_line</name>
         <load_address>0xc7a</load_address>
         <run_address>0xc7a</run_address>
         <size>0x5f</size>
         <input_file_ref idref="fl-4"/>
      </object_component>
      <object_component id="oc-1e6">
         <name>.debug_line</name>
         <load_address>0xcd9</load_address>
         <run_address>0xcd9</run_address>
         <size>0x55</size>
         <input_file_ref idref="fl-4"/>
      </object_component>
      <object_component id="oc-1d7">
         <name>.debug_line</name>
         <load_address>0xd2e</load_address>
         <run_address>0xd2e</run_address>
         <size>0x4e</size>
         <input_file_ref idref="fl-4"/>
      </object_component>
      <object_component id="oc-1d0">
         <name>.debug_line</name>
         <load_address>0xd7c</load_address>
         <run_address>0xd7c</run_address>
         <size>0x69</size>
         <input_file_ref idref="fl-4"/>
      </object_component>
      <object_component id="oc-2c3">
         <name>.debug_line</name>
         <load_address>0xde5</load_address>
         <run_address>0xde5</run_address>
         <size>0x4e</size>
         <input_file_ref idref="fl-1f"/>
      </object_component>
      <object_component id="oc-17f">
         <name>.debug_line</name>
         <load_address>0xe33</load_address>
         <run_address>0xe33</run_address>
         <size>0x2a</size>
         <input_file_ref idref="fl-20"/>
      </object_component>
      <object_component id="oc-6c">
         <name>.debug_line</name>
         <load_address>0xe5d</load_address>
         <run_address>0xe5d</run_address>
         <size>0x4c</size>
         <input_file_ref idref="fl-21"/>
      </object_component>
      <object_component id="oc-199">
         <name>.debug_line</name>
         <load_address>0xea9</load_address>
         <run_address>0xea9</run_address>
         <size>0x20</size>
         <input_file_ref idref="fl-24"/>
      </object_component>
      <object_component id="oc-4d">
         <name>.debug_line</name>
         <load_address>0xec9</load_address>
         <run_address>0xec9</run_address>
         <size>0x4d</size>
         <input_file_ref idref="fl-24"/>
      </object_component>
      <object_component id="oc-147">
         <name>.debug_line</name>
         <load_address>0xf16</load_address>
         <run_address>0xf16</run_address>
         <size>0x34</size>
         <input_file_ref idref="fl-24"/>
      </object_component>
      <object_component id="oc-18e">
         <name>.debug_line</name>
         <load_address>0xf4a</load_address>
         <run_address>0xf4a</run_address>
         <size>0x8a</size>
         <input_file_ref idref="fl-24"/>
      </object_component>
      <object_component id="oc-2e3">
         <name>.debug_line</name>
         <load_address>0xfd4</load_address>
         <run_address>0xfd4</run_address>
         <size>0x5a</size>
         <input_file_ref idref="fl-26"/>
      </object_component>
      <object_component id="oc-32c">
         <name>.debug_line</name>
         <load_address>0x102e</load_address>
         <run_address>0x102e</run_address>
         <size>0x64</size>
         <input_file_ref idref="fl-27"/>
      </object_component>
      <object_component id="oc-125">
         <name>.debug_line</name>
         <load_address>0x1092</load_address>
         <run_address>0x1092</run_address>
         <size>0x40</size>
         <input_file_ref idref="fl-28"/>
      </object_component>
      <object_component id="oc-174">
         <name>.debug_line</name>
         <load_address>0x10d2</load_address>
         <run_address>0x10d2</run_address>
         <size>0x3d</size>
         <input_file_ref idref="fl-29"/>
      </object_component>
      <object_component id="oc-29d">
         <name>.debug_line</name>
         <load_address>0x110f</load_address>
         <run_address>0x110f</run_address>
         <size>0x5e</size>
         <input_file_ref idref="fl-2b"/>
      </object_component>
      <object_component id="oc-2ee">
         <name>.debug_line</name>
         <load_address>0x116d</load_address>
         <run_address>0x116d</run_address>
         <size>0x55</size>
         <input_file_ref idref="fl-2c"/>
      </object_component>
      <object_component id="oc-2eb">
         <name>.debug_line</name>
         <load_address>0x11c2</load_address>
         <run_address>0x11c2</run_address>
         <size>0x94</size>
         <input_file_ref idref="fl-2d"/>
      </object_component>
      <object_component id="oc-2da">
         <name>.debug_line</name>
         <load_address>0x1256</load_address>
         <run_address>0x1256</run_address>
         <size>0x3f</size>
         <input_file_ref idref="fl-2e"/>
      </object_component>
      <object_component id="oc-2de">
         <name>.debug_line</name>
         <load_address>0x1295</load_address>
         <run_address>0x1295</run_address>
         <size>0x71</size>
         <input_file_ref idref="fl-2f"/>
      </object_component>
      <object_component id="oc-142">
         <name>.debug_line</name>
         <load_address>0x1306</load_address>
         <run_address>0x1306</run_address>
         <size>0x3d</size>
         <input_file_ref idref="fl-3e"/>
      </object_component>
      <object_component id="oc-11b">
         <name>.debug_line</name>
         <load_address>0x1343</load_address>
         <run_address>0x1343</run_address>
         <size>0x4e</size>
         <input_file_ref idref="fl-3f"/>
      </object_component>
      <object_component id="oc-1f5">
         <name>.debug_line</name>
         <load_address>0x1391</load_address>
         <run_address>0x1391</run_address>
         <size>0x20</size>
         <input_file_ref idref="fl-41"/>
      </object_component>
      <object_component id="oc-136">
         <name>.debug_line</name>
         <load_address>0x13b1</load_address>
         <run_address>0x13b1</run_address>
         <size>0x45</size>
         <input_file_ref idref="fl-41"/>
      </object_component>
      <object_component id="oc-1f7">
         <name>.debug_line</name>
         <load_address>0x13f6</load_address>
         <run_address>0x13f6</run_address>
         <size>0x42</size>
         <input_file_ref idref="fl-45"/>
      </object_component>
      <object_component id="oc-14b">
         <name>.debug_line</name>
         <load_address>0x1438</load_address>
         <run_address>0x1438</run_address>
         <size>0x3e</size>
         <input_file_ref idref="fl-49"/>
      </object_component>
      <object_component id="oc-1ff">
         <name>.debug_line</name>
         <load_address>0x1476</load_address>
         <run_address>0x1476</run_address>
         <size>0xa9</size>
         <input_file_ref idref="fl-4c"/>
      </object_component>
      <object_component id="oc-154">
         <name>.debug_line</name>
         <load_address>0x151f</load_address>
         <run_address>0x151f</run_address>
         <size>0x91</size>
         <input_file_ref idref="fl-4c"/>
      </object_component>
      <object_component id="oc-203">
         <name>.debug_line</name>
         <load_address>0x15b0</load_address>
         <run_address>0x15b0</run_address>
         <size>0x2e</size>
         <input_file_ref idref="fl-4c"/>
      </object_component>
      <object_component id="oc-208">
         <name>.debug_line</name>
         <load_address>0x15de</load_address>
         <run_address>0x15de</run_address>
         <size>0x8b</size>
         <input_file_ref idref="fl-4c"/>
      </object_component>
      <object_component id="oc-2b3">
         <name>.debug_line</name>
         <load_address>0x1669</load_address>
         <run_address>0x1669</run_address>
         <size>0x98</size>
         <input_file_ref idref="fl-4d"/>
      </object_component>
      <object_component id="oc-19e">
         <name>.debug_line</name>
         <load_address>0x1701</load_address>
         <run_address>0x1701</run_address>
         <size>0x5f</size>
         <input_file_ref idref="fl-4d"/>
      </object_component>
      <object_component id="oc-2b7">
         <name>.debug_line</name>
         <load_address>0x1760</load_address>
         <run_address>0x1760</run_address>
         <size>0x2e</size>
         <input_file_ref idref="fl-4d"/>
      </object_component>
      <object_component id="oc-1a2">
         <name>.debug_line</name>
         <load_address>0x178e</load_address>
         <run_address>0x178e</run_address>
         <size>0x3a</size>
         <input_file_ref idref="fl-4e"/>
      </object_component>
      <object_component id="oc-28c">
         <name>.debug_frame</name>
         <load_address>0x0</load_address>
         <run_address>0x0</run_address>
         <size>0x48</size>
         <input_file_ref idref="fl-2"/>
      </object_component>
      <object_component id="oc-286">
         <name>.debug_frame</name>
         <load_address>0x48</load_address>
         <run_address>0x48</run_address>
         <size>0x44</size>
         <input_file_ref idref="fl-2"/>
      </object_component>
      <object_component id="oc-280">
         <name>.debug_frame</name>
         <load_address>0x8c</load_address>
         <run_address>0x8c</run_address>
         <size>0x3c</size>
         <input_file_ref idref="fl-2"/>
      </object_component>
      <object_component id="oc-27a">
         <name>.debug_frame</name>
         <load_address>0xc8</load_address>
         <run_address>0xc8</run_address>
         <size>0x44</size>
         <input_file_ref idref="fl-2"/>
      </object_component>
      <object_component id="oc-274">
         <name>.debug_frame</name>
         <load_address>0x10c</load_address>
         <run_address>0x10c</run_address>
         <size>0x44</size>
         <input_file_ref idref="fl-2"/>
      </object_component>
      <object_component id="oc-26e">
         <name>.debug_frame</name>
         <load_address>0x150</load_address>
         <run_address>0x150</run_address>
         <size>0x48</size>
         <input_file_ref idref="fl-2"/>
      </object_component>
      <object_component id="oc-23e">
         <name>.debug_frame</name>
         <load_address>0x198</load_address>
         <run_address>0x198</run_address>
         <size>0x44</size>
         <input_file_ref idref="fl-2"/>
      </object_component>
      <object_component id="oc-262">
         <name>.debug_frame</name>
         <load_address>0x1dc</load_address>
         <run_address>0x1dc</run_address>
         <size>0x3c</size>
         <input_file_ref idref="fl-2"/>
      </object_component>
      <object_component id="oc-25d">
         <name>.debug_frame</name>
         <load_address>0x218</load_address>
         <run_address>0x218</run_address>
         <size>0x3c</size>
         <input_file_ref idref="fl-2"/>
      </object_component>
      <object_component id="oc-269">
         <name>.debug_frame</name>
         <load_address>0x254</load_address>
         <run_address>0x254</run_address>
         <size>0x3c</size>
         <input_file_ref idref="fl-2"/>
      </object_component>
      <object_component id="oc-256">
         <name>.debug_frame</name>
         <load_address>0x290</load_address>
         <run_address>0x290</run_address>
         <size>0x44</size>
         <input_file_ref idref="fl-2"/>
      </object_component>
      <object_component id="oc-250">
         <name>.debug_frame</name>
         <load_address>0x2d4</load_address>
         <run_address>0x2d4</run_address>
         <size>0x7c</size>
         <input_file_ref idref="fl-2"/>
      </object_component>
      <object_component id="oc-24a">
         <name>.debug_frame</name>
         <load_address>0x350</load_address>
         <run_address>0x350</run_address>
         <size>0x44</size>
         <input_file_ref idref="fl-2"/>
      </object_component>
      <object_component id="oc-245">
         <name>.debug_frame</name>
         <load_address>0x394</load_address>
         <run_address>0x394</run_address>
         <size>0x3c</size>
         <input_file_ref idref="fl-2"/>
      </object_component>
      <object_component id="oc-30b">
         <name>.debug_frame</name>
         <load_address>0x3d0</load_address>
         <run_address>0x3d0</run_address>
         <size>0x3c</size>
         <input_file_ref idref="fl-3"/>
      </object_component>
      <object_component id="oc-312">
         <name>.debug_frame</name>
         <load_address>0x40c</load_address>
         <run_address>0x40c</run_address>
         <size>0x3c</size>
         <input_file_ref idref="fl-3"/>
      </object_component>
      <object_component id="oc-2af">
         <name>.debug_frame</name>
         <load_address>0x448</load_address>
         <run_address>0x448</run_address>
         <size>0x3c</size>
         <input_file_ref idref="fl-3"/>
      </object_component>
      <object_component id="oc-2a3">
         <name>.debug_frame</name>
         <load_address>0x484</load_address>
         <run_address>0x484</run_address>
         <size>0x3c</size>
         <input_file_ref idref="fl-3"/>
      </object_component>
      <object_component id="oc-1c2">
         <name>.debug_frame</name>
         <load_address>0x4c0</load_address>
         <run_address>0x4c0</run_address>
         <size>0x3c</size>
         <input_file_ref idref="fl-3"/>
      </object_component>
      <object_component id="oc-1c8">
         <name>.debug_frame</name>
         <load_address>0x4fc</load_address>
         <run_address>0x4fc</run_address>
         <size>0x3c</size>
         <input_file_ref idref="fl-3"/>
      </object_component>
      <object_component id="oc-1ce">
         <name>.debug_frame</name>
         <load_address>0x538</load_address>
         <run_address>0x538</run_address>
         <size>0x3c</size>
         <input_file_ref idref="fl-3"/>
      </object_component>
      <object_component id="oc-1e0">
         <name>.debug_frame</name>
         <load_address>0x574</load_address>
         <run_address>0x574</run_address>
         <size>0x3c</size>
         <input_file_ref idref="fl-3"/>
      </object_component>
      <object_component id="oc-2a9">
         <name>.debug_frame</name>
         <load_address>0x5b0</load_address>
         <run_address>0x5b0</run_address>
         <size>0x3c</size>
         <input_file_ref idref="fl-3"/>
      </object_component>
      <object_component id="oc-1ef">
         <name>.debug_frame</name>
         <load_address>0x5ec</load_address>
         <run_address>0x5ec</run_address>
         <size>0x50</size>
         <input_file_ref idref="fl-3"/>
      </object_component>
      <object_component id="oc-16f">
         <name>.debug_frame</name>
         <load_address>0x63c</load_address>
         <run_address>0x63c</run_address>
         <size>0x3c</size>
         <input_file_ref idref="fl-3"/>
      </object_component>
      <object_component id="oc-22a">
         <name>.debug_frame</name>
         <load_address>0x678</load_address>
         <run_address>0x678</run_address>
         <size>0x3c</size>
         <input_file_ref idref="fl-4"/>
      </object_component>
      <object_component id="oc-230">
         <name>.debug_frame</name>
         <load_address>0x6b4</load_address>
         <run_address>0x6b4</run_address>
         <size>0x3c</size>
         <input_file_ref idref="fl-4"/>
      </object_component>
      <object_component id="oc-293">
         <name>.debug_frame</name>
         <load_address>0x6f0</load_address>
         <run_address>0x6f0</run_address>
         <size>0x48</size>
         <input_file_ref idref="fl-4"/>
      </object_component>
      <object_component id="oc-1e5">
         <name>.debug_frame</name>
         <load_address>0x738</load_address>
         <run_address>0x738</run_address>
         <size>0x50</size>
         <input_file_ref idref="fl-4"/>
      </object_component>
      <object_component id="oc-1d6">
         <name>.debug_frame</name>
         <load_address>0x788</load_address>
         <run_address>0x788</run_address>
         <size>0x3c</size>
         <input_file_ref idref="fl-4"/>
      </object_component>
      <object_component id="oc-1d1">
         <name>.debug_frame</name>
         <load_address>0x7c4</load_address>
         <run_address>0x7c4</run_address>
         <size>0x40</size>
         <input_file_ref idref="fl-4"/>
      </object_component>
      <object_component id="oc-6d">
         <name>.debug_frame</name>
         <load_address>0x804</load_address>
         <run_address>0x804</run_address>
         <size>0x34</size>
         <input_file_ref idref="fl-21"/>
      </object_component>
      <object_component id="oc-51">
         <name>.debug_frame</name>
         <load_address>0x838</load_address>
         <run_address>0x838</run_address>
         <size>0x3c</size>
         <input_file_ref idref="fl-24"/>
      </object_component>
      <object_component id="oc-177">
         <name>.debug_frame</name>
         <load_address>0x874</load_address>
         <run_address>0x874</run_address>
         <size>0x3c</size>
         <input_file_ref idref="fl-29"/>
      </object_component>
      <object_component id="oc-135">
         <name>.debug_frame</name>
         <load_address>0x8b0</load_address>
         <run_address>0x8b0</run_address>
         <size>0x3c</size>
         <input_file_ref idref="fl-41"/>
      </object_component>
      <object_component id="oc-14f">
         <name>.debug_frame</name>
         <load_address>0x8ec</load_address>
         <run_address>0x8ec</run_address>
         <size>0x3c</size>
         <input_file_ref idref="fl-49"/>
      </object_component>
      <object_component id="oc-155">
         <name>.debug_frame</name>
         <load_address>0x928</load_address>
         <run_address>0x928</run_address>
         <size>0x44</size>
         <input_file_ref idref="fl-4c"/>
      </object_component>
      <object_component id="oc-19c">
         <name>.debug_frame</name>
         <load_address>0x96c</load_address>
         <run_address>0x96c</run_address>
         <size>0x44</size>
         <input_file_ref idref="fl-4d"/>
      </object_component>
      <object_component id="oc-1a3">
         <name>.debug_frame</name>
         <load_address>0x9b0</load_address>
         <run_address>0x9b0</run_address>
         <size>0x3c</size>
         <input_file_ref idref="fl-4e"/>
      </object_component>
      <object_component id="oc-31d">
         <name>.debug_abbrev</name>
         <load_address>0x0</load_address>
         <run_address>0x0</run_address>
         <size>0xd3</size>
         <input_file_ref idref="fl-2"/>
      </object_component>
      <object_component id="oc-324">
         <name>.debug_abbrev</name>
         <load_address>0xd3</load_address>
         <run_address>0xd3</run_address>
         <size>0x29</size>
         <input_file_ref idref="fl-2"/>
      </object_component>
      <object_component id="oc-2fb">
         <name>.debug_abbrev</name>
         <load_address>0xfc</load_address>
         <run_address>0xfc</run_address>
         <size>0x7b</size>
[...]
         <value>0x8a</value>
      </symbol>
      <symbol id="sm-81">
         <name>ADC12MCTL11</name>
         <value>0x8b</value>
      </symbol>
      <symbol id="sm-82">
         <name>ADC12MCTL12</name>
         <value>0x8c</value>
      </symbol>
      <symbol id="sm-83">
         <name>ADC12MCTL13</name>
         <value>0x8d</value>
      </symbol>
      <symbol id="sm-84">
         <name>ADC12MCTL14</name>
         <value>0x8e</value>
      </symbol>
      <symbol id="sm-85">
         <name>ADC12MCTL15</name>
         <value>0x8f</value>
      </symbol>
      <symbol id="sm-86">
         <name>__TI_CINIT_Base</name>
         <value>0x24e4</value>
      </symbol>
      <symbol id="sm-87">
         <name>__TI_CINIT_Limit</name>
         <value>0x24e8</value>
      </symbol>
      <symbol id="sm-88">
         <name>__TI_Handler_Table_Base</name>
         <value>0x24e2</value>
      </symbol>
      <symbol id="sm-89">
         <name>__TI_Handler_Table_Limit</name>
         <value>0x24e4</value>
      </symbol>
      <symbol id="sm-8a">
         <name>__STACK_SIZE</name>
         <value>0x50</value>
      </symbol>
      <symbol id="sm-8b">
         <name>__STACK_END</name>
         <value>0xa00</value>
      </symbol>
      <symbol id="sm-8c">
         <name>__c_args__</name>
         <value>0xffffffff</value>
      </symbol>
      <symbol id="sm-8d">
         <name>__TI_pprof_out_hndl</name>
         <value>0xffffffff</value>
      </symbol>
      <symbol id="sm-8e">
         <name>__TI_prof_data_start</name>
         <value>0xffffffff</value>
      </symbol>
      <symbol id="sm-8f">
         <name>__TI_prof_data_size</name>
         <value>0xffffffff</value>
      </symbol>
      <symbol id="sm-15d">
         <name>ds18b20_hw_read_line</name>
         <value>0x1d86</value>
         <object_component_ref idref="oc-264"/>
      </symbol>
      <symbol id="sm-15e">
         <name>ds18b20_read_id</name>
         <value>0x1ccc</value>
         <object_component_ref idref="oc-276"/>
      </symbol>
      <symbol id="sm-15f">
         <name>crc_table</name>
         <value>0x23c2</value>
         <object_component_ref idref="oc-2d3"/>
      </symbol>
      <symbol id="sm-160">
         <name>ds18b20_read_byte</name>
         <value>0x1946</value>
         <object_component_ref idref="oc-26a"/>
      </symbol>
      <symbol id="sm-161">
         <name>ds18b20_read_bytes</name>
         <value>0x1c88</value>
         <object_component_ref idref="oc-270"/>
      </symbol>
      <symbol id="sm-162">
         <name>ds18b20_write_byte</name>
         <value>0x19ea</value>
         <object_component_ref idref="oc-288"/>
      </symbol>
      <symbol id="sm-163">
         <name>ds18b20_float_2_ascii</name>
         <value>0x1100</value>
         <object_component_ref idref="oc-24c"/>
      </symbol>
      <symbol id="sm-164">
         <name>ds18b20_config</name>
         <value>0x1574</value>
         <object_component_ref idref="oc-246"/>
      </symbol>
      <symbol id="sm-165">
         <name>ds18b20_save_temp_string</name>
         <value>0x1bac</value>
         <object_component_ref idref="oc-282"/>
      </symbol>
      <symbol id="sm-166">
         <name>ds18b20_get_temp</name>
         <value>0x1456</value>
         <object_component_ref idref="oc-252"/>
      </symbol>
      <symbol id="sm-167">
         <name>ds18b20_check_crc</name>
         <value>0x1cae</value>
         <object_component_ref idref="oc-240"/>
      </symbol>
      <symbol id="sm-168">
         <name>ds18b20_reset</name>
         <value>0x1dd0</value>
         <object_component_ref idref="oc-27c"/>
      </symbol>
      <symbol id="sm-169">
         <name>ds18b20_hw_set_low</name>
         <value>0x1d9c</value>
         <object_component_ref idref="oc-25e"/>
      </symbol>
      <symbol id="sm-16a">
         <name>ds18b20_init</name>
         <value>0x199c</value>
         <object_component_ref idref="oc-23a"/>
      </symbol>
      <symbol id="sm-16b">
         <name>ds18b20_hw_set_high</name>
         <value>0x1d92</value>
         <object_component_ref idref="oc-258"/>
      </symbol>
      <symbol id="sm-1d3">
         <name>dev</name>
         <value>0x200</value>
      </symbol>
      <symbol id="sm-1d4">
         <name>p_dev</name>
         <value>0x254</value>
      </symbol>
      <symbol id="sm-1d5">
         <name>temp</name>
         <value>0x248</value>
      </symbol>
      <symbol id="sm-1d6">
         <name>uart_0_send_temp</name>
         <value>0x1724</value>
         <object_component_ref idref="oc-2aa"/>
      </symbol>
      <symbol id="sm-1d7">
         <name>GPIO_INIT</name>
         <value>0x1786</value>
         <object_component_ref idref="oc-1c3"/>
      </symbol>
      <symbol id="sm-1d8">
         <name>uart_0_put_char</name>
         <value>0x1d78</value>
         <object_component_ref idref="oc-310"/>
      </symbol>
      <symbol id="sm-1d9">
         <name>SYSTEM_INIT</name>
         <value>0x1d1a</value>
         <object_component_ref idref="oc-1bd"/>
      </symbol>
      <symbol id="sm-1da">
         <name>main</name>
         <value>0x1bda</value>
         <object_component_ref idref="oc-16a"/>
      </symbol>
      <symbol id="sm-1db">
         <name>UART_INIT</name>
         <value>0x18f0</value>
         <object_component_ref idref="oc-1c9"/>
      </symbol>
      <symbol id="sm-1dc">
         <name>alarm</name>
         <value>0x1dbe</value>
         <object_component_ref idref="oc-2a4"/>
      </symbol>
      <symbol id="sm-1dd">
         <name>DS18B20_INIT</name>
         <value>0x16c2</value>
         <object_component_ref idref="oc-1db"/>
      </symbol>
      <symbol id="sm-1de">
         <name>uart_0_send_str</name>
         <value>0x1d04</value>
         <object_component_ref idref="oc-30a"/>
      </symbol>
      <symbol id="sm-1df">
         <name>do_tast</name>
         <value>0x1654</value>
         <object_component_ref idref="oc-1ea"/>
      </symbol>
      <symbol id="sm-1e0">
         <name>no_alarm</name>
         <value>0x1dc4</value>
         <object_component_ref idref="oc-29e"/>
      </symbol>
      <symbol id="sm-1e1">
         <name>temp_str</name>
         <value>0x24d0</value>
         <object_component_ref idref="oc-307"/>
      </symbol>
      <symbol id="sm-1e2">
         <name>oled_welcome_str</name>
         <value>0x24d8</value>
         <object_component_ref idref="oc-1e1"/>
      </symbol>
      <symbol id="sm-225">
         <name>OLED_WR_Byte</name>
         <value>0x1a38</value>
         <object_component_ref idref="oc-228"/>
      </symbol>
      <symbol id="sm-226">
         <name>OLED_Init</name>
         <value>0x125e</value>
         <object_component_ref idref="oc-1cf"/>
      </symbol>
      <symbol id="sm-227">
         <name>F8X16</name>
         <value>0x1dd2</value>
         <object_component_ref idref="oc-2fc"/>
      </symbol>
      <symbol id="sm-228">
         <name>OLED_ShowString</name>
         <value>0x1b0c</value>
         <object_component_ref idref="oc-1e4"/>
      </symbol>
      <symbol id="sm-229">
         <name>OLED_ShowChar</name>
         <value>0x17e2</value>
         <object_component_ref idref="oc-291"/>
      </symbol>
      <symbol id="sm-22a">
         <name>OLED_Clear</name>
         <value>0x1b78</value>
         <object_component_ref idref="oc-1d5"/>
      </symbol>
      <symbol id="sm-22b">
         <name>OLED_Set_Pos</name>
         <value>0x1c5e</value>
         <object_component_ref idref="oc-22e"/>
      </symbol>
      <symbol id="sm-233">
         <name>__mspabi_srai</name>
         <value>0x1c06</value>
         <object_component_ref idref="oc-2bf"/>
      </symbol>
      <symbol id="sm-234">
         <name>__mspabi_srai_8</name>
         <value>0x1c20</value>
         <object_component_ref idref="oc-2bf"/>
      </symbol>
      <symbol id="sm-235">
         <name>__mspabi_srai_9</name>
         <value>0x1c1e</value>
         <object_component_ref idref="oc-2bf"/>
      </symbol>
      <symbol id="sm-236">
         <name>__mspabi_srai_6</name>
         <value>0x1c24</value>
         <object_component_ref idref="oc-2bf"/>
      </symbol>
      <symbol id="sm-237">
         <name>__mspabi_srai_7</name>
         <value>0x1c22</value>
         <object_component_ref idref="oc-2bf"/>
      </symbol>
      <symbol id="sm-238">
         <name>__mspabi_srai_4</name>
         <value>0x1c28</value>
         <object_component_ref idref="oc-2bf"/>
      </symbol>
      <symbol id="sm-239">
         <name>__mspabi_srai_5</name>
         <value>0x1c26</value>
         <object_component_ref idref="oc-2bf"/>
      </symbol>
      <symbol id="sm-23a">
         <name>__mspabi_srai_2</name>
         <value>0x1c2c</value>
         <object_component_ref idref="oc-2bf"/>
      </symbol>
      <symbol id="sm-23b">
         <name>__mspabi_srai_3</name>
         <value>0x1c2a</value>
         <object_component_ref idref="oc-2bf"/>
      </symbol>
      <symbol id="sm-23c">
         <name>__mspabi_srai_1</name>
         <value>0x1c2e</value>
         <object_component_ref idref="oc-2bf"/>
      </symbol>
      <symbol id="sm-23d">
         <name>__mspabi_srai_15</name>
         <value>0x1c12</value>
         <object_component_ref idref="oc-2bf"/>
      </symbol>
      <symbol id="sm-23e">
         <name>__mspabi_srai_14</name>
         <value>0x1c14</value>
         <object_component_ref idref="oc-2bf"/>
      </symbol>
      <symbol id="sm-23f">
         <name>__mspabi_srai_13</name>
         <value>0x1c16</value>
         <object_component_ref idref="oc-2bf"/>
      </symbol>
      <symbol id="sm-240">
         <name>__mspabi_srai_12</name>
         <value>0x1c18</value>
         <object_component_ref idref="oc-2bf"/>
      </symbol>
      <symbol id="sm-241">
         <name>__mspabi_srai_11</name>
         <value>0x1c1a</value>
         <object_component_ref idref="oc-2bf"/>
      </symbol>
      <symbol id="sm-242">
         <name>__mspabi_srai_10</name>
         <value>0x1c1c</value>
         <object_component_ref idref="oc-2bf"/>
      </symbol>
      <symbol id="sm-24a">
         <name>_stack</name>
         <value>0x9b0</value>
         <object_component_ref idref="oc-113"/>
      </symbol>
      <symbol id="sm-24b">
         <name>_reset_vector</name>
         <value>0xfffe</value>
         <object_component_ref idref="oc-116"/>
      </symbol>
      <symbol id="sm-255">
         <name>_c_int00_noargs_noexit</name>
         <value>0x1cea</value>
         <object_component_ref idref="oc-6a"/>
      </symbol>
      <symbol id="sm-26f">
         <name>__TI_zero_init</name>
         <value>0x1d2e</value>
         <object_component_ref idref="oc-4c"/>
      </symbol>
      <symbol id="sm-27c">
         <name>__mspabi_remli</name>
         <value>0x1acc</value>
         <object_component_ref idref="oc-2e2"/>
      </symbol>
      <symbol id="sm-27d">
         <name>__mspabi_divli</name>
         <value>0x1acc</value>
         <object_component_ref idref="oc-2e2"/>
      </symbol>
      <symbol id="sm-28b">
         <name>__mspabi_remul</name>
         <value>0x1898</value>
         <object_component_ref idref="oc-328"/>
      </symbol>
      <symbol id="sm-28c">
         <name>__mspabi_divul</name>
         <value>0x1898</value>
         <object_component_ref idref="oc-328"/>
      </symbol>
      <symbol id="sm-295">
         <name>__mspabi_func_epilog_2</name>
         <value>0x1d72</value>
         <object_component_ref idref="oc-121"/>
      </symbol>
      <symbol id="sm-296">
         <name>__mspabi_func_epilog_3</name>
         <value>0x1d70</value>
         <object_component_ref idref="oc-121"/>
      </symbol>
      <symbol id="sm-297">
         <name>__mspabi_func_epilog_1</name>
         <value>0x1d74</value>
         <object_component_ref idref="oc-121"/>
      </symbol>
      <symbol id="sm-298">
         <name>__mspabi_func_epilog_6</name>
         <value>0x1d6a</value>
         <object_component_ref idref="oc-121"/>
      </symbol>
      <symbol id="sm-299">
         <name>__mspabi_func_epilog_7</name>
         <value>0x1d68</value>
         <object_component_ref idref="oc-121"/>
      </symbol>
      <symbol id="sm-29a">
         <name>__mspabi_func_epilog_4</name>
         <value>0x1d6e</value>
         <object_component_ref idref="oc-121"/>
      </symbol>
      <symbol id="sm-29b">
         <name>__mspabi_func_epilog_5</name>
         <value>0x1d6c</value>
         <object_component_ref idref="oc-121"/>
      </symbol>
      <symbol id="sm-2a5">
         <name>C$$EXIT</name>
         <value>0x1db8</value>
         <object_component_ref idref="oc-172"/>
      </symbol>
      <symbol id="sm-2a6">
         <name>abort</name>
         <value>0x1db8</value>
         <object_component_ref idref="oc-172"/>
      </symbol>
      <symbol id="sm-2b7">
         <name>__mspabi_cmpf</name>
         <value>0x1a82</value>
         <object_component_ref idref="oc-299"/>
      </symbol>
      <symbol id="sm-2c4">
         <name>__mspabi_fltif</name>
         <value>0x1b42</value>
         <object_component_ref idref="oc-2ed"/>
      </symbol>
      <symbol id="sm-2db">
         <name>__mspabi_mpyf</name>
         <value>0x1392</value>
         <object_component_ref idref="oc-2e7"/>
      </symbol>
      <symbol id="sm-2e4">
         <name>__mspabi_negf</name>
         <value>0x1da6</value>
         <object_component_ref idref="oc-2d8"/>
      </symbol>
      <symbol id="sm-2f7">
         <name>__mspabi_fixfli</name>
         <value>0x14f6</value>
         <object_component_ref idref="oc-2dd"/>
      </symbol>
      <symbol id="sm-2fa">
         <name>__TI_int01</name>
         <value>0xffe2</value>
         <object_component_ref idref="oc-3e"/>
      </symbol>
      <symbol id="sm-2fd">
         <name>__TI_int02</name>
         <value>0xffe4</value>
         <object_component_ref idref="oc-3f"/>
      </symbol>
      <symbol id="sm-300">
         <name>__TI_int03</name>
         <value>0xffe6</value>
         <object_component_ref idref="oc-40"/>
      </symbol>
      <symbol id="sm-303">
         <name>__TI_int04</name>
         <value>0xffe8</value>
         <object_component_ref idref="oc-41"/>
      </symbol>
      <symbol id="sm-306">
         <name>__TI_int05</name>
         <value>0xffea</value>
         <object_component_ref idref="oc-42"/>
      </symbol>
      <symbol id="sm-309">
         <name>__TI_int06</name>
         <value>0xffec</value>
         <object_component_ref idref="oc-43"/>
      </symbol>
      <symbol id="sm-30c">
         <name>__TI_int07</name>
         <value>0xffee</value>
         <object_component_ref idref="oc-44"/>
      </symbol>
      <symbol id="sm-30f">
         <name>__TI_int08</name>
         <value>0xfff0</value>
         <object_component_ref idref="oc-45"/>
      </symbol>
      <symbol id="sm-312">
         <name>__TI_int09</name>
         <value>0xfff2</value>
         <object_component_ref idref="oc-46"/>
      </symbol>
      <symbol id="sm-315">
         <name>__TI_int10</name>
         <value>0xfff4</value>
         <object_component_ref idref="oc-47"/>
      </symbol>
      <symbol id="sm-318">
         <name>__TI_int11</name>
         <value>0xfff6</value>
         <object_component_ref idref="oc-48"/>
      </symbol>
      <symbol id="sm-31b">
         <name>__TI_int12</name>
         <value>0xfff8</value>
         <object_component_ref idref="oc-49"/>
      </symbol>
      <symbol id="sm-31e">
         <name>__TI_int13</name>
         <value>0xfffa</value>
         <object_component_ref idref="oc-4a"/>
      </symbol>
      <symbol id="sm-321">
         <name>__TI_int14</name>
         <value>0xfffc</value>
         <object_component_ref idref="oc-4b"/>
      </symbol>
      <symbol id="sm-329">
         <name>__TI_ISR_TRAP</name>
         <value>0x1db0</value>
         <object_component_ref idref="oc-13e"/>
      </symbol>
      <symbol id="sm-331">
         <name>__mspabi_slli</name>
         <value>0x1c32</value>
         <object_component_ref idref="oc-117"/>
      </symbol>
      <symbol id="sm-332">
         <name>__mspabi_slli_9</name>
         <value>0x1c4a</value>
         <object_component_ref idref="oc-117"/>
      </symbol>
      <symbol id="sm-333">
         <name>__mspabi_slli_8</name>
         <value>0x1c4c</value>
         <object_component_ref idref="oc-117"/>
      </symbol>
      <symbol id="sm-334">
         <name>__mspabi_slli_7</name>
         <value>0x1c4e</value>
         <object_component_ref idref="oc-117"/>
      </symbol>
      <symbol id="sm-335">
         <name>__mspabi_slli_6</name>
         <value>0x1c50</value>
         <object_component_ref idref="oc-117"/>
      </symbol>
      <symbol id="sm-336">
         <name>__mspabi_slli_5</name>
         <value>0x1c52</value>
         <object_component_ref idref="oc-117"/>
      </symbol>
      <symbol id="sm-337">
         <name>__mspabi_slli_4</name>
         <value>0x1c54</value>
         <object_component_ref idref="oc-117"/>
      </symbol>
      <symbol id="sm-338">
         <name>__mspabi_slli_3</name>
         <value>0x1c56</value>
         <object_component_ref idref="oc-117"/>
      </symbol>
      <symbol id="sm-339">
         <name>__mspabi_slli_2</name>
         <value>0x1c58</value>
         <object_component_ref idref="oc-117"/>
      </symbol>
      <symbol id="sm-33a">
         <name>__mspabi_slli_1</name>
         <value>0x1c5a</value>
         <object_component_ref idref="oc-117"/>
      </symbol>
      <symbol id="sm-33b">
         <name>__mspabi_slli_15</name>
         <value>0x1c3e</value>
         <object_component_ref idref="oc-117"/>
      </symbol>
      <symbol id="sm-33c">
         <name>__mspabi_slli_14</name>
         <value>0x1c40</value>
         <object_component_ref idref="oc-117"/>
      </symbol>
      <symbol id="sm-33d">
         <name>__mspabi_slli_13</name>
         <value>0x1c42</value>
         <object_component_ref idref="oc-117"/>
      </symbol>
      <symbol id="sm-33e">
         <name>__mspabi_slli_12</name>
         <value>0x1c44</value>
         <object_component_ref idref="oc-117"/>
      </symbol>
      <symbol id="sm-33f">
         <name>__mspabi_slli_11</name>
         <value>0x1c46</value>
         <object_component_ref idref="oc-117"/>
      </symbol>
      <symbol id="sm-340">
         <name>__mspabi_slli_10</name>
         <value>0x1c48</value>
         <object_component_ref idref="oc-117"/>
      </symbol>
      <symbol id="sm-34f">
         <name>memcpy</name>
         <value>0x1d56</value>
         <object_component_ref idref="oc-131"/>
      </symbol>
      <symbol id="sm-35a">
         <name>__mspabi_mpyi_hw</name>
         <value>0x1d42</value>
         <object_component_ref idref="oc-1f6"/>
      </symbol>
      <symbol id="sm-366">
         <name>_system_pre_init</name>
         <value>0x1dca</value>
         <object_component_ref idref="oc-14a"/>
      </symbol>
      <symbol id="sm-384">
         <name>_auto_init</name>
         <value>0x15e6</value>
         <object_component_ref idref="oc-150"/>
      </symbol>
      <symbol id="sm-39a">
         <name>copy_in</name>
         <value>0x183e</value>
         <object_component_ref idref="oc-19b"/>
      </symbol>
      <symbol id="sm-3a3">
         <name>_system_post_cinit</name>
         <value>0x1dce</value>
         <object_component_ref idref="oc-1a1"/>
      </symbol>
      <symbol id="sm-3a5">
         <name>__TI_BINIT_Base</name>
         <value>0x0</value>
      </symbol>
      <symbol id="sm-3a6">
         <name>__TI_BINIT_Limit</name>
         <value>0x0</value>
      </symbol>
      <symbol id="sm-3a7">
         <name>__TI_INITARRAY_Base</name>
         <value>0x0</value>
      </symbol>
      <symbol id="sm-3a8">
         <name>__TI_INITARRAY_Limit</name>
         <value>0x0</value>
      </symbol>
   </symbol_table>
   <title>Link successful</title>
</link_info>
