******************************************************************************
                  MSP430 Linker PC v16.9.6                     
******************************************************************************
>> Linked Sat Apr 28 14:09:18 2018

OUTPUT FILE NAME:   <Q07_18B20_SPIOLED_MSP430F14x_CCS74.out>
ENTRY POINT SYMBOL: "_c_int00_noargs_noexit"  address: 00001cea


MEMORY CONFIGURATION

         name            origin    length      used     unused   attr    fill
----------------------  --------  ---------  --------  --------  ----  --------
  SFR                   00000000   00000010  00000000  00000010  RWIX
  PERIPHERALS_8BIT      00000010   000000f0  00000000  000000f0  RWIX
  PERIPHERALS_16BIT     00000100   00000100  00000000  00000100  RWIX
  RAM                   00000200   00000800  000000a6  0000075a  RWIX
  INFOB                 00001000   00000080  00000000  00000080  RWIX
  INFOA                 00001080   00000080  00000000  00000080  RWIX
  FLASH                 00001100   0000eee0  000013e8  0000daf8  RWIX
  INT00                 0000ffe0   00000002  00000000  00000002  RWIX
  INT01                 0000ffe2   00000002  00000002  00000000  RWIX
  INT02                 0000ffe4   00000002  00000002  00000000  RWIX
  INT03                 0000ffe6   00000002  00000002  00000000  RWIX
  INT04                 0000ffe8   00000002  00000002  00000000  RWIX
  INT05                 0000ffea   00000002  00000002  00000000  RWIX
  INT06                 0000ffec   00000002  00000002  00000000  RWIX
  INT07                 0000ffee   00000002  00000002  00000000  RWIX
  INT08                 0000fff0   00000002  00000002  00000000  RWIX
  INT09                 0000fff2   00000002  00000002  00000000  RWIX
  INT10                 0000fff4   00000002  00000002  00000000  RWIX
  INT11                 0000fff6   00000002  00000002  00000000  RWIX
  INT12                 0000fff8   00000002  00000002  00000000  RWIX
  INT13                 0000fffa   00000002  00000002  00000000  RWIX
  INT14                 0000fffc   00000002  00000002  00000000  RWIX
  RESET                 0000fffe   00000002  00000002  00000000  RWIX


SECTION ALLOCATION MAP

 output                                  attributes/
section   page    origin      length       input sections
--------  ----  ----------  ----------   ----------------
.bss       0    00000200    00000056     UNINITIALIZED
                  00000200    00000048     (.common:dev)
                  00000248    0000000c     (.common:temp)
                  00000254    00000002     (.common:p_dev)

.stack     0    000009b0    00000050     UNINITIALIZED
                  000009b0    00000002     rts430_eabi.lib : boot.obj (.stack)
                  000009b2    0000004e     --HOLE--

.text      0    00001100    00000cd2     
                  00001100    0000015e     ds18b20.obj (.text:ds18b20_float_2_ascii)
                  0000125e    00000134     oled.obj (.text:OLED_Init)
                  00001392    000000c4     rts430_eabi.lib : fs_mpy.obj (.text)
                  00001456    000000a0     ds18b20.obj (.text:ds18b20_get_temp)
                  000014f6    0000007e     rts430_eabi.lib : fs_tol.obj (.text)
                  00001574    00000072     ds18b20.obj (.text:ds18b20_config)
                  000015e6    0000006e     rts430_eabi.lib : autoinit.obj (.text:_auto_init)
                  00001654    0000006e     main.obj (.text:do_tast)
                  000016c2    00000062     main.obj (.text:DS18B20_INIT)
                  00001724    00000062     main.obj (.text:uart_0_send_temp)
                  00001786    0000005c     main.obj (.text:GPIO_INIT)
                  000017e2    0000005c     oled.obj (.text:OLED_ShowChar)
                  0000183e    0000005a     rts430_eabi.lib : cpy_tbl.obj (.text:copy_in)
                  00001898    00000058                     : div32u.obj (.text)
                  000018f0    00000056     main.obj (.text:UART_INIT)
                  00001946    00000056     ds18b20.obj (.text:ds18b20_read_byte)
                  0000199c    0000004e     ds18b20.obj (.text:ds18b20_init)
                  000019ea    0000004e     ds18b20.obj (.text:ds18b20_write_byte)
                  00001a38    0000004a     oled.obj (.text:OLED_WR_Byte)
                  00001a82    0000004a     rts430_eabi.lib : fs_cmp.obj (.text)
                  00001acc    00000040                     : div32s.obj (.text)
                  00001b0c    00000036     oled.obj (.text:OLED_ShowString)
                  00001b42    00000036     rts430_eabi.lib : fs_itof.obj (.text)
                  00001b78    00000034     oled.obj (.text:OLED_Clear)
                  00001bac    0000002e     ds18b20.obj (.text:ds18b20_save_temp_string)
                  00001bda    0000002c     main.obj (.text:main)
                  00001c06    0000002c     rts430_eabi.lib : asr16.obj (.text)
                  00001c32    0000002c                     : lsl16.obj (.text)
                  00001c5e    0000002a     oled.obj (.text:OLED_Set_Pos)
                  00001c88    00000026     ds18b20.obj (.text:ds18b20_read_bytes)
                  00001cae    0000001e     ds18b20.obj (.text:ds18b20_check_crc)
                  00001ccc    0000001e     ds18b20.obj (.text:ds18b20_read_id)
                  00001cea    0000001a     rts430_eabi.lib : boot_special.obj (.text:_c_int00_noargs_noexit)
                  00001d04    00000016     main.obj (.text:uart_0_send_str)
                  00001d1a    00000014     main.obj (.text:SYSTEM_INIT)
                  00001d2e    00000014     rts430_eabi.lib : copy_zero_init.obj (.text:decompress:ZI:__TI_zero_init)
                  00001d42    00000014                     : mult16_hw.obj (.text)
                  00001d56    00000012                     : memcpy.obj (.text:memcpy)
                  00001d68    00000010                     : epilog.obj (.text)
                  00001d78    0000000e     main.obj (.text:uart_0_put_char)
                  00001d86    0000000c     ds18b20.obj (.text:ds18b20_hw_read_line)
                  00001d92    0000000a     ds18b20.obj (.text:ds18b20_hw_set_high)
                  00001d9c    0000000a     ds18b20.obj (.text:ds18b20_hw_set_low)
                  00001da6    0000000a     rts430_eabi.lib : fs_neg.obj (.text)
                  00001db0    00000008                     : isr_trap.obj (.text:_isr:__TI_ISR_TRAP)
                  00001db8    00000006                     : exit.obj (.text:abort)
                  00001dbe    00000006     main.obj (.text:alarm)
                  00001dc4    00000006     main.obj (.text:no_alarm)
                  00001dca    00000004     rts430_eabi.lib : pre_init.obj (.text:_system_pre_init)
                  00001dce    00000002                     : startup.obj (.text:_system_post_cinit)
                  00001dd0    00000002     ds18b20.obj (.text:ds18b20_reset)

.binit     0    00001100    00000000     

.const     0    00001dd2    0000070c     
                  00001dd2    000005f0     oled.obj (.const:.string:F8X16)
                  000023c2    00000100     ds18b20.obj (.const:.string:crc_table)
                  000024c2    0000000e     main.obj (.const:.string)
                  000024d0    00000008     main.obj (.const:.string:temp_str)
                  000024d8    00000006     main.obj (.const:.string:oled_welcome_str)

.cinit     0    000024de    0000000a     
                  000024de    00000004     (.cinit..bss.load) [load image, compression = zero_init]
                  000024e2    00000002     (__TI_handler_table)
                  000024e4    00000004     (__TI_cinit_table)

.init_array 
*          0    00001100    00000000     UNINITIALIZED

PORT2      0    0000ffe2    00000002     
                  0000ffe2    00000002     rts430_eabi.lib : int01.obj (.int01)

USART1TX   0    0000ffe4    00000002     
                  0000ffe4    00000002     rts430_eabi.lib : int02.obj (.int02)

USART1RX   0    0000ffe6    00000002     
                  0000ffe6    00000002     rts430_eabi.lib : int03.obj (.int03)

PORT1      0    0000ffe8    00000002     
                  0000ffe8    00000002     rts430_eabi.lib : int04.obj (.int04)

TIMERA1    0    0000ffea    00000002     
                  0000ffea    00000002     rts430_eabi.lib : int05.obj (.int05)

TIMERA0    0    0000ffec    00000002     
                  0000ffec    00000002     rts430_eabi.lib : int06.obj (.int06)

ADC12      0    0000ffee    00000002     
                  0000ffee    00000002     rts430_eabi.lib : int07.obj (.int07)

USART0TX   0    0000fff0    00000002     
                  0000fff0    00000002     rts430_eabi.lib : int08.obj (.int08)

USART0RX   0    0000fff2    00000002     
                  0000fff2    00000002     rts430_eabi.lib : int09.obj (.int09)

WDT        0    0000fff4    00000002     
                  0000fff4    00000002     rts430_eabi.lib : int10.obj (.int10)

COMPARATORA 
*          0    0000fff6    00000002     
                  0000fff6    00000002     rts430_eabi.lib : int11.obj (.int11)

TIMERB1    0    0000fff8    00000002     
                  0000fff8    00000002     rts430_eabi.lib : int12.obj (.int12)

TIMERB0    0    0000fffa    00000002     
                  0000fffa    00000002     rts430_eabi.lib : int13.obj (.int13)

NMI        0    0000fffc    00000002     
                  0000fffc    00000002     rts430_eabi.lib : int14.obj (.int14)

.reset     0    0000fffe    00000002     
                  0000fffe    00000002     rts430_eabi.lib : boot.obj (.reset)

MODULE SUMMARY

       Module               code   ro data   rw data
       ------               ----   -------   -------
    .\
       oled.obj             622    1520      0      
       ds18b20.obj          1044   256       0      
       main.obj             596    28        86     
    +--+--------------------+------+---------+---------+
       Total:               2262   1804      86     
                                                    
    D:\opt\ti\ccsv7\tools\compiler\ti-cgt-msp430_16.9.6.LTS\lib\rts430_eabi.lib
       fs_mpy.obj           196    0         0      
       fs_tol.obj           126    0         0      
       autoinit.obj         110    0         0      
       cpy_tbl.obj          90     0         0      
       div32u.obj           88     0         0      
       fs_cmp.obj           74     0         0      
       div32s.obj           64     0         0      
       fs_itof.obj          54     0         0      
       asr16.obj            44     0         0      
       lsl16.obj            44     0         0      
       boot_special.obj     26     0         0      
       copy_zero_init.obj   20     0         0      
       mult16_hw.obj        20     0         0      
       memcpy.obj           18     0         0      
       epilog.obj           16     0         0      
       fs_neg.obj           10     0         0      
       isr_trap.obj         8      0         0      
       exit.obj             6      0         0      
       pre_init.obj         4      0         0      
       boot.obj             0      2         0      
       int01.obj            0      2         0      
       int02.obj            0      2         0      
       int03.obj            0      2         0      
       int04.obj            0      2         0      
       int05.obj            0      2         0      
       int06.obj            0      2         0      
       int07.obj            0      2         0      
       int08.obj            0      2         0      
       int09.obj            0      2         0      
       int10.obj            0      2         0      
       int11.obj            0      2         0      
       int12.obj            0      2         0      
       int13.obj            0      2         0      
       int14.obj            0      2         0      
       startup.obj          2      0         0      
    +--+--------------------+------+---------+---------+
       Total:               1020   30        0      
                                                    
       Stack:               0      0         80     
       Linker Generated:    0      10        0      
    +--+--------------------+------+---------+---------+
       Grand Total:         3282   1844      166    


LINKER GENERATED COPY TABLES

__TI_cinit_table @ 000024e4 records: 1, size/record: 4, table size: 4
	.bss: load addr=000024de, load size=00000004 bytes, run addr=00000200, run size=00000056 bytes, compression=zero_init


LINKER GENERATED HANDLER TABLE

__TI_handler_table @ 000024e2 records: 1, size/record: 2, table size: 2
	index: 0, handler: __TI_zero_init


GLOBAL SYMBOLS: SORTED ALPHABETICALLY BY Name 

address   name                    
-------   ----                    
000001a0  ADC12CTL0               
000001a2  ADC12CTL1               
000001a6  ADC12IE                 
000001a4  ADC12IFG                
000001a8  ADC12IV                 
00000080  ADC12MCTL0              
00000081  ADC12MCTL1              
0000008a  ADC12MCTL10             
0000008b  ADC12MCTL11             
0000008c  ADC12MCTL12             
0000008d  ADC12MCTL13             
0000008e  ADC12MCTL14             
0000008f  ADC12MCTL15             
00000082  ADC12MCTL2              
00000083  ADC12MCTL3              
00000084  ADC12MCTL4              
00000085  ADC12MCTL5              
00000086  ADC12MCTL6              
00000087  ADC12MCTL7              
00000088  ADC12MCTL8              
00000089  ADC12MCTL9              
00000140  ADC12MEM0               
00000142  ADC12MEM1               
00000154  ADC12MEM10              
00000156  ADC12MEM11              
00000158  ADC12MEM12              
0000015a  ADC12MEM13              
0000015c  ADC12MEM14              
0000015e  ADC12MEM15              
00000144  ADC12MEM2               
00000146  ADC12MEM3               
00000148  ADC12MEM4               
0000014a  ADC12MEM5               
0000014c  ADC12MEM6               
0000014e  ADC12MEM7               
00000150  ADC12MEM8               
00000152  ADC12MEM9               
00000057  BCSCTL1                 
00000058  BCSCTL2                 
00001db8  C$$EXIT                 
00000059  CACTL1                  
0000005a  CACTL2                  
0000005b  CAPD                    
00000056  DCOCTL                  
000016c2  DS18B20_INIT            
00001dd2  F8X16                   
00000128  FCTL1                   
0000012a  FCTL2                   
0000012c  FCTL3                   
00001786  GPIO_INIT               
00000000  IE1                     
00000001  IE2                     
00000002  IFG1                    
00000003  IFG2                    
00000134  MAC                     
00000136  MACS                    
00000004  ME1                     
00000005  ME2                     
00000130  MPY                     
00000132  MPYS                    
00001b78  OLED_Clear              
0000125e  OLED_Init               
00001c5e  OLED_Set_Pos            
000017e2  OLED_ShowChar           
00001b0c  OLED_ShowString         
00001a38  OLED_WR_Byte            
00000138  OP2                     
00000022  P1DIR                   
00000025  P1IE                    
00000024  P1IES                   
00000023  P1IFG                   
00000020  P1IN                    
00000021  P1OUT                   
00000026  P1SEL                   
0000002a  P2DIR                   
0000002d  P2IE                    
0000002c  P2IES                   
0000002b  P2IFG                   
00000028  P2IN                    
00000029  P2OUT                   
0000002e  P2SEL                   
0000001a  P3DIR                   
00000018  P3IN                    
00000019  P3OUT                   
0000001b  P3SEL                   
0000001e  P4DIR                   
0000001c  P4IN                    
0000001d  P4OUT                   
0000001f  P4SEL                   
00000032  P5DIR                   
00000030  P5IN                    
00000031  P5OUT                   
00000033  P5SEL                   
00000036  P6DIR                   
00000034  P6IN                    
00000035  P6OUT                   
00000037  P6SEL                   
0000013c  RESHI                   
0000013a  RESLO                   
0000013e  SUMEXT                  
00001d1a  SYSTEM_INIT             
00000172  TACCR0                  
00000174  TACCR1                  
00000176  TACCR2                  
00000162  TACCTL0                 
00000164  TACCTL1                 
00000166  TACCTL2                 
00000160  TACTL                   
0000012e  TAIV                    
00000170  TAR                     
00000192  TBCCR0                  
00000194  TBCCR1                  
00000196  TBCCR2                  
00000198  TBCCR3                  
0000019a  TBCCR4                  
0000019c  TBCCR5                  
0000019e  TBCCR6                  
00000182  TBCCTL0                 
00000184  TBCCTL1                 
00000186  TBCCTL2                 
00000188  TBCCTL3                 
0000018a  TBCCTL4                 
0000018c  TBCCTL5                 
0000018e  TBCCTL6                 
00000180  TBCTL                   
0000011e  TBIV                    
00000190  TBR                     
00000074  U0BR0                   
00000075  U0BR1                   
00000070  U0CTL                   
00000073  U0MCTL                  
00000072  U0RCTL                  
00000076  U0RXBUF                 
00000071  U0TCTL                  
00000077  U0TXBUF                 
0000007c  U1BR0                   
0000007d  U1BR1                   
00000078  U1CTL                   
0000007b  U1MCTL                  
0000007a  U1RCTL                  
0000007e  U1RXBUF                 
00000079  U1TCTL                  
0000007f  U1TXBUF                 
000018f0  UART_INIT               
00000120  WDTCTL                  
00000a00  __STACK_END             
00000050  __STACK_SIZE            
UNDEFED   __TI_BINIT_Base         
UNDEFED   __TI_BINIT_Limit        
000024e4  __TI_CINIT_Base         
000024e8  __TI_CINIT_Limit        
000024e2  __TI_Handler_Table_Base 
000024e4  __TI_Handler_Table_Limit
UNDEFED   __TI_INITARRAY_Base     
UNDEFED   __TI_INITARRAY_Limit    
00001db0  __TI_ISR_TRAP           
0000ffe2  __TI_int01              
0000ffe4  __TI_int02              
0000ffe6  __TI_int03              
0000ffe8  __TI_int04              
0000ffea  __TI_int05              
0000ffec  __TI_int06              
0000ffee  __TI_int07              
0000fff0  __TI_int08              
0000fff2  __TI_int09              
0000fff4  __TI_int10              
0000fff6  __TI_int11              
0000fff8  __TI_int12              
0000fffa  __TI_int13              
0000fffc  __TI_int14              
ffffffff  __TI_pprof_out_hndl     
ffffffff  __TI_prof_data_size     
ffffffff  __TI_prof_data_start    
00001d2e  __TI_zero_init          
ffffffff  __c_args__              
00001a82  __mspabi_cmpf           
00001acc  __mspabi_divli          
00001898  __mspabi_divul          
000014f6  __mspabi_fixfli         
00001b42  __mspabi_fltif          
00001d74  __mspabi_func_epilog_1  
00001d72  __mspabi_func_epilog_2  
00001d70  __mspabi_func_epilog_3  
00001d6e  __mspabi_func_epilog_4  
00001d6c  __mspabi_func_epilog_5  
00001d6a  __mspabi_func_epilog_6  
00001d68  __mspabi_func_epilog_7  
00001392  __mspabi_mpyf           
00001d42  __mspabi_mpyi_hw        
00001da6  __mspabi_negf           
00001acc  __mspabi_remli          
00001898  __mspabi_remul          
00001c32  __mspabi_slli           
00001c5a  __mspabi_slli_1         
00001c48  __mspabi_slli_10        
00001c46  __mspabi_slli_11        
00001c44  __mspabi_slli_12        
00001c42  __mspabi_slli_13        
00001c40  __mspabi_slli_14        
00001c3e  __mspabi_slli_15        
00001c58  __mspabi_slli_2         
00001c56  __mspabi_slli_3         
00001c54  __mspabi_slli_4         
00001c52  __mspabi_slli_5         
00001c50  __mspabi_slli_6         
00001c4e  __mspabi_slli_7         
00001c4c  __mspabi_slli_8         
00001c4a  __mspabi_slli_9         
00001c06  __mspabi_srai           
00001c2e  __mspabi_srai_1         
00001c1c  __mspabi_srai_10        
00001c1a  __mspabi_srai_11        
00001c18  __mspabi_srai_12        
00001c16  __mspabi_srai_13        
00001c14  __mspabi_srai_14        
00001c12  __mspabi_srai_15        
00001c2c  __mspabi_srai_2         
00001c2a  __mspabi_srai_3         
00001c28  __mspabi_srai_4         
00001c26  __mspabi_srai_5         
00001c24  __mspabi_srai_6         
00001c22  __mspabi_srai_7         
00001c20  __mspabi_srai_8         
00001c1e  __mspabi_srai_9         
000015e6  _auto_init              
00001cea  _c_int00_noargs_noexit  
0000fffe  _reset_vector           
000009b0  _stack                  
00001dce  _system_post_cinit      
00001dca  _system_pre_init        
00001db8  abort                   
00001dbe  alarm                   
0000183e  copy_in                 
000023c2  crc_table               
00000200  dev                     
00001654  do_tast                 
00001cae  ds18b20_check_crc       
00001574  ds18b20_config          
00001100  ds18b20_float_2_ascii   
00001456  ds18b20_get_temp        
00001d86  ds18b20_hw_read_line    
00001d92  ds18b20_hw_set_high     
00001d9c  ds18b20_hw_set_low      
0000199c  ds18b20_init            
00001946  ds18b20_read_byte       
00001c88  ds18b20_read_bytes      
00001ccc  ds18b20_read_id         
00001dd0  ds18b20_reset           
00001bac  ds18b20_save_temp_string
000019ea  ds18b20_write_byte      
00001bda  main                    
00001d56  memcpy                  
00001dc4  no_alarm                
000024d8  oled_welcome_str        
00000254  p_dev                   
00000248  temp                    
000024d0  temp_str                
00001d78  uart_0_put_char         
00001d04  uart_0_send_str         
00001724  uart_0_send_temp        


GLOBAL SYMBOLS: SORTED BY Symbol Address 

address   name                    
-------   ----                    
00000000  IE1                     
00000001  IE2                     
00000002  IFG1                    
00000003  IFG2                    
00000004  ME1                     
00000005  ME2                     
00000018  P3IN                    
00000019  P3OUT                   
0000001a  P3DIR                   
0000001b  P3SEL                   
0000001c  P4IN                    
0000001d  P4OUT                   
0000001e  P4DIR                   
0000001f  P4SEL                   
00000020  P1IN                    
00000021  P1OUT                   
00000022  P1DIR                   
00000023  P1IFG                   
00000024  P1IES                   
00000025  P1IE                    
00000026  P1SEL                   
00000028  P2IN                    
00000029  P2OUT                   
0000002a  P2DIR                   
0000002b  P2IFG                   
0000002c  P2IES                   
0000002d  P2IE                    
0000002e  P2SEL                   
00000030  P5IN                    
00000031  P5OUT                   
00000032  P5DIR                   
00000033  P5SEL                   
00000034  P6IN                    
00000035  P6OUT                   
00000036  P6DIR                   
00000037  P6SEL                   
00000050  __STACK_SIZE            
00000056  DCOCTL                  
00000057  BCSCTL1                 
00000058  BCSCTL2                 
00000059  CACTL1                  
0000005a  CACTL2                  
0000005b  CAPD                    
00000070  U0CTL                   
00000071  U0TCTL                  
00000072  U0RCTL                  
00000073  U0MCTL                  
00000074  U0BR0                   
00000075  U0BR1                   
00000076  U0RXBUF                 
00000077  U0TXBUF                 
00000078  U1CTL                   
00000079  U1TCTL                  
0000007a  U1RCTL                  
0000007b  U1MCTL                  
0000007c  U1BR0                   
0000007d  U1BR1                   
0000007e  U1RXBUF                 
0000007f  U1TXBUF                 
00000080  ADC12MCTL0              
00000081  ADC12MCTL1              
00000082  ADC12MCTL2              
00000083  ADC12MCTL3              
00000084  ADC12MCTL4              
00000085  ADC12MCTL5              
00000086  ADC12MCTL6              
00000087  ADC12MCTL7              
00000088  ADC12MCTL8              
00000089  ADC12MCTL9              
0000008a  ADC12MCTL10             
0000008b  ADC12MCTL11             
0000008c  ADC12MCTL12             
0000008d  ADC12MCTL13             
0000008e  ADC12MCTL14             
0000008f  ADC12MCTL15             
0000011e  TBIV                    
00000120  WDTCTL                  
00000128  FCTL1                   
0000012a  FCTL2                   
0000012c  FCTL3                   
0000012e  TAIV                    
00000130  MPY                     
00000132  MPYS                    
00000134  MAC                     
00000136  MACS                    
00000138  OP2                     
0000013a  RESLO                   
0000013c  RESHI                   
0000013e  SUMEXT                  
00000140  ADC12MEM0               
00000142  ADC12MEM1               
00000144  ADC12MEM2               
00000146  ADC12MEM3               
00000148  ADC12MEM4               
0000014a  ADC12MEM5               
0000014c  ADC12MEM6               
0000014e  ADC12MEM7               
00000150  ADC12MEM8               
00000152  ADC12MEM9               
00000154  ADC12MEM10              
00000156  ADC12MEM11              
00000158  ADC12MEM12              
0000015a  ADC12MEM13              
0000015c  ADC12MEM14              
0000015e  ADC12MEM15              
00000160  TACTL                   
00000162  TACCTL0                 
00000164  TACCTL1                 
00000166  TACCTL2                 
00000170  TAR                     
00000172  TACCR0                  
00000174  TACCR1                  
00000176  TACCR2                  
00000180  TBCTL                   
00000182  TBCCTL0                 
00000184  TBCCTL1                 
00000186  TBCCTL2                 
00000188  TBCCTL3                 
0000018a  TBCCTL4                 
0000018c  TBCCTL5                 
0000018e  TBCCTL6                 
00000190  TBR                     
00000192  TBCCR0                  
00000194  TBCCR1                  
00000196  TBCCR2                  
00000198  TBCCR3                  
0000019a  TBCCR4                  
0000019c  TBCCR5                  
0000019e  TBCCR6                  
000001a0  ADC12CTL0               
000001a2  ADC12CTL1               
000001a4  ADC12IFG                
000001a6  ADC12IE                 
000001a8  ADC12IV                 
00000200  dev                     
00000248  temp                    
00000254  p_dev                   
000009b0  _stack                  
00000a00  __STACK_END             
00001100  ds18b20_float_2_ascii   
0000125e  OLED_Init               
00001392  __mspabi_mpyf           
00001456  ds18b20_get_temp        
000014f6  __mspabi_fixfli         
00001574  ds18b20_config          
000015e6  _auto_init              
00001654  do_tast                 
000016c2  DS18B20_INIT            
00001724  uart_0_send_temp        
00001786  GPIO_INIT               
000017e2  OLED_ShowChar           
0000183e  copy_in                 
00001898  __mspabi_divul          
00001898  __mspabi_remul          
000018f0  UART_INIT               
00001946  ds18b20_read_byte       
0000199c  ds18b20_init            
000019ea  ds18b20_write_byte      
00001a38  OLED_WR_Byte            
00001a82  __mspabi_cmpf           
00001acc  __mspabi_divli          
00001acc  __mspabi_remli          
00001b0c  OLED_ShowString         
00001b42  __mspabi_fltif          
00001b78  OLED_Clear              
00001bac  ds18b20_save_temp_string
00001bda  main                    
00001c06  __mspabi_srai           
00001c12  __mspabi_srai_15        
00001c14  __mspabi_srai_14        
00001c16  __mspabi_srai_13        
00001c18  __mspabi_srai_12        
00001c1a  __mspabi_srai_11        
00001c1c  __mspabi_srai_10        
00001c1e  __mspabi_srai_9         
00001c20  __mspabi_srai_8         
00001c22  __mspabi_srai_7         
00001c24  __mspabi_srai_6         
00001c26  __mspabi_srai_5         
00001c28  __mspabi_srai_4         
00001c2a  __mspabi_srai_3         
00001c2c  __mspabi_srai_2         
00001c2e  __mspabi_srai_1         
00001c32  __mspabi_slli           
00001c3e  __mspabi_slli_15        
00001c40  __mspabi_slli_14        
00001c42  __mspabi_slli_13        
00001c44  __mspabi_slli_12        
00001c46  __mspabi_slli_11        
00001c48  __mspabi_slli_10        
00001c4a  __mspabi_slli_9         
00001c4c  __mspabi_slli_8         
00001c4e  __mspabi_slli_7         
00001c50  __mspabi_slli_6         
00001c52  __mspabi_slli_5         
00001c54  __mspabi_slli_4         
00001c56  __mspabi_slli_3         
00001c58  __mspabi_slli_2         
00001c5a  __mspabi_slli_1         
00001c5e  OLED_Set_Pos            
00001c88  ds18b20_read_bytes      
00001cae  ds18b20_check_crc       
00001ccc  ds18b20_read_id         
00001cea  _c_int00_noargs_noexit  
00001d04  uart_0_send_str         
00001d1a  SYSTEM_INIT             
00001d2e  __TI_zero_init          
00001d42  __mspabi_mpyi_hw        
00001d56  memcpy                  
00001d68  __mspabi_func_epilog_7  
00001d6a  __mspabi_func_epilog_6  
00001d6c  __mspabi_func_epilog_5  
00001d6e  __mspabi_func_epilog_4  
00001d70  __mspabi_func_epilog_3  
00001d72  __mspabi_func_epilog_2  
00001d74  __mspabi_func_epilog_1  
00001d78  uart_0_put_char         
00001d86  ds18b20_hw_read_line    
00001d92  ds18b20_hw_set_high     
00001d9c  ds18b20_hw_set_low      
00001da6  __mspabi_negf           
00001db0  __TI_ISR_TRAP           
00001db8  C$$EXIT                 
00001db8  abort                   
00001dbe  alarm                   
00001dc4  no_alarm                
00001dca  _system_pre_init        
00001dce  _system_post_cinit      
00001dd0  ds18b20_reset           
00001dd2  F8X16                   
000023c2  crc_table               
000024d0  temp_str                
000024d8  oled_welcome_str        
000024e2  __TI_Handler_Table_Base 
000024e4  __TI_CINIT_Base         
000024e4  __TI_Handler_Table_Limit
000024e8  __TI_CINIT_Limit        
0000ffe2  __TI_int01              
0000ffe4  __TI_int02              
0000ffe6  __TI_int03              
0000ffe8  __TI_int04              
0000ffea  __TI_int05              
0000ffec  __TI_int06              
0000ffee  __TI_int07              
0000fff0  __TI_int08              
0000fff2  __TI_int09              
0000fff4  __TI_int10              
0000fff6  __TI_int11              
0000fff8  __TI_int12              
0000fffa  __TI_int13              
0000fffc  __TI_int14              
0000fffe  _reset_vector           
ffffffff  __TI_pprof_out_hndl     
ffffffff  __TI_prof_data_size     
ffffffff  __TI_prof_data_start    
ffffffff  __c_args__              
UNDEFED   __TI_BINIT_Base         
UNDEFED   __TI_BINIT_Limit        
UNDEFED   __TI_INITARRAY_Base     
UNDEFED   __TI_INITARRAY_Limit    

[260 symbols]
